157.55.39.202 - - [20/Mar/2016:09:37:31 +0800] "GET /category.php?id=1611&price_min=4&price_max=9&filter_attr=0.1631.0.0.1634 HTTP/1.1" 404 505 "-" "Mozilla/5.0 (compatible; bingbot/2.0; +http://www.bing.com/bingbot.htm)"
101.226.169.199 - - [20/Mar/2016:09:38:11 +0800] "GET /comment_add.php?id=2617 HTTP/1.1" 404 508 "http://ok-helpyou.com/comment_add.php?id=2617" "Mozilla/5.0 (Windows NT 6.1) AppleWebKit/537.1 (KHTML, like Gecko) Chrome/21.0.1180.89 Safari/537.1; 360Spider(compatible; HaosouSpider; http://www.haosou.com/help/help_3_2.html)"
157.55.39.117 - - [20/Mar/2016:09:38:31 +0800] "GET /category.php?id=1654&brand=85&price_min=38&price_max=43&filter_attr=0.0.0.2754.0 HTTP/1.1" 404 505 "-" "Mozilla/5.0 (compatible; bingbot/2.0; +http://www.bing.com/bingbot.htm)"
157.55.39.117 - - [20/Mar/2016:09:38:32 +0800] "GET /category.php?id=929&price_min=0&price_max=0&filter_attr=2447.0.2446 HTTP/1.1" 404 504 "-" "Mozilla/5.0 (compatible; bingbot/2.0; +http://www.bing.com/bingbot.htm)"
157.55.39.202 - - [20/Mar/2016:09:38:38 +0800] "GET /category.php?id=1647&price_min=0&price_max=0&filter_attr=1825.0.0.0.1880&page=2&sort=goods_id&order=DESC HTTP/1.1" 404 505 "-" "Mozilla/5.0 (compatible; bingbot/2.0; +http://www.bing.com/bingbot.htm)"
157.55.39.202 - - [20/Mar/2016:09:38:38 +0800] "GET /category.php?id=1646&price_min=0&price_max=0&filter_attr=0.1496.1762.1513.0 HTTP/1.1" 404 504 "-" "Mozilla/5.0 (compatible; bingbot/2.0; +http://www.bing.com/bingbot.htm)"
157.55.39.227 - - [20/Mar/2016:09:38:58 +0800] "GET /category.php?id=1611&brand=76&price_min=24&price_max=29&filter_attr=0.1631.0.0.0 HTTP/1.1" 404 505 "-" "Mozilla/5.0 (compatible; bingbot/2.0; +http://www.bing.com/bingbot.htm)"
157.55.39.227 - - [20/Mar/2016:09:38:59 +0800] "GET /category.php?category=1633&display=grid&brand=0&price_min=16&price_max=21&filter_attr=0.0.0.2339.0.0&page=1&sort=goods_id&order=ASC HTTP/1.1" 404 504 "-" "Mozilla/5.0 (compatible; bingbot/2.0; +http://www.bing.com/bingbot.htm)"
157.55.39.227 - - [20/Mar/2016:09:38:59 +0800] "GET /category.php?category=1703&display=grid&brand=0&price_min=720&price_max=840&filter_attr=0.0.0.0&page=1&sort=click_count&order=DESC HTTP/1.1" 404 504 "-" "Mozilla/5.0 (compatible; bingbot/2.0; +http://www.bing.com/bingbot.htm)"
157.55.39.227 - - [20/Mar/2016:09:39:01 +0800] "GET /category.php?id=1646&brand=96&price_min=0&price_max=0&filter_attr=1525.1494.0.0.0 HTTP/1.1" 404 505 "-" "Mozilla/5.0 (compatible; bingbot/2.0; +http://www.bing.com/bingbot.htm)"
157.55.39.227 - - [20/Mar/2016:09:39:01 +0800] "GET /category.php?id=1633&brand=70&price_min=0&price_max=0&filter_attr=0.0.1429.1435.0.0 HTTP/1.1" 404 504 "-" "Mozilla/5.0 (compatible; bingbot/2.0; +http://www.bing.com/bingbot.htm)"
157.55.39.202 - - [20/Mar/2016:09:39:39 +0800] "GET /category.php?category=1611&display=grid&brand=77&price_min=0&price_max=0&filter_attr=0&page=1&sort=click_count&order=DESC HTTP/1.1" 404 505 "-" "Mozilla/5.0 (compatible; bingbot/2.0; +http://www.bing.com/bingbot.htm)"
157.55.39.176 - - [20/Mar/2016:09:39:43 +0800] "GET /category.php?id=565&brand=31&price_min=0&price_max=0&filter_attr=8459.0 HTTP/1.1" 404 505 "-" "Mozilla/5.0 (compatible; bingbot/2.0; +http://www.bing.com/bingbot.htm)"
157.55.39.176 - - [20/Mar/2016:09:39:43 +0800] "GET /category.php?id=926&brand=87&price_min=37&price_max=46&filter_attr=0.3027.0 HTTP/1.1" 404 504 "-" "Mozilla/5.0 (compatible; bingbot/2.0; +http://www.bing.com/bingbot.htm)"
157.55.39.176 - - [20/Mar/2016:09:39:44 +0800] "GET /category.php?id=534&price_min=490&price_max=500&filter_attr=0.0.0.6038 HTTP/1.1" 404 504 "-" "Mozilla/5.0 (compatible; bingbot/2.0; +http://www.bing.com/bingbot.htm)"
157.55.39.117 - - [20/Mar/2016:09:40:10 +0800] "GET /category.php?id=1633&brand=101&price_min=0&price_max=0&filter_attr=1427.0.3492.0.1436.0 HTTP/1.1" 404 505 "-" "Mozilla/5.0 (compatible; bingbot/2.0; +http://www.bing.com/bingbot.htm)"
157.55.39.202 - - [20/Mar/2016:09:40:14 +0800] "GET /brand.php?category=0&display=grid&brand=130&price_min=&price_max=&filter_attr=&page=1&sort=last_update&order=DESC HTTP/1.1" 404 502 "-" "Mozilla/5.0 (compatible; bingbot/2.0; +http://www.bing.com/bingbot.htm)"
157.55.39.202 - - [20/Mar/2016:09:40:39 +0800] "GET /category.php?category=707&display=grid&brand=30&price_min=6000&price_max=7200&filter_attr=0&page=1&sort=last_update&order=DESC HTTP/1.1" 404 505 "-" "Mozilla/5.0 (compatible; bingbot/2.0; +http://www.bing.com/bingbot.htm)"
157.55.39.117 - - [20/Mar/2016:09:41:08 +0800] "GET /category.php?id=512&price_min=10000&price_max=12000&filter_attr=0.0.0.0.10064 HTTP/1.1" 404 505 "-" "Mozilla/5.0 (compatible; bingbot/2.0; +http://www.bing.com/bingbot.htm)"
157.55.39.202 - - [20/Mar/2016:09:41:40 +0800] "GET /category.php?category=2762&display=grid&brand=0&price_min=0&price_max=0&filter_attr=0&page=1&sort=click_count&order=ASC HTTP/1.1" 404 505 "-" "Mozilla/5.0 (compatible; bingbot/2.0; +http://www.bing.com/bingbot.htm)"
157.55.39.202 - - [20/Mar/2016:09:42:00 +0800] "GET /category.php?id=1633&brand=79&price_min=0&price_max=0&filter_attr=0.0.3492.2339.0.0 HTTP/1.1" 404 505 "-" "Mozilla/5.0 (compatible; bingbot/2.0; +http://www.bing.com/bingbot.htm)"
157.55.39.202 - - [20/Mar/2016:09:42:26 +0800] "GET /category.php?id=926&brand=39&price_min=64&price_max=73 HTTP/1.1" 404 505 "-" "Mozilla/5.0 (compatible; bingbot/2.0; +http://www.bing.com/bingbot.htm)"
157.55.39.202 - - [20/Mar/2016:09:42:26 +0800] "GET /category.php?category=2303&display=grid&brand=0&price_min=0&price_max=0&filter_attr=0&page=1&sort=goods_id&order=DESC HTTP/1.1" 404 504 "-" "Mozilla/5.0 (compatible; bingbot/2.0; +http://www.bing.com/bingbot.htm)"
157.55.39.202 - - [20/Mar/2016:09:42:27 +0800] "GET /category.php?category=2649&display=grid&brand=0&price_min=0&price_max=0&filter_attr=0&page=1&sort=goods_id&order=ASC HTTP/1.1" 404 505 "-" "Mozilla/5.0 (compatible; bingbot/2.0; +http://www.bing.com/bingbot.htm)"
157.55.39.176 - - [20/Mar/2016:09:42:51 +0800] "GET /brand.php?category=0&display=grid&brand=13&price_min=&price_max=&filter_attr=&page=1&sort=goods_id&order=ASC HTTP/1.1" 404 502 "-" "Mozilla/5.0 (compatible; bingbot/2.0; +http://www.bing.com/bingbot.htm)"
157.55.39.202 - - [20/Mar/2016:09:44:16 +0800] "GET /category.php?category=2223&display=grid&brand=0&price_min=0&price_max=0&filter_attr=0&page=1&sort=last_update&order=DESC HTTP/1.1" 404 505 "-" "Mozilla/5.0 (compatible; bingbot/2.0; +http://www.bing.com/bingbot.htm)"
157.55.39.117 - - [20/Mar/2016:09:44:36 +0800] "GET /category.php?id=578&brand=32&price_min=29&price_max=34 HTTP/1.1" 404 505 "-" "Mozilla/5.0 (compatible; bingbot/2.0; +http://www.bing.com/bingbot.htm)"
157.55.39.117 - - [20/Mar/2016:09:44:36 +0800] "GET /category.php?id=1857 HTTP/1.1" 404 504 "-" "Mozilla/5.0 (compatible; bingbot/2.0; +http://www.bing.com/bingbot.htm)"
157.55.39.117 - - [20/Mar/2016:09:45:09 +0800] "GET /category.php?id=1633&price_min=21&price_max=26&filter_attr=0.0.2344.2339.1436.0 HTTP/1.1" 404 505 "-" "Mozilla/5.0 (compatible; bingbot/2.0; +http://www.bing.com/bingbot.htm)"
157.55.39.202 - - [20/Mar/2016:09:45:34 +0800] "GET /category.php?id=1633&brand=102&price_min=1&price_max=6&filter_attr=0.0.1429.0.1436.0 HTTP/1.1" 404 505 "-" "Mozilla/5.0 (compatible; bingbot/2.0; +http://www.bing.com/bingbot.htm)"
157.55.39.202 - - [20/Mar/2016:09:45:48 +0800] "GET /category.php?id=569&brand=148&price_min=0&price_max=1&filter_attr=8649.0.0 HTTP/1.1" 404 505 "-" "Mozilla/5.0 (compatible; bingbot/2.0; +http://www.bing.com/bingbot.htm)"
157.55.39.176 - - [20/Mar/2016:09:46:06 +0800] "GET /category.php?category=1633&display=grid&brand=87&price_min=0&price_max=0&filter_attr=0.0.1429.2339.0.0&page=1&sort=click_count&order=DESC HTTP/1.1" 404 505 "-" "Mozilla/5.0 (compatible; bingbot/2.0; +http://www.bing.com/bingbot.htm)"
157.55.39.117 - - [20/Mar/2016:09:46:11 +0800] "GET /category.php?id=565&price_min=280&price_max=350&filter_attr=8444.7465 HTTP/1.1" 404 505 "-" "Mozilla/5.0 (compatible; bingbot/2.0; +http://www.bing.com/bingbot.htm)"
157.55.39.117 - - [20/Mar/2016:09:46:11 +0800] "GET /category.php?id=577&price_min=20&price_max=24 HTTP/1.1" 404 504 "-" "Mozilla/5.0 (compatible; bingbot/2.0; +http://www.bing.com/bingbot.htm)"
157.55.39.202 - - [20/Mar/2016:09:46:24 +0800] "GET /category.php?id=929&price_min=19&price_max=23&filter_attr=2877.0.0 HTTP/1.1" 404 505 "-" "Mozilla/5.0 (compatible; bingbot/2.0; +http://www.bing.com/bingbot.htm)"
157.55.39.227 - - [20/Mar/2016:09:47:24 +0800] "GET /category.php?id=565&price_min=210&price_max=280&filter_attr=8459.0 HTTP/1.1" 404 505 "-" "Mozilla/5.0 (compatible; bingbot/2.0; +http://www.bing.com/bingbot.htm)"
157.55.39.227 - - [20/Mar/2016:09:47:24 +0800] "GET /category.php?category=1611&display=grid&brand=0&price_min=0&price_max=0&filter_attr=0.2615.1362.1363.0&page=1&sort=goods_id&order=ASC HTTP/1.1" 404 504 "-" "Mozilla/5.0 (compatible; bingbot/2.0; +http://www.bing.com/bingbot.htm)"
157.55.39.227 - - [20/Mar/2016:09:47:25 +0800] "GET /category.php?id=926&price_min=1&price_max=10&filter_attr=2376.0.0 HTTP/1.1" 404 504 "-" "Mozilla/5.0 (compatible; bingbot/2.0; +http://www.bing.com/bingbot.htm)"
157.55.39.227 - - [20/Mar/2016:09:47:25 +0800] "GET /category.php?id=569&price_min=30&price_max=60&filter_attr=0.6467.0 HTTP/1.1" 404 504 "-" "Mozilla/5.0 (compatible; bingbot/2.0; +http://www.bing.com/bingbot.htm)"
157.55.39.227 - - [20/Mar/2016:09:47:25 +0800] "GET /category.php?category=1647&display=grid&brand=0&price_min=24&price_max=31&filter_attr=0.1861.0.0.0&page=1&sort=last_update&order=DESC HTTP/1.1" 404 504 "-" "Mozilla/5.0 (compatible; bingbot/2.0; +http://www.bing.com/bingbot.htm)"
123.125.71.25 - - [20/Mar/2016:09:48:05 +0800] "GET /mobile/brand.php?category=0&display=grid&brand=32&price_min=&price_max=&filter_attr=&page=3&sort=last_update&order=DESC HTTP/1.1" 404 476 "-" "Mozilla/5.0 (compatible; Baiduspider/2.0; +http://www.baidu.com/search/spider.html)"
157.55.39.117 - - [20/Mar/2016:09:48:30 +0800] "GET /category.php?category=681&display=grid&brand=0&price_min=0&price_max=0&filter_attr=0&page=1&sort=goods_id&order=ASC HTTP/1.1" 404 505 "-" "Mozilla/5.0 (compatible; bingbot/2.0; +http://www.bing.com/bingbot.htm)"
157.55.39.117 - - [20/Mar/2016:09:48:30 +0800] "GET /category.php?id=1646&brand=76&price_min=56&price_max=70&filter_attr=0.0.1707.0.0 HTTP/1.1" 404 504 "-" "Mozilla/5.0 (compatible; bingbot/2.0; +http://www.bing.com/bingbot.htm)"
157.55.39.117 - - [20/Mar/2016:09:49:09 +0800] "GET /category.php?category=1646&display=grid&brand=0&price_min=84&price_max=98&filter_attr=0.1494.0.0.0&page=1&sort=goods_id&order=DESC HTTP/1.1" 404 505 "-" "Mozilla/5.0 (compatible; bingbot/2.0; +http://www.bing.com/bingbot.htm)"
157.55.39.202 - - [20/Mar/2016:09:49:21 +0800] "GET /category.php?category=1611&display=grid&brand=77&price_min=0&price_max=0&filter_attr=1360.0.0.0.0&page=1&sort=click_count&order=DESC HTTP/1.1" 404 505 "-" "Mozilla/5.0 (compatible; bingbot/2.0; +http://www.bing.com/bingbot.htm)"
157.55.39.202 - - [20/Mar/2016:09:49:36 +0800] "GET /category.php?id=594&brand=202&price_min=2400&price_max=3000 HTTP/1.1" 404 505 "-" "Mozilla/5.0 (compatible; bingbot/2.0; +http://www.bing.com/bingbot.htm)"
157.55.39.202 - - [20/Mar/2016:09:49:58 +0800] "GET /category.php?id=565&brand=32&price_min=0&price_max=0&filter_attr=8405.7414 HTTP/1.1" 404 505 "-" "Mozilla/5.0 (compatible; bingbot/2.0; +http://www.bing.com/bingbot.htm)"
157.55.39.202 - - [20/Mar/2016:09:49:59 +0800] "GET /category.php?id=3186&price_min=0&price_max=0&filter_attr=2540.2545.0.0 HTTP/1.1" 404 505 "-" "Mozilla/5.0 (compatible; bingbot/2.0; +http://www.bing.com/bingbot.htm)"
157.55.39.227 - - [20/Mar/2016:09:50:03 +0800] "GET /category.php?category=1611&display=grid&brand=65&price_min=0&price_max=0&filter_attr=2604.0.0.0.0&page=1&sort=click_count&order=DESC HTTP/1.1" 404 505 "-" "Mozilla/5.0 (compatible; bingbot/2.0; +http://www.bing.com/bingbot.htm)"
157.55.39.227 - - [20/Mar/2016:09:50:04 +0800] "GET /category.php?id=565&price_min=240&price_max=280&filter_attr=0.7465 HTTP/1.1" 404 504 "-" "Mozilla/5.0 (compatible; bingbot/2.0; +http://www.bing.com/bingbot.htm)"
157.55.39.227 - - [20/Mar/2016:09:50:04 +0800] "GET /category.php?id=930&price_min=0&price_max=0&filter_attr=2354.2357 HTTP/1.1" 404 504 "-" "Mozilla/5.0 (compatible; bingbot/2.0; +http://www.bing.com/bingbot.htm)"
157.55.39.227 - - [20/Mar/2016:09:50:05 +0800] "GET /category.php?category=2779&display=grid&brand=0&price_min=0&price_max=0&filter_attr=0&page=1&sort=shop_price&order=DESC HTTP/1.1" 404 505 "-" "Mozilla/5.0 (compatible; bingbot/2.0; +http://www.bing.com/bingbot.htm)"
157.55.39.227 - - [20/Mar/2016:09:50:05 +0800] "GET /category.php?id=1611&price_min=9&price_max=14&filter_attr=0.1361.1362.0.1364 HTTP/1.1" 404 504 "-" "Mozilla/5.0 (compatible; bingbot/2.0; +http://www.bing.com/bingbot.htm)"
157.55.39.176 - - [20/Mar/2016:09:50:14 +0800] "GET /category.php?id=1611&brand=65&price_min=24&price_max=29&filter_attr=0.0.1687.0.0 HTTP/1.1" 404 505 "-" "Mozilla/5.0 (compatible; bingbot/2.0; +http://www.bing.com/bingbot.htm)"
157.55.39.176 - - [20/Mar/2016:09:50:16 +0800] "GET /category.php?id=1646&brand=96&price_min=0&price_max=0&filter_attr=0.1494.0.1491.0 HTTP/1.1" 404 505 "-" "Mozilla/5.0 (compatible; bingbot/2.0; +http://www.bing.com/bingbot.htm)"
157.55.39.202 - - [20/Mar/2016:09:50:27 +0800] "GET /brand.php?category=0&display=grid&brand=144&price_min=&price_max=&filter_attr=&page=1&sort=goods_id&order=ASC HTTP/1.1" 404 502 "-" "Mozilla/5.0 (compatible; bingbot/2.0; +http://www.bing.com/bingbot.htm)"
157.55.39.202 - - [20/Mar/2016:09:50:37 +0800] "GET /category.php?id=1611&price_min=0&price_max=0&filter_attr=1360.1366.0.0.1634 HTTP/1.1" 404 505 "-" "Mozilla/5.0 (compatible; bingbot/2.0; +http://www.bing.com/bingbot.htm)"
157.55.39.202 - - [20/Mar/2016:09:50:38 +0800] "GET /category.php?category=3050&display=grid&brand=0&price_min=0&price_max=0&filter_attr=0&page=1&sort=last_update&order=DESC HTTP/1.1" 404 505 "-" "Mozilla/5.0 (compatible; bingbot/2.0; +http://www.bing.com/bingbot.htm)"
157.55.39.202 - - [20/Mar/2016:09:52:18 +0800] "GET /category.php?id=1647&brand=95&price_min=0&price_max=0&filter_attr=0.1832.1827.0.0 HTTP/1.1" 404 505 "-" "Mozilla/5.0 (compatible; bingbot/2.0; +http://www.bing.com/bingbot.htm)"
157.55.39.176 - - [20/Mar/2016:09:52:26 +0800] "GET /category.php?id=1817 HTTP/1.1" 404 505 "-" "Mozilla/5.0 (compatible; bingbot/2.0; +http://www.bing.com/bingbot.htm)"
157.55.39.176 - - [20/Mar/2016:09:52:31 +0800] "GET /brand.php?category=2881&display=grid&brand=190&price_min=&price_max=&filter_attr=&page=1&sort=click_count&order=DESC HTTP/1.1" 404 502 "-" "Mozilla/5.0 (compatible; bingbot/2.0; +http://www.bing.com/bingbot.htm)"
157.55.39.117 - - [20/Mar/2016:09:52:31 +0800] "GET /category.php?category=3122&display=grid&brand=0&price_min=0&price_max=0&filter_attr=0&page=1&sort=goods_id&order=DESC HTTP/1.1" 404 505 "-" "Mozilla/5.0 (compatible; bingbot/2.0; +http://www.bing.com/bingbot.htm)"
157.55.39.176 - - [20/Mar/2016:09:52:31 +0800] "GET /category.php?id=1611&brand=65&price_min=24&price_max=29&filter_attr=0.0.0.0.1364 HTTP/1.1" 404 504 "-" "Mozilla/5.0 (compatible; bingbot/2.0; +http://www.bing.com/bingbot.htm)"
157.55.39.117 - - [20/Mar/2016:09:52:31 +0800] "GET /category.php?category=929&display=grid&brand=0&price_min=0&price_max=0&filter_attr=2460.0.0&page=1&sort=shop_price&order=ASC HTTP/1.1" 404 504 "-" "Mozilla/5.0 (compatible; bingbot/2.0; +http://www.bing.com/bingbot.htm)"
157.55.39.117 - - [20/Mar/2016:09:52:32 +0800] "GET /category.php?category=1647&display=grid&brand=0&price_min=52&price_max=59&filter_attr=0.0.1827.0.0&page=1&sort=goods_id&order=ASC HTTP/1.1" 404 505 "-" "Mozilla/5.0 (compatible; bingbot/2.0; +http://www.bing.com/bingbot.htm)"
157.55.39.202 - - [20/Mar/2016:09:52:38 +0800] "GET /category.php?id=1633&brand=93&price_min=21&price_max=26&filter_attr=0.0.1429.2339.0.0 HTTP/1.1" 404 505 "-" "Mozilla/5.0 (compatible; bingbot/2.0; +http://www.bing.com/bingbot.htm)"
157.55.39.227 - - [20/Mar/2016:09:54:39 +0800] "GET /category.php?id=1633&brand=70&price_min=26&price_max=31&filter_attr=0.1428.0.0.1436.0 HTTP/1.1" 404 505 "-" "Mozilla/5.0 (compatible; bingbot/2.0; +http://www.bing.com/bingbot.htm)"
157.55.39.227 - - [20/Mar/2016:09:54:40 +0800] "GET /category.php?id=1611&brand=76&price_min=4&price_max=9&filter_attr=0.1631.1362.0.0 HTTP/1.1" 404 504 "-" "Mozilla/5.0 (compatible; bingbot/2.0; +http://www.bing.com/bingbot.htm)"
157.55.39.227 - - [20/Mar/2016:09:54:41 +0800] "GET /category.php?category=2127&display=grid&brand=0&price_min=0&price_max=0&filter_attr=0&page=1&sort=click_count&order=DESC HTTP/1.1" 404 505 "-" "Mozilla/5.0 (compatible; bingbot/2.0; +http://www.bing.com/bingbot.htm)"
157.55.39.227 - - [20/Mar/2016:09:54:41 +0800] "GET /category.php?id=926&brand=98&price_min=0&price_max=0&filter_attr=0.1536.1589 HTTP/1.1" 404 504 "-" "Mozilla/5.0 (compatible; bingbot/2.0; +http://www.bing.com/bingbot.htm)"
157.55.39.227 - - [20/Mar/2016:09:54:41 +0800] "GET /category.php?id=929&price_min=0&price_max=0&filter_attr=2450.0.1423 HTTP/1.1" 404 504 "-" "Mozilla/5.0 (compatible; bingbot/2.0; +http://www.bing.com/bingbot.htm)"
157.55.39.202 - - [20/Mar/2016:09:55:33 +0800] "GET /category.php?id=998&brand=213&price_min=0&price_max=0 HTTP/1.1" 404 505 "-" "Mozilla/5.0 (compatible; bingbot/2.0; +http://www.bing.com/bingbot.htm)"
220.181.108.110 - - [20/Mar/2016:09:55:40 +0800] "GET /mobile/category.php?category=2883&display=grid&brand=0&price_min=0&price_max=0&filter_attr=0&page=11&sort=goods_id&order=ASC HTTP/1.1" 404 479 "-" "Mozilla/5.0 (compatible; Baiduspider/2.0; +http://www.baidu.com/search/spider.html)"
157.55.39.176 - - [20/Mar/2016:09:55:49 +0800] "GET /category.php?id=1611&brand=118&price_min=9&price_max=14&filter_attr=0.0.1687.0.0 HTTP/1.1" 404 505 "-" "Mozilla/5.0 (compatible; bingbot/2.0; +http://www.bing.com/bingbot.htm)"
157.55.39.176 - - [20/Mar/2016:09:55:50 +0800] "GET /category.php?category=1623&display=grid&brand=103&price_min=0&price_max=0&filter_attr=0&page=1&sort=click_count&order=DESC HTTP/1.1" 404 505 "-" "Mozilla/5.0 (compatible; bingbot/2.0; +http://www.bing.com/bingbot.htm)"
157.55.39.202 - - [20/Mar/2016:09:55:57 +0800] "GET /robots.txt HTTP/1.1" 404 503 "-" "Mozilla/5.0 (compatible; bingbot/2.0; +http://www.bing.com/bingbot.htm)"
157.55.39.202 - - [20/Mar/2016:09:56:09 +0800] "GET /category.php?id=1633&brand=101&price_min=11&price_max=16&filter_attr=0.0.1429.0.1436.0 HTTP/1.1" 404 505 "-" "Mozilla/5.0 (compatible; bingbot/2.0; +http://www.bing.com/bingbot.htm)"
106.185.47.161 - - [20/Mar/2016:09:56:19 +0800] "GET http://www.baidu.com/cache/global/img/gs.gif HTTP/1.1" 404 459 "-" "Mozilla"
157.55.39.202 - - [20/Mar/2016:09:56:39 +0800] "GET /category.php?id=1646&brand=123&price_min=0&price_max=0&filter_attr=0.0.1490.0.0 HTTP/1.1" 404 505 "-" "Mozilla/5.0 (compatible; bingbot/2.0; +http://www.bing.com/bingbot.htm)"
157.55.39.227 - - [20/Mar/2016:09:56:56 +0800] "GET /category.php?id=926&brand=81&price_min=0&price_max=0&filter_attr=1535.3027.0 HTTP/1.1" 404 505 "-" "Mozilla/5.0 (compatible; bingbot/2.0; +http://www.bing.com/bingbot.htm)"
157.55.39.227 - - [20/Mar/2016:09:56:56 +0800] "GET /category.php?id=1646&price_min=0&price_max=0&filter_attr=0.1516.1762.1774.0 HTTP/1.1" 404 504 "-" "Mozilla/5.0 (compatible; bingbot/2.0; +http://www.bing.com/bingbot.htm)"
157.55.39.202 - - [20/Mar/2016:09:57:59 +0800] "GET /category.php?category=578&display=grid&brand=33&price_min=0&price_max=0&filter_attr=0&page=1&sort=click_count&order=DESC HTTP/1.1" 404 505 "-" "Mozilla/5.0 (compatible; bingbot/2.0; +http://www.bing.com/bingbot.htm)"
157.55.39.202 - - [20/Mar/2016:09:58:04 +0800] "GET /category.php?id=1611&brand=97&price_min=0&price_max=0&filter_attr=0.1361.1687.0.0 HTTP/1.1" 404 505 "-" "Mozilla/5.0 (compatible; bingbot/2.0; +http://www.bing.com/bingbot.htm)"
157.55.39.176 - - [20/Mar/2016:09:58:16 +0800] "GET /category.php?category=1611&display=grid&brand=65&price_min=0&price_max=0&filter_attr=0.1371.1362.0.0&page=1&sort=goods_id&order=ASC HTTP/1.1" 404 505 "-" "Mozilla/5.0 (compatible; bingbot/2.0; +http://www.bing.com/bingbot.htm)"
157.55.39.176 - - [20/Mar/2016:09:58:16 +0800] "GET /category.php?category=3085&display=grid&brand=0&price_min=0&price_max=0&filter_attr=0&page=1&sort=goods_id&order=DESC HTTP/1.1" 404 504 "-" "Mozilla/5.0 (compatible; bingbot/2.0; +http://www.bing.com/bingbot.htm)"
157.55.39.202 - - [20/Mar/2016:09:58:39 +0800] "GET /brand.php?category=0&display=grid&brand=76&price_min=&price_max=&filter_attr=&page=3&sort=goods_id&order=ASC HTTP/1.1" 404 502 "-" "Mozilla/5.0 (compatible; bingbot/2.0; +http://www.bing.com/bingbot.htm)"
157.55.39.202 - - [20/Mar/2016:09:58:45 +0800] "GET /category.php?category=576&display=grid&brand=193&price_min=0&price_max=0&filter_attr=0&page=1&sort=last_update&order=DESC HTTP/1.1" 404 505 "-" "Mozilla/5.0 (compatible; bingbot/2.0; +http://www.bing.com/bingbot.htm)"
157.55.39.176 - - [20/Mar/2016:09:59:06 +0800] "GET /category.php?id=1633&brand=93&price_min=0&price_max=0&filter_attr=0.0.1429.2339.1436.0 HTTP/1.1" 404 505 "-" "Mozilla/5.0 (compatible; bingbot/2.0; +http://www.bing.com/bingbot.htm)"
157.55.39.202 - - [20/Mar/2016:10:00:01 +0800] "GET /category.php?id=565&brand=33&price_min=0&price_max=0&filter_attr=7458.7423 HTTP/1.1" 404 505 "-" "Mozilla/5.0 (compatible; bingbot/2.0; +http://www.bing.com/bingbot.htm)"
157.55.39.176 - - [20/Mar/2016:10:00:14 +0800] "GET /category.php?category=2883&display=grid&brand=81&price_min=0&price_max=0&filter_attr=0&page=1&sort=goods_id&order=DESC HTTP/1.1" 404 505 "-" "Mozilla/5.0 (compatible; bingbot/2.0; +http://www.bing.com/bingbot.htm)"
157.55.39.176 - - [20/Mar/2016:10:00:15 +0800] "GET /category.php?id=1611&brand=76&price_min=0&price_max=0&filter_attr=1360.0.0.0.1364 HTTP/1.1" 404 504 "-" "Mozilla/5.0 (compatible; bingbot/2.0; +http://www.bing.com/bingbot.htm)"
157.55.39.227 - - [20/Mar/2016:10:00:20 +0800] "GET /category.php?category=533&display=grid&brand=0&price_min=0&price_max=0&filter_attr=6306.0.6305.0&page=1&sort=goods_id&order=ASC HTTP/1.1" 404 505 "-" "Mozilla/5.0 (compatible; bingbot/2.0; +http://www.bing.com/bingbot.htm)"
157.55.39.227 - - [20/Mar/2016:10:00:21 +0800] "GET /category.php?category=605&display=grid&brand=0&price_min=0&price_max=0&filter_attr=0&page=1&sort=shop_price&order=ASC HTTP/1.1" 404 504 "-" "Mozilla/5.0 (compatible; bingbot/2.0; +http://www.bing.com/bingbot.htm)"
157.55.39.227 - - [20/Mar/2016:10:00:21 +0800] "GET /category.php?id=1646&price_min=0&price_max=14&filter_attr=0.1501.1762.1491.0 HTTP/1.1" 404 504 "-" "Mozilla/5.0 (compatible; bingbot/2.0; +http://www.bing.com/bingbot.htm)"
157.55.39.227 - - [20/Mar/2016:10:00:21 +0800] "GET /category.php?id=1646&price_min=0&price_max=0&filter_attr=1997.1494.0.0.0 HTTP/1.1" 404 504 "-" "Mozilla/5.0 (compatible; bingbot/2.0; +http://www.bing.com/bingbot.htm)"
157.55.39.227 - - [20/Mar/2016:10:00:22 +0800] "GET /category.php?id=512&price_min=1000&price_max=3000&filter_attr=0.0.6506.0.0 HTTP/1.1" 404 504 "-" "Mozilla/5.0 (compatible; bingbot/2.0; +http://www.bing.com/bingbot.htm)"
157.55.39.227 - - [20/Mar/2016:10:00:22 +0800] "GET /category.php?category=2372&display=grid&brand=0&price_min=0&price_max=0&filter_attr=0&page=1&sort=goods_id&order=ASC HTTP/1.1" 404 504 "-" "Mozilla/5.0 (compatible; bingbot/2.0; +http://www.bing.com/bingbot.htm)"
157.55.39.202 - - [20/Mar/2016:10:02:03 +0800] "GET /category.php?id=1647&price_min=52&price_max=59&filter_attr=0.1837.0.0.1880 HTTP/1.1" 404 505 "-" "Mozilla/5.0 (compatible; bingbot/2.0; +http://www.bing.com/bingbot.htm)"
40.77.167.94 - - [20/Mar/2016:10:02:12 +0800] "GET /robots.txt HTTP/1.1" 404 503 "-" "Mozilla/5.0 (compatible; bingbot/2.0; +http://www.bing.com/bingbot.htm)"
157.55.39.227 - - [20/Mar/2016:10:02:12 +0800] "GET /category.php?id=565&brand=31&price_min=0&price_max=0&filter_attr=8467.7465 HTTP/1.1" 404 505 "-" "Mozilla/5.0 (compatible; bingbot/2.0; +http://www.bing.com/bingbot.htm)"
157.55.39.227 - - [20/Mar/2016:10:02:13 +0800] "GET /category.php?id=926&brand=112&price_min=0&price_max=0&filter_attr=3045.0.0 HTTP/1.1" 404 504 "-" "Mozilla/5.0 (compatible; bingbot/2.0; +http://www.bing.com/bingbot.htm)"
157.55.39.227 - - [20/Mar/2016:10:02:13 +0800] "GET /category.php?id=1633&brand=101&price_min=11&price_max=16&filter_attr=0.0.3492.0.0.0 HTTP/1.1" 404 504 "-" "Mozilla/5.0 (compatible; bingbot/2.0; +http://www.bing.com/bingbot.htm)"
123.125.71.57 - - [20/Mar/2016:10:03:14 +0800] "GET /mobile/category.php?id=886 HTTP/1.1" 404 479 "-" "Mozilla/5.0 (compatible; Baiduspider/2.0; +http://www.baidu.com/search/spider.html)"
157.55.39.202 - - [20/Mar/2016:10:03:39 +0800] "GET /category.php?id=1646&brand=76&price_min=56&price_max=70&filter_attr=0.0.0.0.2006 HTTP/1.1" 404 505 "-" "Mozilla/5.0 (compatible; bingbot/2.0; +http://www.bing.com/bingbot.htm)"
157.55.39.202 - - [20/Mar/2016:10:03:50 +0800] "GET /category.php?category=3072&display=grid&brand=0&price_min=0&price_max=0&filter_attr=0&page=1&sort=shop_price&order=DESC HTTP/1.1" 404 505 "-" "Mozilla/5.0 (compatible; bingbot/2.0; +http://www.bing.com/bingbot.htm)"
157.55.39.202 - - [20/Mar/2016:10:03:50 +0800] "GET /category.php?id=1611&price_min=9&price_max=14&filter_attr=0.0.1687.0.1364 HTTP/1.1" 404 504 "-" "Mozilla/5.0 (compatible; bingbot/2.0; +http://www.bing.com/bingbot.htm)"
157.55.39.202 - - [20/Mar/2016:10:04:05 +0800] "GET /category.php?id=1611&price_min=19&price_max=24&filter_attr=2604.1371.0.0.0 HTTP/1.1" 404 505 "-" "Mozilla/5.0 (compatible; bingbot/2.0; +http://www.bing.com/bingbot.htm)"
40.77.167.94 - - [20/Mar/2016:10:04:45 +0800] "GET /category.php?category=539&display=grid&brand=0&price_min=0&price_max=0&filter_attr=6029.0&page=1&sort=click_count&order=DESC HTTP/1.1" 404 505 "-" "Mozilla/5.0 (compatible; bingbot/2.0; +http://www.bing.com/bingbot.htm)"
40.77.167.94 - - [20/Mar/2016:10:04:45 +0800] "GET /category.php?id=1647&price_min=0&price_max=0&filter_attr=0.1832.0.0.0 HTTP/1.1" 404 504 "-" "Mozilla/5.0 (compatible; bingbot/2.0; +http://www.bing.com/bingbot.htm)"
40.77.167.94 - - [20/Mar/2016:10:04:45 +0800] "GET /category.php?id=1646&brand=118&price_min=0&price_max=0&filter_attr=0.1494.0.1491.0 HTTP/1.1" 404 504 "-" "Mozilla/5.0 (compatible; bingbot/2.0; +http://www.bing.com/bingbot.htm)"
40.77.167.94 - - [20/Mar/2016:10:04:46 +0800] "GET /category.php?id=1647&price_min=0&price_max=0&filter_attr=1825.0.0.0.1828 HTTP/1.1" 404 504 "-" "Mozilla/5.0 (compatible; bingbot/2.0; +http://www.bing.com/bingbot.htm)"
40.77.167.94 - - [20/Mar/2016:10:04:46 +0800] "GET /category.php?category=2565&display=grid&brand=0&price_min=0&price_max=0&filter_attr=0&page=1&sort=click_count&order=DESC HTTP/1.1" 404 504 "-" "Mozilla/5.0 (compatible; bingbot/2.0; +http://www.bing.com/bingbot.htm)"
40.77.167.94 - - [20/Mar/2016:10:04:46 +0800] "GET /brand.php?category=0&display=grid&brand=102&price_min=&price_max=&filter_attr=&page=1&sort=click_count&order=DESC HTTP/1.1" 404 501 "-" "Mozilla/5.0 (compatible; bingbot/2.0; +http://www.bing.com/bingbot.htm)"
40.77.167.94 - - [20/Mar/2016:10:04:47 +0800] "GET /category.php?id=1646&brand=99&price_min=70&price_max=84 HTTP/1.1" 404 504 "-" "Mozilla/5.0 (compatible; bingbot/2.0; +http://www.bing.com/bingbot.htm)"
40.77.167.94 - - [20/Mar/2016:10:04:47 +0800] "GET /category.php?category=2763&display=grid&brand=0&price_min=0&price_max=0&filter_attr=0&page=1&sort=goods_id&order=DESC HTTP/1.1" 404 504 "-" "Mozilla/5.0 (compatible; bingbot/2.0; +http://www.bing.com/bingbot.htm)"
157.55.39.227 - - [20/Mar/2016:10:06:10 +0800] "GET /category.php?id=1611&price_min=24&price_max=29&filter_attr=0.1371.1687.0.0 HTTP/1.1" 404 505 "-" "Mozilla/5.0 (compatible; bingbot/2.0; +http://www.bing.com/bingbot.htm)"
157.55.39.227 - - [20/Mar/2016:10:06:14 +0800] "GET /category.php?id=1646&price_min=0&price_max=0&filter_attr=0.1496.0.0.0&page=2&sort=click_count&order=DESC HTTP/1.1" 404 505 "-" "Mozilla/5.0 (compatible; bingbot/2.0; +http://www.bing.com/bingbot.htm)"
157.55.39.227 - - [20/Mar/2016:10:06:15 +0800] "GET /category.php?id=1647&brand=94&price_min=45&price_max=52&filter_attr=0.1830.1827.0.0 HTTP/1.1" 404 504 "-" "Mozilla/5.0 (compatible; bingbot/2.0; +http://www.bing.com/bingbot.htm)"
157.55.39.202 - - [20/Mar/2016:10:06:36 +0800] "GET /category.php?id=926&brand=98&price_min=10&price_max=19 HTTP/1.1" 404 505 "-" "Mozilla/5.0 (compatible; bingbot/2.0; +http://www.bing.com/bingbot.htm)"
157.55.39.202 - - [20/Mar/2016:10:07:07 +0800] "GET /brand.php?category=0&display=grid&brand=79&price_min=&price_max=&filter_attr=&page=2&sort=shop_price&order=ASC HTTP/1.1" 404 502 "-" "Mozilla/5.0 (compatible; bingbot/2.0; +http://www.bing.com/bingbot.htm)"
157.55.39.202 - - [20/Mar/2016:10:09:39 +0800] "GET /category.php?id=1647&brand=95&price_min=17&price_max=24&filter_attr=0.1832.0.0.0 HTTP/1.1" 404 505 "-" "Mozilla/5.0 (compatible; bingbot/2.0; +http://www.bing.com/bingbot.htm)"
157.55.39.202 - - [20/Mar/2016:10:10:05 +0800] "GET /category.php?id=1633&brand=93&price_min=26&price_max=31&filter_attr=0.0.0.1435.0.1431 HTTP/1.1" 404 505 "-" "Mozilla/5.0 (compatible; bingbot/2.0; +http://www.bing.com/bingbot.htm)"
40.77.167.94 - - [20/Mar/2016:10:10:18 +0800] "GET /category.php?category=512&display=grid&brand=0&price_min=0&price_max=0&filter_attr=0.0.5993.0.0&page=1&sort=last_update&order=DESC HTTP/1.1" 404 505 "-" "Mozilla/5.0 (compatible; bingbot/2.0; +http://www.bing.com/bingbot.htm)"
40.77.167.94 - - [20/Mar/2016:10:10:19 +0800] "GET /category.php?id=512&price_min=9000&price_max=12000&filter_attr=0.0.8226.0.0 HTTP/1.1" 404 504 "-" "Mozilla/5.0 (compatible; bingbot/2.0; +http://www.bing.com/bingbot.htm)"
40.77.167.94 - - [20/Mar/2016:10:10:19 +0800] "GET /category.php?category=2765&display=grid&brand=0&price_min=0&price_max=0&filter_attr=0&page=1&sort=goods_id&order=DESC HTTP/1.1" 404 504 "-" "Mozilla/5.0 (compatible; bingbot/2.0; +http://www.bing.com/bingbot.htm)"
40.77.167.94 - - [20/Mar/2016:10:10:19 +0800] "GET /category.php?category=1611&display=grid&brand=109&price_min=24&price_max=29&filter_attr=0.0.0.0.1364&page=1&sort=last_update&order=DESC HTTP/1.1" 404 504 "-" "Mozilla/5.0 (compatible; bingbot/2.0; +http://www.bing.com/bingbot.htm)"
40.77.167.94 - - [20/Mar/2016:10:10:20 +0800] "GET /category.php?id=1611&brand=77&price_min=24&price_max=29&filter_attr=0.1366.1362.0.0 HTTP/1.1" 404 504 "-" "Mozilla/5.0 (compatible; bingbot/2.0; +http://www.bing.com/bingbot.htm)"
220.181.108.104 - - [20/Mar/2016:10:10:49 +0800] "GET /mobile/feed.php?cat=2240 HTTP/1.1" 404 475 "-" "Mozilla/5.0 (compatible; Baiduspider/2.0; +http://www.baidu.com/search/spider.html)"
40.77.167.94 - - [20/Mar/2016:10:12:42 +0800] "GET /category.php?category=1647&display=grid&brand=0&price_min=0&price_max=0&filter_attr=1825.0.0.0.0&page=1&sort=goods_id&order=ASC HTTP/1.1" 404 505 "-" "Mozilla/5.0 (compatible; bingbot/2.0; +http://www.bing.com/bingbot.htm)"
40.77.167.94 - - [20/Mar/2016:10:12:42 +0800] "GET /category.php?category=2883&display=grid&brand=0&price_min=0&price_max=0&filter_attr=0&page=7&sort=shop_price&order=ASC HTTP/1.1" 404 504 "-" "Mozilla/5.0 (compatible; bingbot/2.0; +http://www.bing.com/bingbot.htm)"
40.77.167.94 - - [20/Mar/2016:10:12:42 +0800] "GET /category.php?id=1611&brand=65&price_min=10&price_max=16&filter_attr=1360.0.1362.0.0 HTTP/1.1" 404 504 "-" "Mozilla/5.0 (compatible; bingbot/2.0; +http://www.bing.com/bingbot.htm)"
40.77.167.94 - - [20/Mar/2016:10:12:43 +0800] "GET /brand.php?category=46&display=grid&brand=6&price_min=&price_max=&filter_attr=&page=1&sort=last_update&order=DESC HTTP/1.1" 404 501 "-" "Mozilla/5.0 (compatible; bingbot/2.0; +http://www.bing.com/bingbot.htm)"
157.55.39.227 - - [20/Mar/2016:10:13:25 +0800] "GET /category.php?id=576&brand=228&price_min=0&price_max=0&filter_attr=8596 HTTP/1.1" 404 505 "-" "Mozilla/5.0 (compatible; bingbot/2.0; +http://www.bing.com/bingbot.htm)"
157.55.39.227 - - [20/Mar/2016:10:13:26 +0800] "GET /category.php?category=1852&display=grid&brand=0&price_min=0&price_max=0&filter_attr=0&page=1&sort=click_count&order=DESC HTTP/1.1" 404 504 "-" "Mozilla/5.0 (compatible; bingbot/2.0; +http://www.bing.com/bingbot.htm)"
157.55.39.227 - - [20/Mar/2016:10:13:26 +0800] "GET /category.php?id=1633&brand=70&price_min=0&price_max=0&filter_attr=1427.0.3492.0.1436.0 HTTP/1.1" 404 504 "-" "Mozilla/5.0 (compatible; bingbot/2.0; +http://www.bing.com/bingbot.htm)"
157.55.39.227 - - [20/Mar/2016:10:13:26 +0800] "GET /category.php?category=2797&display=grid&brand=0&price_min=0&price_max=0&filter_attr=0&page=1&sort=last_update&order=DESC HTTP/1.1" 404 504 "-" "Mozilla/5.0 (compatible; bingbot/2.0; +http://www.bing.com/bingbot.htm)"
157.55.39.227 - - [20/Mar/2016:10:13:26 +0800] "GET /category.php?category=547&display=grid&brand=0&price_min=600&price_max=800&filter_attr=0&page=1&sort=click_count&order=DESC HTTP/1.1" 404 504 "-" "Mozilla/5.0 (compatible; bingbot/2.0; +http://www.bing.com/bingbot.htm)"
157.55.39.227 - - [20/Mar/2016:10:13:27 +0800] "GET /category.php?id=1611&brand=88&price_min=24&price_max=29&filter_attr=0.0.0.1363.1364 HTTP/1.1" 404 504 "-" "Mozilla/5.0 (compatible; bingbot/2.0; +http://www.bing.com/bingbot.htm)"
157.55.39.202 - - [20/Mar/2016:10:13:32 +0800] "GET /category.php?id=1611&price_min=34&price_max=40&filter_attr=0.1631.0.0.0 HTTP/1.1" 404 505 "-" "Mozilla/5.0 (compatible; bingbot/2.0; +http://www.bing.com/bingbot.htm)"
203.208.60.24 - - [20/Mar/2016:10:13:33 +0800] "GET / HTTP/1.1" 200 3594 "-" "Mozilla/5.0 (compatible; Googlebot/2.1; +http://www.google.com/bot.html)"
157.55.39.202 - - [20/Mar/2016:10:14:17 +0800] "GET /category.php?id=1611&price_min=34&price_max=39&filter_attr=0.1371.1687.1363.0 HTTP/1.1" 404 505 "-" "Mozilla/5.0 (compatible; bingbot/2.0; +http://www.bing.com/bingbot.htm)"
157.55.39.202 - - [20/Mar/2016:10:15:33 +0800] "GET /category.php?id=1646&price_min=0&price_max=14&filter_attr=1495.0.0.1491.1493 HTTP/1.1" 404 505 "-" "Mozilla/5.0 (compatible; bingbot/2.0; +http://www.bing.com/bingbot.htm)"
157.55.39.202 - - [20/Mar/2016:10:16:13 +0800] "GET /category.php?category=2659&display=grid&brand=0&price_min=0&price_max=0&filter_attr=0&page=1&sort=click_count&order=DESC HTTP/1.1" 404 505 "-" "Mozilla/5.0 (compatible; bingbot/2.0; +http://www.bing.com/bingbot.htm)"
157.55.39.227 - - [20/Mar/2016:10:16:29 +0800] "GET /category.php?id=1647&brand=94&price_min=38&price_max=45&filter_attr=0.1832.1827.0.0 HTTP/1.1" 404 505 "-" "Mozilla/5.0 (compatible; bingbot/2.0; +http://www.bing.com/bingbot.htm)"
157.55.39.202 - - [20/Mar/2016:10:16:30 +0800] "GET /category.php?id=928&brand=83&price_min=0&price_max=0&filter_attr=2922.2923.0 HTTP/1.1" 404 505 "-" "Mozilla/5.0 (compatible; bingbot/2.0; +http://www.bing.com/bingbot.htm)"
157.55.39.202 - - [20/Mar/2016:10:16:49 +0800] "GET /category.php?category=3095&display=grid&brand=0&price_min=0&price_max=0&filter_attr=0&page=1&sort=last_update&order=ASC HTTP/1.1" 404 505 "-" "Mozilla/5.0 (compatible; bingbot/2.0; +http://www.bing.com/bingbot.htm)"
157.55.39.117 - - [20/Mar/2016:10:17:34 +0800] "GET /category.php?id=1647&brand=80&price_min=24&price_max=31&filter_attr=0.0.0.0.1828 HTTP/1.1" 404 505 "-" "Mozilla/5.0 (compatible; bingbot/2.0; +http://www.bing.com/bingbot.htm)"
157.55.39.117 - - [20/Mar/2016:10:17:35 +0800] "GET /category.php?category=1633&display=grid&brand=101&price_min=11&price_max=16&filter_attr=0.0.0.0.1436.0&page=1&sort=shop_price&order=ASC HTTP/1.1" 404 504 "-" "Mozilla/5.0 (compatible; bingbot/2.0; +http://www.bing.com/bingbot.htm)"
157.55.39.117 - - [20/Mar/2016:10:17:35 +0800] "GET /category.php?id=505&price_min=4000&price_max=6000&filter_attr=0.6484.0.0.0 HTTP/1.1" 404 504 "-" "Mozilla/5.0 (compatible; bingbot/2.0; +http://www.bing.com/bingbot.htm)"
157.55.39.202 - - [20/Mar/2016:10:18:10 +0800] "GET /category.php?id=1646&brand=118&price_min=0&price_max=0&filter_attr=0.1496.0.1774.0 HTTP/1.1" 404 505 "-" "Mozilla/5.0 (compatible; bingbot/2.0; +http://www.bing.com/bingbot.htm)"
123.125.71.44 - - [20/Mar/2016:10:18:23 +0800] "GET /mobile/category.php?id=3044 HTTP/1.1" 404 479 "-" "Mozilla/5.0 (compatible; Baiduspider/2.0; +http://www.baidu.com/search/spider.html)"
157.55.39.117 - - [20/Mar/2016:10:18:35 +0800] "GET /category.php?id=1633&brand=101&price_min=26&price_max=31&filter_attr=0.0.1429.2339.0.0 HTTP/1.1" 404 505 "-" "Mozilla/5.0 (compatible; bingbot/2.0; +http://www.bing.com/bingbot.htm)"
157.55.39.117 - - [20/Mar/2016:10:18:35 +0800] "GET /category.php?category=1633&display=grid&brand=70&price_min=26&price_max=31&filter_attr=0.0.0.0.0.0&page=1&sort=last_update&order=DESC HTTP/1.1" 404 504 "-" "Mozilla/5.0 (compatible; bingbot/2.0; +http://www.bing.com/bingbot.htm)"
40.77.167.94 - - [20/Mar/2016:10:19:16 +0800] "GET /category.php?id=1647&price_min=0&price_max=0&filter_attr=0.1830.1827.1866.0 HTTP/1.1" 404 505 "-" "Mozilla/5.0 (compatible; bingbot/2.0; +http://www.bing.com/bingbot.htm)"
157.55.39.117 - - [20/Mar/2016:10:19:50 +0800] "GET /category.php?id=1633&brand=107&price_min=21&price_max=26&filter_attr=1427.0.0.0.0.0 HTTP/1.1" 404 505 "-" "Mozilla/5.0 (compatible; bingbot/2.0; +http://www.bing.com/bingbot.htm)"
157.55.39.227 - - [20/Mar/2016:10:20:19 +0800] "GET /category.php?id=926&price_min=37&price_max=46&filter_attr=0.0.2378 HTTP/1.1" 404 505 "-" "Mozilla/5.0 (compatible; bingbot/2.0; +http://www.bing.com/bingbot.htm)"
157.55.39.227 - - [20/Mar/2016:10:20:20 +0800] "GET /category.php?id=1611&price_min=34&price_max=39&filter_attr=2604.1366.1687.0.0 HTTP/1.1" 404 504 "-" "Mozilla/5.0 (compatible; bingbot/2.0; +http://www.bing.com/bingbot.htm)"
157.55.39.227 - - [20/Mar/2016:10:20:20 +0800] "GET /category.php?id=3186&price_min=0&price_max=0&filter_attr=0.0.2552.1411 HTTP/1.1" 404 504 "-" "Mozilla/5.0 (compatible; bingbot/2.0; +http://www.bing.com/bingbot.htm)"
157.55.39.227 - - [20/Mar/2016:10:20:20 +0800] "GET /category.php?category=984&display=grid&brand=153&price_min=0&price_max=0&filter_attr=0&page=1&sort=click_count&order=DESC HTTP/1.1" 404 504 "-" "Mozilla/5.0 (compatible; bingbot/2.0; +http://www.bing.com/bingbot.htm)"
157.55.39.202 - - [20/Mar/2016:10:20:47 +0800] "GET /category.php?category=1611&display=grid&brand=0&price_min=24&price_max=29&filter_attr=0.0.0.0.1364&page=1&sort=last_update&order=ASC HTTP/1.1" 404 505 "-" "Mozilla/5.0 (compatible; bingbot/2.0; +http://www.bing.com/bingbot.htm)"
40.77.167.94 - - [20/Mar/2016:10:21:46 +0800] "GET /category.php?category=2277&display=grid&brand=0&price_min=0&price_max=0&filter_attr=0&page=1&sort=shop_price&order=ASC HTTP/1.1" 404 505 "-" "Mozilla/5.0 (compatible; bingbot/2.0; +http://www.bing.com/bingbot.htm)"
40.77.167.94 - - [20/Mar/2016:10:21:50 +0800] "GET /category.php?id=1633&brand=72&price_min=26&price_max=31&filter_attr=0.0.0.0.0.1431 HTTP/1.1" 404 505 "-" "Mozilla/5.0 (compatible; bingbot/2.0; +http://www.bing.com/bingbot.htm)"
157.55.39.117 - - [20/Mar/2016:10:21:52 +0800] "GET /robots.txt HTTP/1.1" 404 503 "-" "Mozilla/5.0 (compatible; bingbot/2.0; +http://www.bing.com/bingbot.htm)"
157.55.39.117 - - [20/Mar/2016:10:21:55 +0800] "GET /category.php?id=576&price_min=200&price_max=400&filter_attr=8608 HTTP/1.1" 404 505 "-" "Mozilla/5.0 (compatible; bingbot/2.0; +http://www.bing.com/bingbot.htm)"
157.55.39.117 - - [20/Mar/2016:10:22:06 +0800] "GET /category.php?category=772&display=grid&brand=0&price_min=0&price_max=0&filter_attr=0&page=1&sort=shop_price&order=ASC HTTP/1.1" 404 505 "-" "Mozilla/5.0 (compatible; bingbot/2.0; +http://www.bing.com/bingbot.htm)"
157.55.39.202 - - [20/Mar/2016:10:22:38 +0800] "GET /category.php?category=564&display=grid&brand=0&price_min=0&price_max=0&filter_attr=0&page=1&sort=last_update&order=DESC HTTP/1.1" 404 505 "-" "Mozilla/5.0 (compatible; bingbot/2.0; +http://www.bing.com/bingbot.htm)"
157.55.39.227 - - [20/Mar/2016:10:22:52 +0800] "GET /category.php?id=1646&brand=118&price_min=0&price_max=0&filter_attr=1495.1494.0.0.0 HTTP/1.1" 404 505 "-" "Mozilla/5.0 (compatible; bingbot/2.0; +http://www.bing.com/bingbot.htm)"
157.55.39.227 - - [20/Mar/2016:10:22:52 +0800] "GET /category.php?id=1646&price_min=28&price_max=42&filter_attr=0.1516.0.0.0 HTTP/1.1" 404 504 "-" "Mozilla/5.0 (compatible; bingbot/2.0; +http://www.bing.com/bingbot.htm)"
157.55.39.227 - - [20/Mar/2016:10:22:52 +0800] "GET /brand.php?category=0&display=grid&brand=87&price_min=&price_max=&filter_attr=&page=1&sort=last_update&order=ASC HTTP/1.1" 404 501 "-" "Mozilla/5.0 (compatible; bingbot/2.0; +http://www.bing.com/bingbot.htm)"
157.55.39.227 - - [20/Mar/2016:10:22:52 +0800] "GET /category.php?id=1647&brand=76&price_min=17&price_max=24&filter_attr=0.0.0.1866.0 HTTP/1.1" 404 504 "-" "Mozilla/5.0 (compatible; bingbot/2.0; +http://www.bing.com/bingbot.htm)"
157.55.39.227 - - [20/Mar/2016:10:22:52 +0800] "GET /category.php?id=1611&brand=88&price_min=4&price_max=10&filter_attr=0.0.1362.0.0 HTTP/1.1" 404 504 "-" "Mozilla/5.0 (compatible; bingbot/2.0; +http://www.bing.com/bingbot.htm)"
157.55.39.227 - - [20/Mar/2016:10:22:53 +0800] "GET /category.php?category=2227&display=grid&brand=0&price_min=0&price_max=0&filter_attr=0&page=1&sort=goods_id&order=DESC HTTP/1.1" 404 504 "-" "Mozilla/5.0 (compatible; bingbot/2.0; +http://www.bing.com/bingbot.htm)"
157.55.39.117 - - [20/Mar/2016:10:23:32 +0800] "GET /category.php?id=1646&brand=118&price_min=14&price_max=28&filter_attr=1997.0.0.1491.0 HTTP/1.1" 404 505 "-" "Mozilla/5.0 (compatible; bingbot/2.0; +http://www.bing.com/bingbot.htm)"
157.55.39.202 - - [20/Mar/2016:10:23:54 +0800] "GET /category.php?id=1611&brand=65&price_min=14&price_max=19&filter_attr=1360.0.0.0.0 HTTP/1.1" 404 505 "-" "Mozilla/5.0 (compatible; bingbot/2.0; +http://www.bing.com/bingbot.htm)"
157.55.39.117 - - [20/Mar/2016:10:24:28 +0800] "GET /brand.php?category=2882&display=grid&brand=230&price_min=&price_max=&filter_attr=&page=1&sort=last_update&order=DESC HTTP/1.1" 404 502 "-" "Mozilla/5.0 (compatible; bingbot/2.0; +http://www.bing.com/bingbot.htm)"
157.55.39.117 - - [20/Mar/2016:10:24:38 +0800] "GET /category.php?id=929&price_min=0&price_max=0&filter_attr=2450.2871.0 HTTP/1.1" 404 505 "-" "Mozilla/5.0 (compatible; bingbot/2.0; +http://www.bing.com/bingbot.htm)"
157.55.39.117 - - [20/Mar/2016:10:24:43 +0800] "GET /category.php?id=1611&brand=77&price_min=34&price_max=39&filter_attr=0.1361.1687.0.0 HTTP/1.1" 404 505 "-" "Mozilla/5.0 (compatible; bingbot/2.0; +http://www.bing.com/bingbot.htm)"
157.55.39.202 - - [20/Mar/2016:10:25:36 +0800] "GET /category.php?category=513&display=grid&brand=15&price_min=0&price_max=0&filter_attr=0&page=1&sort=last_update&order=DESC HTTP/1.1" 404 505 "-" "Mozilla/5.0 (compatible; bingbot/2.0; +http://www.bing.com/bingbot.htm)"
157.55.39.202 - - [20/Mar/2016:10:25:55 +0800] "GET /category.php?id=1646&brand=76&price_min=14&price_max=28&filter_attr=0.1516.0.1491.0 HTTP/1.1" 404 505 "-" "Mozilla/5.0 (compatible; bingbot/2.0; +http://www.bing.com/bingbot.htm)"
220.181.108.184 - - [20/Mar/2016:10:25:58 +0800] "GET /mobile/feed.php?brand=65 HTTP/1.1" 404 475 "-" "Mozilla/5.0 (compatible; Baiduspider/2.0; +http://www.baidu.com/search/spider.html)"
157.55.39.202 - - [20/Mar/2016:10:26:10 +0800] "GET /category.php?id=2648&price_min=23&price_max=25&filter_attr=0.4378.0.0 HTTP/1.1" 404 505 "-" "Mozilla/5.0 (compatible; bingbot/2.0; +http://www.bing.com/bingbot.htm)"
157.55.39.117 - - [20/Mar/2016:10:27:56 +0800] "GET /category.php?category=2892&display=grid&brand=0&price_min=0&price_max=0&filter_attr=0&page=1&sort=click_count&order=DESC HTTP/1.1" 404 505 "-" "Mozilla/5.0 (compatible; bingbot/2.0; +http://www.bing.com/bingbot.htm)"
157.55.39.117 - - [20/Mar/2016:10:27:56 +0800] "GET /category.php?id=1647&brand=122&price_min=45&price_max=52&filter_attr=0.0.1827.0.0 HTTP/1.1" 404 504 "-" "Mozilla/5.0 (compatible; bingbot/2.0; +http://www.bing.com/bingbot.htm)"
157.55.39.202 - - [20/Mar/2016:10:27:58 +0800] "GET /category.php?category=1633&display=grid&brand=102&price_min=0&price_max=0&filter_attr=0.0.0.0.1436.0&page=1&sort=goods_id&order=DESC HTTP/1.1" 404 505 "-" "Mozilla/5.0 (compatible; bingbot/2.0; +http://www.bing.com/bingbot.htm)"
157.55.39.117 - - [20/Mar/2016:10:28:34 +0800] "GET /category.php?category=1825&display=grid&brand=0&price_min=0&price_max=0&filter_attr=0&page=1&sort=shop_price&order=ASC HTTP/1.1" 404 505 "-" "Mozilla/5.0 (compatible; bingbot/2.0; +http://www.bing.com/bingbot.htm)"
157.55.39.117 - - [20/Mar/2016:10:28:39 +0800] "GET /category.php?id=1611&brand=97&price_min=0&price_max=0&filter_attr=1360.1631.0.0.0 HTTP/1.1" 404 505 "-" "Mozilla/5.0 (compatible; bingbot/2.0; +http://www.bing.com/bingbot.htm)"
157.55.39.117 - - [20/Mar/2016:10:28:40 +0800] "GET /category.php?id=1646&price_min=0&price_max=0&filter_attr=1525.0.0.1518.0 HTTP/1.1" 404 504 "-" "Mozilla/5.0 (compatible; bingbot/2.0; +http://www.bing.com/bingbot.htm)"
157.55.39.202 - - [20/Mar/2016:10:29:28 +0800] "GET /category.php?category=1633&display=grid&brand=102&price_min=16&price_max=21&filter_attr=0.0.0.0.1436.0&page=1&sort=shop_price&order=ASC HTTP/1.1" 404 505 "-" "Mozilla/5.0 (compatible; bingbot/2.0; +http://www.bing.com/bingbot.htm)"
40.77.167.94 - - [20/Mar/2016:10:30:06 +0800] "GET /category.php?id=707&price_min=4800&price_max=6000&filter_attr=0.0.7833.0.0 HTTP/1.1" 404 505 "-" "Mozilla/5.0 (compatible; bingbot/2.0; +http://www.bing.com/bingbot.htm)"
40.77.167.94 - - [20/Mar/2016:10:30:06 +0800] "GET /category.php?id=3186&price_min=0&price_max=0&filter_attr=2540.0.2501.2543 HTTP/1.1" 404 504 "-" "Mozilla/5.0 (compatible; bingbot/2.0; +http://www.bing.com/bingbot.htm)"
40.77.167.94 - - [20/Mar/2016:10:30:06 +0800] "GET /category.php?id=1646&price_min=70&price_max=84&filter_attr=0.1494.0.1774.0 HTTP/1.1" 404 504 "-" "Mozilla/5.0 (compatible; bingbot/2.0; +http://www.bing.com/bingbot.htm)"
40.77.167.94 - - [20/Mar/2016:10:30:09 +0800] "GET /category.php?id=1611&price_min=10&price_max=16&filter_attr=0.1366.0.0.0 HTTP/1.1" 404 505 "-" "Mozilla/5.0 (compatible; bingbot/2.0; +http://www.bing.com/bingbot.htm)"
157.55.39.202 - - [20/Mar/2016:10:30:33 +0800] "GET /category.php?id=1647&brand=94&price_min=10&price_max=17&filter_attr=0.1830.1827.0.0 HTTP/1.1" 404 505 "-" "Mozilla/5.0 (compatible; bingbot/2.0; +http://www.bing.com/bingbot.htm)"
157.55.39.117 - - [20/Mar/2016:10:31:35 +0800] "GET /category.php?id=1647&price_min=24&price_max=31&filter_attr=1825.1830.0.0.0 HTTP/1.1" 404 505 "-" "Mozilla/5.0 (compatible; bingbot/2.0; +http://www.bing.com/bingbot.htm)"
157.55.39.117 - - [20/Mar/2016:10:32:35 +0800] "GET /category.php?id=1611&price_min=4&price_max=9&filter_attr=0.0.1637.0.1364 HTTP/1.1" 404 505 "-" "Mozilla/5.0 (compatible; bingbot/2.0; +http://www.bing.com/bingbot.htm)"
220.181.108.147 - - [20/Mar/2016:10:33:32 +0800] "GET /mobile/brand.php?id=32&page=17&sort=goods_id&order=ASC HTTP/1.1" 404 476 "-" "Mozilla/5.0 (compatible; Baiduspider/2.0; +http://www.baidu.com/search/spider.html)"
157.55.39.202 - - [20/Mar/2016:10:33:35 +0800] "GET /category.php?category=1633&display=grid&brand=72&price_min=6&price_max=11&filter_attr=0.0.0.2339.0.0&page=1&sort=shop_price&order=ASC HTTP/1.1" 404 505 "-" "Mozilla/5.0 (compatible; bingbot/2.0; +http://www.bing.com/bingbot.htm)"
157.55.39.117 - - [20/Mar/2016:10:33:40 +0800] "GET /category.php?id=512&price_min=0&price_max=0&filter_attr=0.0.6528.0.10064 HTTP/1.1" 404 505 "-" "Mozilla/5.0 (compatible; bingbot/2.0; +http://www.bing.com/bingbot.htm)"
40.77.167.94 - - [20/Mar/2016:10:34:52 +0800] "GET /category.php?id=1646&brand=123&price_min=0&price_max=0&filter_attr=0.0.1707.0.0 HTTP/1.1" 404 505 "-" "Mozilla/5.0 (compatible; bingbot/2.0; +http://www.bing.com/bingbot.htm)"
40.77.167.94 - - [20/Mar/2016:10:34:53 +0800] "GET /category.php?category=1633&display=grid&brand=101&price_min=0&price_max=0&filter_attr=0.0.1429.0.1436.0&page=1&sort=click_count&order=DESC HTTP/1.1" 404 504 "-" "Mozilla/5.0 (compatible; bingbot/2.0; +http://www.bing.com/bingbot.htm)"
40.77.167.94 - - [20/Mar/2016:10:34:55 +0800] "GET /category.php?category=1633&display=grid&brand=70&price_min=11&price_max=16&filter_attr=0.0.0.2339.0.0&page=1&sort=shop_price&order=ASC HTTP/1.1" 404 505 "-" "Mozilla/5.0 (compatible; bingbot/2.0; +http://www.bing.com/bingbot.htm)"
157.55.39.202 - - [20/Mar/2016:10:35:31 +0800] "GET /category.php?id=1633&brand=102&price_min=16&price_max=21&filter_attr=0.0.1429.2339.0.0 HTTP/1.1" 404 505 "-" "Mozilla/5.0 (compatible; bingbot/2.0; +http://www.bing.com/bingbot.htm)"
115.230.124.164 - - [20/Mar/2016:10:37:25 +0800] "GET http://zc.qq.com/cgi-bin/common/attr?id=260714&r=0.1356152066496627 HTTP/1.1" 404 507 "-" "Mozilla/5.0 (compatible; MSIE 9.0; Windows NT 6.1; Trident/5.0; 360SE)"
157.55.39.202 - - [20/Mar/2016:10:37:40 +0800] "GET /category.php?id=1611&brand=97&price_min=14&price_max=19&filter_attr=0.1366.0.0.0 HTTP/1.1" 404 505 "-" "Mozilla/5.0 (compatible; bingbot/2.0; +http://www.bing.com/bingbot.htm)"
157.55.39.117 - - [20/Mar/2016:10:37:44 +0800] "GET /category.php?id=1611&price_min=28&price_max=34&filter_attr=0.0.0.0.0 HTTP/1.1" 404 505 "-" "Mozilla/5.0 (compatible; bingbot/2.0; +http://www.bing.com/bingbot.htm)"
40.77.167.94 - - [20/Mar/2016:10:38:00 +0800] "GET /brand.php?category=2882&display=grid&brand=193&price_min=&price_max=&filter_attr=&page=4&sort=shop_price&order=ASC HTTP/1.1" 404 502 "-" "Mozilla/5.0 (compatible; bingbot/2.0; +http://www.bing.com/bingbot.htm)"
40.77.167.94 - - [20/Mar/2016:10:38:03 +0800] "GET /category.php?category=1633&display=grid&brand=70&price_min=26&price_max=31&filter_attr=0.0.1429.0.0.0&page=1&sort=shop_price&order=ASC HTTP/1.1" 404 505 "-" "Mozilla/5.0 (compatible; bingbot/2.0; +http://www.bing.com/bingbot.htm)"
157.55.39.117 - - [20/Mar/2016:10:39:19 +0800] "GET /category.php?id=1647&brand=123&price_min=0&price_max=0&filter_attr=0.0.0.1829.1880 HTTP/1.1" 404 505 "-" "Mozilla/5.0 (compatible; bingbot/2.0; +http://www.bing.com/bingbot.htm)"
