157.55.39.202 - - [20/Mar/2016:10:39:40 +0800] "GET /category.php?id=567&price_min=4&price_max=6&filter_attr=9807 HTTP/1.1" 404 505 "-" "Mozilla/5.0 (compatible; bingbot/2.0; +http://www.bing.com/bingbot.htm)"
157.55.39.202 - - [20/Mar/2016:10:40:26 +0800] "GET /category.php?category=2680&display=grid&brand=0&price_min=0&price_max=0&filter_attr=0&page=1&sort=shop_price&order=ASC HTTP/1.1" 404 505 "-" "Mozilla/5.0 (compatible; bingbot/2.0; +http://www.bing.com/bingbot.htm)"
123.125.71.70 - - [20/Mar/2016:10:41:07 +0800] "GET /mobile/category.php?category=1019&display=grid&brand=0&price_min=0&price_max=0&filter_attr=0&page=13&sort=shop_price&order=ASC HTTP/1.1" 404 479 "-" "Mozilla/5.0 (compatible; Baiduspider/2.0; +http://www.baidu.com/search/spider.html)"
157.55.39.202 - - [20/Mar/2016:10:42:30 +0800] "GET /robots.txt HTTP/1.1" 404 503 "-" "Mozilla/5.0 (compatible; bingbot/2.0; +http://www.bing.com/bingbot.htm)"
157.55.39.117 - - [20/Mar/2016:10:46:31 +0800] "GET /robots.txt HTTP/1.1" 404 503 "-" "Mozilla/5.0 (compatible; bingbot/2.0; +http://www.bing.com/bingbot.htm)"
123.125.71.86 - - [20/Mar/2016:10:48:41 +0800] "GET /mobile/brand.php?id=39&page=2&sort=goods_id&order=ASC HTTP/1.1" 404 476 "-" "Mozilla/5.0 (compatible; Baiduspider/2.0; +http://www.baidu.com/search/spider.html)"
157.55.39.117 - - [20/Mar/2016:10:52:15 +0800] "GET /category.php?id=1646&brand=76&price_min=0&price_max=0&filter_attr=0.1494.1762.0.0 HTTP/1.1" 404 505 "-" "Mozilla/5.0 (compatible; bingbot/2.0; +http://www.bing.com/bingbot.htm)"
157.55.39.117 - - [20/Mar/2016:10:52:16 +0800] "GET /category.php?id=565&brand=32&price_min=0&price_max=0&filter_attr=7353.7465 HTTP/1.1" 404 504 "-" "Mozilla/5.0 (compatible; bingbot/2.0; +http://www.bing.com/bingbot.htm)"
157.55.39.117 - - [20/Mar/2016:10:52:16 +0800] "GET /category.php?id=926&brand=73&price_min=40&price_max=50&filter_attr=1535.0.0 HTTP/1.1" 404 504 "-" "Mozilla/5.0 (compatible; bingbot/2.0; +http://www.bing.com/bingbot.htm)"
157.55.39.117 - - [20/Mar/2016:10:52:16 +0800] "GET /category.php?category=519&display=grid&brand=0&price_min=1200&price_max=1600&filter_attr=0&page=1&sort=shop_price&order=ASC HTTP/1.1" 404 504 "-" "Mozilla/5.0 (compatible; bingbot/2.0; +http://www.bing.com/bingbot.htm)"
157.55.39.117 - - [20/Mar/2016:10:52:17 +0800] "GET /category.php?id=924&price_min=0&price_max=0&page=10&sort=shop_price&order=ASC HTTP/1.1" 404 504 "-" "Mozilla/5.0 (compatible; bingbot/2.0; +http://www.bing.com/bingbot.htm)"
157.55.39.117 - - [20/Mar/2016:10:52:17 +0800] "GET /category.php?id=576&price_min=0&price_max=200&filter_attr=8322 HTTP/1.1" 404 504 "-" "Mozilla/5.0 (compatible; bingbot/2.0; +http://www.bing.com/bingbot.htm)"
157.55.39.117 - - [20/Mar/2016:10:52:17 +0800] "GET /category.php?id=510&price_min=2400&price_max=2900 HTTP/1.1" 404 504 "-" "Mozilla/5.0 (compatible; bingbot/2.0; +http://www.bing.com/bingbot.htm)"
157.55.39.117 - - [20/Mar/2016:10:52:17 +0800] "GET /category.php?id=1611&price_min=34&price_max=40&filter_attr=0.0.0.0.1634 HTTP/1.1" 404 504 "-" "Mozilla/5.0 (compatible; bingbot/2.0; +http://www.bing.com/bingbot.htm)"
157.55.39.117 - - [20/Mar/2016:10:52:18 +0800] "GET /category.php?category=1611&display=grid&brand=0&price_min=4&price_max=9&filter_attr=0.1631.1362.0.0&page=1&sort=last_update&order=DESC HTTP/1.1" 404 504 "-" "Mozilla/5.0 (compatible; bingbot/2.0; +http://www.bing.com/bingbot.htm)"
157.55.39.117 - - [20/Mar/2016:10:52:19 +0800] "GET /category.php?id=510&brand=236&price_min=0&price_max=0&filter_attr=0.0.6403.0 HTTP/1.1" 404 504 "-" "Mozilla/5.0 (compatible; bingbot/2.0; +http://www.bing.com/bingbot.htm)"
157.55.39.117 - - [20/Mar/2016:10:52:19 +0800] "GET /category.php?id=1611&brand=76&price_min=0&price_max=0&filter_attr=0.1366.1637.0.0 HTTP/1.1" 404 504 "-" "Mozilla/5.0 (compatible; bingbot/2.0; +http://www.bing.com/bingbot.htm)"
157.55.39.117 - - [20/Mar/2016:10:52:19 +0800] "GET /category.php?category=1633&display=grid&brand=102&price_min=11&price_max=16&filter_attr=0&page=1&sort=shop_price&order=ASC HTTP/1.1" 404 505 "-" "Mozilla/5.0 (compatible; bingbot/2.0; +http://www.bing.com/bingbot.htm)"
157.55.39.117 - - [20/Mar/2016:10:52:20 +0800] "GET /category.php?id=510&price_min=3500&price_max=4200&filter_attr=10109.0.0.0 HTTP/1.1" 404 504 "-" "Mozilla/5.0 (compatible; bingbot/2.0; +http://www.bing.com/bingbot.htm)"
157.55.39.117 - - [20/Mar/2016:10:52:20 +0800] "GET /category.php?id=1611&brand=65&price_min=0&price_max=0&filter_attr=0.2615.1362.0.1364 HTTP/1.1" 404 504 "-" "Mozilla/5.0 (compatible; bingbot/2.0; +http://www.bing.com/bingbot.htm)"
157.55.39.202 - - [20/Mar/2016:10:53:58 +0800] "GET /category.php?category=557&display=grid&brand=0&price_min=0&price_max=0&filter_attr=6854.0&page=1&sort=click_count&order=ASC HTTP/1.1" 404 505 "-" "Mozilla/5.0 (compatible; bingbot/2.0; +http://www.bing.com/bingbot.htm)"
157.55.39.202 - - [20/Mar/2016:10:53:58 +0800] "GET /category.php?category=2581&display=grid&brand=0&price_min=0&price_max=0&filter_attr=0&page=1&sort=click_count&order=DESC HTTP/1.1" 404 504 "-" "Mozilla/5.0 (compatible; bingbot/2.0; +http://www.bing.com/bingbot.htm)"
157.55.39.202 - - [20/Mar/2016:10:53:59 +0800] "GET /category.php?category=1632&display=grid&brand=0&price_min=0&price_max=0&filter_attr=0&page=2&sort=click_count&order=DESC HTTP/1.1" 404 504 "-" "Mozilla/5.0 (compatible; bingbot/2.0; +http://www.bing.com/bingbot.htm)"
157.55.39.202 - - [20/Mar/2016:10:53:59 +0800] "GET /category.php?category=1646&display=grid&brand=0&price_min=0&price_max=14&filter_attr=1997.0.0.1491.0&page=1&sort=last_update&order=DESC HTTP/1.1" 404 504 "-" "Mozilla/5.0 (compatible; bingbot/2.0; +http://www.bing.com/bingbot.htm)"
157.55.39.202 - - [20/Mar/2016:10:53:59 +0800] "GET /category.php?category=565&display=grid&brand=0&price_min=70&price_max=140&filter_attr=0&page=1&sort=shop_price&order=DESC HTTP/1.1" 404 504 "-" "Mozilla/5.0 (compatible; bingbot/2.0; +http://www.bing.com/bingbot.htm)"
157.55.39.202 - - [20/Mar/2016:10:54:00 +0800] "GET /category.php?category=926&display=grid&brand=87&price_min=0&price_max=0&filter_attr=0.3027.0&page=1&sort=last_update&order=DESC HTTP/1.1" 404 504 "-" "Mozilla/5.0 (compatible; bingbot/2.0; +http://www.bing.com/bingbot.htm)"
157.55.39.202 - - [20/Mar/2016:10:54:00 +0800] "GET /category.php?category=1703&display=grid&brand=153&price_min=0&price_max=0&filter_attr=0.0.0.0&page=1&sort=goods_id&order=ASC HTTP/1.1" 404 504 "-" "Mozilla/5.0 (compatible; bingbot/2.0; +http://www.bing.com/bingbot.htm)"
157.55.39.202 - - [20/Mar/2016:10:54:00 +0800] "GET /category.php?category=2815&display=grid&brand=0&price_min=0&price_max=0&filter_attr=0&page=1&sort=last_update&order=DESC HTTP/1.1" 404 504 "-" "Mozilla/5.0 (compatible; bingbot/2.0; +http://www.bing.com/bingbot.htm)"
157.55.39.202 - - [20/Mar/2016:10:54:00 +0800] "GET /category.php?id=1611&brand=118&price_min=24&price_max=29&filter_attr=0.2615.0.0.1364 HTTP/1.1" 404 504 "-" "Mozilla/5.0 (compatible; bingbot/2.0; +http://www.bing.com/bingbot.htm)"
157.55.39.202 - - [20/Mar/2016:10:54:01 +0800] "GET /category.php?id=1646&price_min=0&price_max=0&filter_attr=1495.1494.3325.0.0 HTTP/1.1" 404 504 "-" "Mozilla/5.0 (compatible; bingbot/2.0; +http://www.bing.com/bingbot.htm)"
157.55.39.202 - - [20/Mar/2016:10:54:01 +0800] "GET /category.php?id=1611&brand=97&price_min=4&price_max=10&filter_attr=0.0.1362.0.1634 HTTP/1.1" 404 504 "-" "Mozilla/5.0 (compatible; bingbot/2.0; +http://www.bing.com/bingbot.htm)"
157.55.39.202 - - [20/Mar/2016:10:54:01 +0800] "GET /category.php?id=926&brand=74&price_min=0&price_max=0&filter_attr=3026.3027.0 HTTP/1.1" 404 504 "-" "Mozilla/5.0 (compatible; bingbot/2.0; +http://www.bing.com/bingbot.htm)"
157.55.39.202 - - [20/Mar/2016:10:54:02 +0800] "GET /category.php?id=2664&price_min=0&price_max=0&filter_attr=0.2425.2427.0.0 HTTP/1.1" 404 504 "-" "Mozilla/5.0 (compatible; bingbot/2.0; +http://www.bing.com/bingbot.htm)"
157.55.39.202 - - [20/Mar/2016:10:54:02 +0800] "GET /category.php?category=2451&display=grid&brand=0&price_min=0&price_max=0&filter_attr=0&page=1&sort=last_update&order=DESC HTTP/1.1" 404 504 "-" "Mozilla/5.0 (compatible; bingbot/2.0; +http://www.bing.com/bingbot.htm)"
157.55.39.202 - - [20/Mar/2016:10:54:02 +0800] "GET /category.php?id=929&price_min=27&price_max=31&filter_attr=2438.0.0 HTTP/1.1" 404 504 "-" "Mozilla/5.0 (compatible; bingbot/2.0; +http://www.bing.com/bingbot.htm)"
157.55.39.117 - - [20/Mar/2016:10:54:32 +0800] "GET /category.php?id=3186&brand=89&price_min=0&price_max=0&filter_attr=2540.0.2501.0 HTTP/1.1" 404 505 "-" "Mozilla/5.0 (compatible; bingbot/2.0; +http://www.bing.com/bingbot.htm)"
157.55.39.202 - - [20/Mar/2016:10:56:15 +0800] "GET /brand.php?category=567&display=grid&brand=33&price_min=&price_max=&filter_attr=&page=1&sort=shop_price&order=ASC HTTP/1.1" 404 502 "-" "Mozilla/5.0 (compatible; bingbot/2.0; +http://www.bing.com/bingbot.htm)"
157.55.39.202 - - [20/Mar/2016:10:56:16 +0800] "GET /category.php?category=707&display=grid&brand=0&price_min=0&price_max=0&filter_attr=0.0.0.7513.0&page=1&sort=shop_price&order=ASC HTTP/1.1" 404 504 "-" "Mozilla/5.0 (compatible; bingbot/2.0; +http://www.bing.com/bingbot.htm)"
157.55.39.117 - - [20/Mar/2016:10:56:33 +0800] "GET /category.php?id=1647&brand=80&price_min=0&price_max=0&filter_attr=0.1832.0.1829.0 HTTP/1.1" 404 505 "-" "Mozilla/5.0 (compatible; bingbot/2.0; +http://www.bing.com/bingbot.htm)"
157.55.39.117 - - [20/Mar/2016:10:56:52 +0800] "GET /category.php?category=1633&display=grid&brand=72&price_min=6&price_max=11&filter_attr=0.0.0.2339.0.0&page=1&sort=click_count&order=DESC HTTP/1.1" 404 505 "-" "Mozilla/5.0 (compatible; bingbot/2.0; +http://www.bing.com/bingbot.htm)"
157.55.39.202 - - [20/Mar/2016:10:56:57 +0800] "GET /category.php?category=694&display=grid&brand=0&price_min=0&price_max=0&filter_attr=0&page=1&sort=last_update&order=DESC HTTP/1.1" 404 505 "-" "Mozilla/5.0 (compatible; bingbot/2.0; +http://www.bing.com/bingbot.htm)"
223.95.73.216 - - [20/Mar/2016:10:57:59 +0800] "GET http://wap.ip138.com/ HTTP/1.1" 200 3557 "-" "Apache-HttpClient/4.5 (Java/1.7.0_45)"
157.55.39.117 - - [20/Mar/2016:10:58:04 +0800] "GET /category.php?id=1879 HTTP/1.1" 404 505 "-" "Mozilla/5.0 (compatible; bingbot/2.0; +http://www.bing.com/bingbot.htm)"
157.55.39.202 - - [20/Mar/2016:10:58:19 +0800] "GET /category.php?id=1646&brand=96&price_min=0&price_max=0&filter_attr=0.1516.0.1491.0 HTTP/1.1" 404 505 "-" "Mozilla/5.0 (compatible; bingbot/2.0; +http://www.bing.com/bingbot.htm)"
157.55.39.202 - - [20/Mar/2016:10:58:34 +0800] "GET /category.php?id=1654&price_min=18&price_max=23&filter_attr=0.0.0.0.0 HTTP/1.1" 404 505 "-" "Mozilla/5.0 (compatible; bingbot/2.0; +http://www.bing.com/bingbot.htm)"
157.55.39.117 - - [20/Mar/2016:10:58:50 +0800] "GET /category.php?id=1646&brand=95&price_min=0&price_max=0&filter_attr=0.1496.0.1513.0 HTTP/1.1" 404 505 "-" "Mozilla/5.0 (compatible; bingbot/2.0; +http://www.bing.com/bingbot.htm)"
220.181.108.80 - - [20/Mar/2016:10:59:05 +0800] "GET /mobile/captcha.php?545856488 HTTP/1.1" 404 478 "-" "Baiduspider-image+(+http://www.baidu.com/search/spider.htm)"
157.55.39.202 - - [20/Mar/2016:11:01:28 +0800] "GET /category.php?id=1633&brand=93&price_min=31&price_max=36&filter_attr=1427.0.0.0.0.0 HTTP/1.1" 404 505 "-" "Mozilla/5.0 (compatible; bingbot/2.0; +http://www.bing.com/bingbot.htm)"
157.55.39.202 - - [20/Mar/2016:11:01:49 +0800] "GET /category.php?category=2887&display=grid&brand=126&price_min=0&price_max=0&filter_attr=0&page=1&sort=click_count&order=DESC HTTP/1.1" 404 505 "-" "Mozilla/5.0 (compatible; bingbot/2.0; +http://www.bing.com/bingbot.htm)"
157.55.39.117 - - [20/Mar/2016:11:02:09 +0800] "GET /category.php?category=3116&display=grid&brand=0&price_min=0&price_max=0&filter_attr=0&page=1&sort=click_count&order=ASC HTTP/1.1" 404 505 "-" "Mozilla/5.0 (compatible; bingbot/2.0; +http://www.bing.com/bingbot.htm)"
157.55.39.202 - - [20/Mar/2016:11:02:15 +0800] "GET /category.php?category=3128&display=grid&brand=0&price_min=0&price_max=0&filter_attr=0&page=1&sort=shop_price&order=ASC HTTP/1.1" 404 505 "-" "Mozilla/5.0 (compatible; bingbot/2.0; +http://www.bing.com/bingbot.htm)"
157.55.39.117 - - [20/Mar/2016:11:02:33 +0800] "GET /category.php?category=534&display=grid&brand=0&price_min=0&price_max=0&filter_attr=0&page=1&sort=click_count&order=DESC HTTP/1.1" 404 505 "-" "Mozilla/5.0 (compatible; bingbot/2.0; +http://www.bing.com/bingbot.htm)"
157.55.39.202 - - [20/Mar/2016:11:02:44 +0800] "GET /category.php?category=569&display=grid&brand=0&price_min=0&price_max=0&filter_attr=0&page=1&sort=goods_id&order=ASC HTTP/1.1" 404 505 "-" "Mozilla/5.0 (compatible; bingbot/2.0; +http://www.bing.com/bingbot.htm)"
157.55.39.117 - - [20/Mar/2016:11:03:24 +0800] "GET /category.php?id=1633&brand=101&price_min=11&price_max=16&filter_attr=0.0.0.2339.0.1431 HTTP/1.1" 404 505 "-" "Mozilla/5.0 (compatible; bingbot/2.0; +http://www.bing.com/bingbot.htm)"
157.55.39.117 - - [20/Mar/2016:11:03:26 +0800] "GET /category.php?id=1611&brand=97&price_min=4&price_max=10&filter_attr=0.2615.1362.0.0 HTTP/1.1" 404 505 "-" "Mozilla/5.0 (compatible; bingbot/2.0; +http://www.bing.com/bingbot.htm)"
157.55.39.117 - - [20/Mar/2016:11:04:09 +0800] "GET /category.php?id=1412 HTTP/1.1" 404 505 "-" "Mozilla/5.0 (compatible; bingbot/2.0; +http://www.bing.com/bingbot.htm)"
157.55.39.202 - - [20/Mar/2016:11:04:14 +0800] "GET /category.php?id=1611&brand=77&price_min=39&price_max=44&filter_attr=0.1361.1687.0.0 HTTP/1.1" 404 505 "-" "Mozilla/5.0 (compatible; bingbot/2.0; +http://www.bing.com/bingbot.htm)"
157.55.39.117 - - [20/Mar/2016:11:04:25 +0800] "GET /category.php?category=2851&display=grid&brand=0&price_min=0&price_max=0&filter_attr=0&page=1&sort=click_count&order=DESC HTTP/1.1" 404 505 "-" "Mozilla/5.0 (compatible; bingbot/2.0; +http://www.bing.com/bingbot.htm)"
157.55.39.117 - - [20/Mar/2016:11:04:26 +0800] "GET /category.php?id=1611&brand=109&price_min=10&price_max=16&filter_attr=0.1371.0.0.0 HTTP/1.1" 404 505 "-" "Mozilla/5.0 (compatible; bingbot/2.0; +http://www.bing.com/bingbot.htm)"
157.55.39.202 - - [20/Mar/2016:11:04:30 +0800] "GET /category.php?category=730&display=grid&brand=0&price_min=0&price_max=0&filter_attr=0&page=1&sort=goods_id&order=DESC HTTP/1.1" 404 505 "-" "Mozilla/5.0 (compatible; bingbot/2.0; +http://www.bing.com/bingbot.htm)"
157.55.39.202 - - [20/Mar/2016:11:05:26 +0800] "GET /category.php?category=565&display=grid&brand=32&price_min=0&price_max=0&filter_attr=7421.0&page=1&sort=shop_price&order=ASC HTTP/1.1" 404 505 "-" "Mozilla/5.0 (compatible; bingbot/2.0; +http://www.bing.com/bingbot.htm)"
157.55.39.117 - - [20/Mar/2016:11:05:29 +0800] "GET /brand.php?id=128&page=2&sort=shop_price&order=ASC HTTP/1.1" 404 502 "-" "Mozilla/5.0 (compatible; bingbot/2.0; +http://www.bing.com/bingbot.htm)"
157.55.39.202 - - [20/Mar/2016:11:06:15 +0800] "GET /category.php?category=564&display=grid&brand=0&price_min=0&price_max=0&filter_attr=0&page=1&sort=goods_id&order=DESC HTTP/1.1" 404 505 "-" "Mozilla/5.0 (compatible; bingbot/2.0; +http://www.bing.com/bingbot.htm)"
157.55.39.202 - - [20/Mar/2016:11:06:36 +0800] "GET /category.php?category=1647&display=grid&brand=123&price_min=17&price_max=24&filter_attr=0&page=1&sort=shop_price&order=ASC HTTP/1.1" 404 505 "-" "Mozilla/5.0 (compatible; bingbot/2.0; +http://www.bing.com/bingbot.htm)"
157.55.39.202 - - [20/Mar/2016:11:07:35 +0800] "GET /category.php?id=1633&brand=110&price_min=0&price_max=0&filter_attr=0.0.2344.0.0.0 HTTP/1.1" 404 505 "-" "Mozilla/5.0 (compatible; bingbot/2.0; +http://www.bing.com/bingbot.htm)"
157.55.39.202 - - [20/Mar/2016:11:07:40 +0800] "GET /category.php?category=2853&display=grid&brand=0&price_min=0&price_max=0&filter_attr=0&page=1&sort=shop_price&order=ASC HTTP/1.1" 404 505 "-" "Mozilla/5.0 (compatible; bingbot/2.0; +http://www.bing.com/bingbot.htm)"
157.55.39.202 - - [20/Mar/2016:11:09:06 +0800] "GET /category.php?id=565&brand=31&price_min=0&price_max=0&filter_attr=0.0 HTTP/1.1" 404 505 "-" "Mozilla/5.0 (compatible; bingbot/2.0; +http://www.bing.com/bingbot.htm)"
220.181.108.108 - - [20/Mar/2016:11:09:28 +0800] "GET /mobile/feed.php?cat=2487 HTTP/1.1" 404 475 "-" "Mozilla/5.0 (compatible; Baiduspider/2.0; +http://www.baidu.com/search/spider.html)"
157.55.39.202 - - [20/Mar/2016:11:10:31 +0800] "GET /brand.php?category=0&display=grid&brand=33&price_min=&price_max=&filter_attr=&page=8&sort=shop_price&order=ASC HTTP/1.1" 404 502 "-" "Mozilla/5.0 (compatible; bingbot/2.0; +http://www.bing.com/bingbot.htm)"
157.55.39.202 - - [20/Mar/2016:11:10:41 +0800] "GET /category.php?category=901&display=grid&brand=0&price_min=0&price_max=0&filter_attr=0&page=1&sort=click_count&order=DESC HTTP/1.1" 404 505 "-" "Mozilla/5.0 (compatible; bingbot/2.0; +http://www.bing.com/bingbot.htm)"
157.55.39.202 - - [20/Mar/2016:11:10:51 +0800] "GET /category.php?category=1633&display=grid&brand=0&price_min=0&price_max=0&filter_attr=0&page=5&sort=goods_id&order=ASC HTTP/1.1" 404 505 "-" "Mozilla/5.0 (compatible; bingbot/2.0; +http://www.bing.com/bingbot.htm)"
157.55.39.202 - - [20/Mar/2016:11:11:32 +0800] "GET /category.php?id=1611&brand=118&price_min=19&price_max=24&filter_attr=0.0.0.1363.0 HTTP/1.1" 404 505 "-" "Mozilla/5.0 (compatible; bingbot/2.0; +http://www.bing.com/bingbot.htm)"
157.55.39.202 - - [20/Mar/2016:11:11:33 +0800] "GET /category.php?category=2800&display=grid&brand=0&price_min=0&price_max=0&filter_attr=0&page=1&sort=click_count&order=DESC HTTP/1.1" 404 504 "-" "Mozilla/5.0 (compatible; bingbot/2.0; +http://www.bing.com/bingbot.htm)"
157.55.39.202 - - [20/Mar/2016:11:12:16 +0800] "GET /category.php?id=1633&brand=107&price_min=0&price_max=0&filter_attr=1427.1428.0.2339.0.0 HTTP/1.1" 404 505 "-" "Mozilla/5.0 (compatible; bingbot/2.0; +http://www.bing.com/bingbot.htm)"
157.55.39.202 - - [20/Mar/2016:11:12:17 +0800] "GET /category.php?id=565&price_min=0&price_max=0&filter_attr=8444.7465 HTTP/1.1" 404 504 "-" "Mozilla/5.0 (compatible; bingbot/2.0; +http://www.bing.com/bingbot.htm)"
157.55.39.202 - - [20/Mar/2016:11:12:46 +0800] "GET /category.php?category=533&display=grid&brand=0&price_min=0&price_max=0&filter_attr=6306.6304.0.0&page=1&sort=shop_price&order=ASC HTTP/1.1" 404 505 "-" "Mozilla/5.0 (compatible; bingbot/2.0; +http://www.bing.com/bingbot.htm)"
40.77.167.55 - - [20/Mar/2016:11:15:38 +0800] "GET /robots.txt HTTP/1.1" 404 503 "-" "Mozilla/5.0 (compatible; bingbot/2.0; +http://www.bing.com/bingbot.htm)"
157.55.39.202 - - [20/Mar/2016:11:15:53 +0800] "GET /category.php?id=565&brand=31&price_min=0&price_max=0&filter_attr=7449.8392 HTTP/1.1" 404 505 "-" "Mozilla/5.0 (compatible; bingbot/2.0; +http://www.bing.com/bingbot.htm)"
157.55.39.202 - - [20/Mar/2016:11:17:58 +0800] "GET /category.php?category=1633&display=grid&brand=70&price_min=0&price_max=0&filter_attr=1427.0.0.2339.0.0&page=1&sort=shop_price&order=ASC HTTP/1.1" 404 505 "-" "Mozilla/5.0 (compatible; bingbot/2.0; +http://www.bing.com/bingbot.htm)"
157.55.39.202 - - [20/Mar/2016:11:18:13 +0800] "GET /category.php?id=1646&price_min=0&price_max=14&filter_attr=1997.0.0.1513.0 HTTP/1.1" 404 505 "-" "Mozilla/5.0 (compatible; bingbot/2.0; +http://www.bing.com/bingbot.htm)"
123.125.71.34 - - [20/Mar/2016:11:19:52 +0800] "GET /mobile/category.php?id=543 HTTP/1.1" 404 479 "-" "Mozilla/5.0 (compatible; Baiduspider/2.0; +http://www.baidu.com/search/spider.html)"
157.55.39.202 - - [20/Mar/2016:11:19:58 +0800] "GET /category.php?category=1704&display=grid&brand=0&price_min=0&price_max=0&filter_attr=0&page=1&sort=shop_price&order=ASC HTTP/1.1" 404 505 "-" "Mozilla/5.0 (compatible; bingbot/2.0; +http://www.bing.com/bingbot.htm)"
157.55.39.202 - - [20/Mar/2016:11:20:13 +0800] "GET /category.php?id=1611&brand=109&price_min=39&price_max=44 HTTP/1.1" 404 505 "-" "Mozilla/5.0 (compatible; bingbot/2.0; +http://www.bing.com/bingbot.htm)"
157.55.39.202 - - [20/Mar/2016:11:20:24 +0800] "GET /category.php?category=549&display=grid&brand=136&price_min=0&price_max=0&filter_attr=0&page=1&sort=last_update&order=DESC HTTP/1.1" 404 505 "-" "Mozilla/5.0 (compatible; bingbot/2.0; +http://www.bing.com/bingbot.htm)"
157.55.39.202 - - [20/Mar/2016:11:20:43 +0800] "GET /category.php?category=2368&display=grid&brand=0&price_min=0&price_max=0&filter_attr=0&page=1&sort=shop_price&order=DESC HTTP/1.1" 404 505 "-" "Mozilla/5.0 (compatible; bingbot/2.0; +http://www.bing.com/bingbot.htm)"
157.55.39.202 - - [20/Mar/2016:11:21:30 +0800] "GET /category.php?id=1633&price_min=21&price_max=26&filter_attr=0.0.3492.0.0.1431 HTTP/1.1" 404 505 "-" "Mozilla/5.0 (compatible; bingbot/2.0; +http://www.bing.com/bingbot.htm)"
157.55.39.202 - - [20/Mar/2016:11:21:39 +0800] "GET /category.php?category=916&display=grid&brand=0&price_min=0&price_max=0&filter_attr=0&page=1&sort=click_count&order=DESC HTTP/1.1" 404 505 "-" "Mozilla/5.0 (compatible; bingbot/2.0; +http://www.bing.com/bingbot.htm)"
157.55.39.202 - - [20/Mar/2016:11:25:36 +0800] "GET /category.php?id=539&price_min=0&price_max=0 HTTP/1.1" 404 505 "-" "Mozilla/5.0 (compatible; bingbot/2.0; +http://www.bing.com/bingbot.htm)"
157.55.39.202 - - [20/Mar/2016:11:25:37 +0800] "GET /category.php?id=3186&price_min=0&price_max=0&filter_attr=2540.2570.0.0 HTTP/1.1" 404 505 "-" "Mozilla/5.0 (compatible; bingbot/2.0; +http://www.bing.com/bingbot.htm)"
157.55.39.202 - - [20/Mar/2016:11:25:37 +0800] "GET /category.php?category=1647&display=grid&brand=95&price_min=52&price_max=59&filter_attr=0&page=1&sort=click_count&order=DESC HTTP/1.1" 404 504 "-" "Mozilla/5.0 (compatible; bingbot/2.0; +http://www.bing.com/bingbot.htm)"
157.55.39.202 - - [20/Mar/2016:11:26:30 +0800] "GET /category.php?id=1646&brand=123&price_min=0&price_max=0&filter_attr=1997.0.0.1491.0 HTTP/1.1" 404 505 "-" "Mozilla/5.0 (compatible; bingbot/2.0; +http://www.bing.com/bingbot.htm)"
123.125.71.46 - - [20/Mar/2016:11:30:15 +0800] "GET /mobile/captcha.php?1170258160 HTTP/1.1" 404 478 "-" "Baiduspider-image+(+http://www.baidu.com/search/spider.htm)"
157.55.39.202 - - [20/Mar/2016:11:31:05 +0800] "GET /category.php?category=598&display=grid&brand=0&price_min=0&price_max=0&filter_attr=0&page=1&sort=last_update&order=DESC HTTP/1.1" 404 505 "-" "Mozilla/5.0 (compatible; bingbot/2.0; +http://www.bing.com/bingbot.htm)"
157.55.39.227 - - [20/Mar/2016:11:31:48 +0800] "GET /category.php?id=1647&brand=122&price_min=45&price_max=52&filter_attr=1825.1837.0.0.0 HTTP/1.1" 404 505 "-" "Mozilla/5.0 (compatible; bingbot/2.0; +http://www.bing.com/bingbot.htm)"
157.55.39.227 - - [20/Mar/2016:11:31:48 +0800] "GET /category.php?id=1611&brand=97&price_min=4&price_max=10&filter_attr=2604.0.1362.0.0 HTTP/1.1" 404 504 "-" "Mozilla/5.0 (compatible; bingbot/2.0; +http://www.bing.com/bingbot.htm)"
157.55.39.227 - - [20/Mar/2016:11:31:48 +0800] "GET /category.php?id=1611&brand=76&price_min=4&price_max=9&filter_attr=1360.0.1362.0.0 HTTP/1.1" 404 504 "-" "Mozilla/5.0 (compatible; bingbot/2.0; +http://www.bing.com/bingbot.htm)"
157.55.39.227 - - [20/Mar/2016:11:31:49 +0800] "GET /category.php?id=512&price_min=9000&price_max=12000&filter_attr=0.0.0.9993.0 HTTP/1.1" 404 504 "-" "Mozilla/5.0 (compatible; bingbot/2.0; +http://www.bing.com/bingbot.htm)"
157.55.39.227 - - [20/Mar/2016:11:31:49 +0800] "GET /category.php?id=515&price_min=590&price_max=600 HTTP/1.1" 404 504 "-" "Mozilla/5.0 (compatible; bingbot/2.0; +http://www.bing.com/bingbot.htm)"
157.55.39.227 - - [20/Mar/2016:11:31:49 +0800] "GET /category.php?id=1646&brand=99&price_min=14&price_max=28&filter_attr=0.1496.0.0.0 HTTP/1.1" 404 504 "-" "Mozilla/5.0 (compatible; bingbot/2.0; +http://www.bing.com/bingbot.htm)"
157.55.39.227 - - [20/Mar/2016:11:31:50 +0800] "GET /category.php?id=1633&brand=101&price_min=0&price_max=0&filter_attr=0.1428.0.1435.0.0 HTTP/1.1" 404 504 "-" "Mozilla/5.0 (compatible; bingbot/2.0; +http://www.bing.com/bingbot.htm)"
157.55.39.227 - - [20/Mar/2016:11:31:50 +0800] "GET /category.php?id=1647&brand=122&price_min=52&price_max=59&filter_attr=0.0.0.0.1880 HTTP/1.1" 404 504 "-" "Mozilla/5.0 (compatible; bingbot/2.0; +http://www.bing.com/bingbot.htm)"
157.55.39.227 - - [20/Mar/2016:11:31:50 +0800] "GET /category.php?id=1646&price_min=84&price_max=98&filter_attr=1525.0.0.1774.0 HTTP/1.1" 404 504 "-" "Mozilla/5.0 (compatible; bingbot/2.0; +http://www.bing.com/bingbot.htm)"
157.55.39.227 - - [20/Mar/2016:11:31:50 +0800] "GET /category.php?id=578&price_min=4&price_max=9&filter_attr=8368.0 HTTP/1.1" 404 504 "-" "Mozilla/5.0 (compatible; bingbot/2.0; +http://www.bing.com/bingbot.htm)"
157.55.39.227 - - [20/Mar/2016:11:31:51 +0800] "GET /category.php?category=948&display=grid&brand=0&price_min=0&price_max=0&filter_attr=0&page=1&sort=goods_id&order=ASC HTTP/1.1" 404 504 "-" "Mozilla/5.0 (compatible; bingbot/2.0; +http://www.bing.com/bingbot.htm)"
157.55.39.227 - - [20/Mar/2016:11:31:51 +0800] "GET /category.php?category=548&display=grid&brand=144&price_min=0&price_max=0&filter_attr=0&page=1&sort=goods_id&order=ASC HTTP/1.1" 404 504 "-" "Mozilla/5.0 (compatible; bingbot/2.0; +http://www.bing.com/bingbot.htm)"
157.55.39.227 - - [20/Mar/2016:11:31:51 +0800] "GET /category.php?id=565&price_min=280&price_max=350&filter_attr=8438.0 HTTP/1.1" 404 504 "-" "Mozilla/5.0 (compatible; bingbot/2.0; +http://www.bing.com/bingbot.htm)"
157.55.39.227 - - [20/Mar/2016:11:31:51 +0800] "GET /category.php?category=2378&display=grid&brand=0&price_min=0&price_max=0&filter_attr=0&page=1&sort=last_update&order=DESC HTTP/1.1" 404 504 "-" "Mozilla/5.0 (compatible; bingbot/2.0; +http://www.bing.com/bingbot.htm)"
157.55.39.227 - - [20/Mar/2016:11:31:52 +0800] "GET /category.php?id=1646&brand=122&price_min=28&price_max=42&filter_attr=0.0.0.1491.0 HTTP/1.1" 404 504 "-" "Mozilla/5.0 (compatible; bingbot/2.0; +http://www.bing.com/bingbot.htm)"
157.55.39.227 - - [20/Mar/2016:11:31:52 +0800] "GET /category.php?id=1654&price_min=18&price_max=23&filter_attr=2751.0.0.0.0 HTTP/1.1" 404 504 "-" "Mozilla/5.0 (compatible; bingbot/2.0; +http://www.bing.com/bingbot.htm)"
157.55.39.227 - - [20/Mar/2016:11:31:53 +0800] "GET /brand.php?category=0&display=grid&brand=101&price_min=&price_max=&filter_attr=&page=1&sort=last_update&order=DESC HTTP/1.1" 404 501 "-" "Mozilla/5.0 (compatible; bingbot/2.0; +http://www.bing.com/bingbot.htm)"
157.55.39.227 - - [20/Mar/2016:11:31:53 +0800] "GET /category.php?category=1646&display=grid&brand=123&price_min=14&price_max=28&filter_attr=0.0.0.1491.0&page=1&sort=goods_id&order=ASC HTTP/1.1" 404 504 "-" "Mozilla/5.0 (compatible; bingbot/2.0; +http://www.bing.com/bingbot.htm)"
157.55.39.227 - - [20/Mar/2016:11:31:54 +0800] "GET /category.php?category=565&display=grid&brand=0&price_min=140&price_max=210&filter_attr=7443.0&page=1&sort=shop_price&order=ASC HTTP/1.1" 404 504 "-" "Mozilla/5.0 (compatible; bingbot/2.0; +http://www.bing.com/bingbot.htm)"
157.55.39.227 - - [20/Mar/2016:11:31:54 +0800] "GET /category.php?id=1611&brand=118&price_min=34&price_max=39&filter_attr=0.2615.1687.0.0 HTTP/1.1" 404 504 "-" "Mozilla/5.0 (compatible; bingbot/2.0; +http://www.bing.com/bingbot.htm)"
157.55.39.227 - - [20/Mar/2016:11:31:54 +0800] "GET /category.php?category=516&display=grid&brand=0&price_min=0&price_max=0&filter_attr=0&page=1&sort=last_update&order=ASC HTTP/1.1" 404 504 "-" "Mozilla/5.0 (compatible; bingbot/2.0; +http://www.bing.com/bingbot.htm)"
157.55.39.227 - - [20/Mar/2016:11:31:54 +0800] "GET /category.php?category=2848&display=grid&brand=0&price_min=0&price_max=0&filter_attr=0&page=1&sort=last_update&order=DESC HTTP/1.1" 404 504 "-" "Mozilla/5.0 (compatible; bingbot/2.0; +http://www.bing.com/bingbot.htm)"
157.55.39.227 - - [20/Mar/2016:11:31:55 +0800] "GET /category.php?id=1611&price_min=34&price_max=39&filter_attr=0.0.0.1363.1364 HTTP/1.1" 404 504 "-" "Mozilla/5.0 (compatible; bingbot/2.0; +http://www.bing.com/bingbot.htm)"
157.55.39.227 - - [20/Mar/2016:11:31:55 +0800] "GET /goods.php?id=4527 HTTP/1.1" 404 501 "-" "Mozilla/5.0 (compatible; bingbot/2.0; +http://www.bing.com/bingbot.htm)"
157.55.39.227 - - [20/Mar/2016:11:31:55 +0800] "GET /category.php?id=510&price_min=3500&price_max=4200&filter_attr=0.0.0.0 HTTP/1.1" 404 504 "-" "Mozilla/5.0 (compatible; bingbot/2.0; +http://www.bing.com/bingbot.htm)"
157.55.39.227 - - [20/Mar/2016:11:31:56 +0800] "GET /category.php?id=512&price_min=7000&price_max=9000&filter_attr=0.0.0.0.0 HTTP/1.1" 404 504 "-" "Mozilla/5.0 (compatible; bingbot/2.0; +http://www.bing.com/bingbot.htm)"
157.55.39.227 - - [20/Mar/2016:11:31:56 +0800] "GET /category.php?id=1021&price_min=0&price_max=0&page=2&sort=click_count&order=DESC HTTP/1.1" 404 504 "-" "Mozilla/5.0 (compatible; bingbot/2.0; +http://www.bing.com/bingbot.htm)"
157.55.39.227 - - [20/Mar/2016:11:31:56 +0800] "GET /category.php?id=2885&price_min=0&price_max=0&page=5&sort=goods_id&order=DESC HTTP/1.1" 404 504 "-" "Mozilla/5.0 (compatible; bingbot/2.0; +http://www.bing.com/bingbot.htm)"
157.55.39.227 - - [20/Mar/2016:11:31:57 +0800] "GET /category.php?id=926&brand=81&price_min=0&price_max=0&filter_attr=1535.0.2378 HTTP/1.1" 404 504 "-" "Mozilla/5.0 (compatible; bingbot/2.0; +http://www.bing.com/bingbot.htm)"
157.55.39.227 - - [20/Mar/2016:11:31:57 +0800] "GET /category.php?category=1611&display=grid&brand=97&price_min=24&price_max=29&filter_attr=2604.0.0.0.0&page=1&sort=click_count&order=DESC HTTP/1.1" 404 504 "-" "Mozilla/5.0 (compatible; bingbot/2.0; +http://www.bing.com/bingbot.htm)"
157.55.39.202 - - [20/Mar/2016:11:32:41 +0800] "GET /category.php?category=2849&display=grid&brand=0&price_min=0&price_max=0&filter_attr=0&page=1&sort=shop_price&order=ASC HTTP/1.1" 404 505 "-" "Mozilla/5.0 (compatible; bingbot/2.0; +http://www.bing.com/bingbot.htm)"
157.55.39.202 - - [20/Mar/2016:11:34:52 +0800] "GET /category.php?category=2485&display=grid&brand=0&price_min=0&price_max=0&filter_attr=0&page=1&sort=goods_id&order=ASC HTTP/1.1" 404 505 "-" "Mozilla/5.0 (compatible; bingbot/2.0; +http://www.bing.com/bingbot.htm)"
157.55.39.202 - - [20/Mar/2016:11:36:02 +0800] "GET /category.php?id=929&price_min=27&price_max=31&filter_attr=2444.0.0 HTTP/1.1" 404 505 "-" "Mozilla/5.0 (compatible; bingbot/2.0; +http://www.bing.com/bingbot.htm)"
157.55.39.202 - - [20/Mar/2016:11:36:47 +0800] "GET /category.php?id=1633&brand=72&price_min=31&price_max=36&filter_attr=0.0.0.0.1436.1431 HTTP/1.1" 404 505 "-" "Mozilla/5.0 (compatible; bingbot/2.0; +http://www.bing.com/bingbot.htm)"
157.55.39.202 - - [20/Mar/2016:11:37:07 +0800] "GET /category.php?category=2444&display=grid&brand=0&price_min=0&price_max=0&filter_attr=0&page=1&sort=goods_id&order=DESC HTTP/1.1" 404 505 "-" "Mozilla/5.0 (compatible; bingbot/2.0; +http://www.bing.com/bingbot.htm)"
157.55.39.202 - - [20/Mar/2016:11:37:17 +0800] "GET /category.php?id=1611&price_min=24&price_max=29&filter_attr=0.1361.1362.0.1364 HTTP/1.1" 404 505 "-" "Mozilla/5.0 (compatible; bingbot/2.0; +http://www.bing.com/bingbot.htm)"
157.55.39.202 - - [20/Mar/2016:11:39:43 +0800] "GET /category.php?id=1611&price_min=34&price_max=39&filter_attr=0.2615.1687.1363.0 HTTP/1.1" 404 505 "-" "Mozilla/5.0 (compatible; bingbot/2.0; +http://www.bing.com/bingbot.htm)"
157.55.39.202 - - [20/Mar/2016:11:39:48 +0800] "GET /category.php?category=2883&display=grid&brand=74&price_min=0&price_max=0&filter_attr=0&page=1&sort=click_count&order=DESC HTTP/1.1" 404 505 "-" "Mozilla/5.0 (compatible; bingbot/2.0; +http://www.bing.com/bingbot.htm)"
157.55.39.202 - - [20/Mar/2016:11:40:13 +0800] "GET /category.php?id=929&price_min=0&price_max=0&filter_attr=0.2871.2892 HTTP/1.1" 404 505 "-" "Mozilla/5.0 (compatible; bingbot/2.0; +http://www.bing.com/bingbot.htm)"
157.55.39.202 - - [20/Mar/2016:11:40:28 +0800] "GET /category.php?category=1647&display=grid&brand=123&price_min=17&price_max=24&filter_attr=0&page=1&sort=last_update&order=DESC HTTP/1.1" 404 505 "-" "Mozilla/5.0 (compatible; bingbot/2.0; +http://www.bing.com/bingbot.htm)"
220.181.108.75 - - [20/Mar/2016:11:40:39 +0800] "GET /mobile/category.php?id=2737 HTTP/1.1" 404 479 "-" "Mozilla/5.0 (compatible; Baiduspider/2.0; +http://www.baidu.com/search/spider.html)"
157.55.39.117 - - [20/Mar/2016:11:42:06 +0800] "GET /category.php?id=512&price_min=10000&price_max=12000&filter_attr=0.0.0.0.10064 HTTP/1.1" 404 505 "-" "Mozilla/5.0 (compatible; bingbot/2.0; +http://www.bing.com/bingbot.htm)"
157.55.39.117 - - [20/Mar/2016:11:42:32 +0800] "GET /category.php?id=1857 HTTP/1.1" 404 505 "-" "Mozilla/5.0 (compatible; bingbot/2.0; +http://www.bing.com/bingbot.htm)"
157.55.39.202 - - [20/Mar/2016:11:42:53 +0800] "GET /category.php?category=888&display=grid&brand=0&price_min=0&price_max=0&filter_attr=0&page=1&sort=goods_id&order=ASC HTTP/1.1" 404 505 "-" "Mozilla/5.0 (compatible; bingbot/2.0; +http://www.bing.com/bingbot.htm)"
157.55.39.202 - - [20/Mar/2016:11:43:29 +0800] "GET /category.php?id=1611&brand=76&price_min=24&price_max=29&filter_attr=0.1366.0.1363.0 HTTP/1.1" 404 505 "-" "Mozilla/5.0 (compatible; bingbot/2.0; +http://www.bing.com/bingbot.htm)"
157.55.39.117 - - [20/Mar/2016:11:44:13 +0800] "GET /category.php?category=1647&display=grid&brand=0&price_min=52&price_max=59&filter_attr=0.0.1827.0.0&page=1&sort=goods_id&order=ASC HTTP/1.1" 404 505 "-" "Mozilla/5.0 (compatible; bingbot/2.0; +http://www.bing.com/bingbot.htm)"
157.55.39.202 - - [20/Mar/2016:11:44:44 +0800] "GET /category.php?category=924&display=grid&brand=0&price_min=0&price_max=0&filter_attr=0&page=7&sort=shop_price&order=DESC HTTP/1.1" 404 505 "-" "Mozilla/5.0 (compatible; bingbot/2.0; +http://www.bing.com/bingbot.htm)"
157.55.39.202 - - [20/Mar/2016:11:44:45 +0800] "GET /category.php?id=1611&price_min=34&price_max=40&filter_attr=0.1631.0.0.1364 HTTP/1.1" 404 504 "-" "Mozilla/5.0 (compatible; bingbot/2.0; +http://www.bing.com/bingbot.htm)"
157.55.39.117 - - [20/Mar/2016:11:44:49 +0800] "GET /category.php?id=1633&brand=110&price_min=26&price_max=31&filter_attr=0.0.3492.0.1436.0 HTTP/1.1" 404 505 "-" "Mozilla/5.0 (compatible; bingbot/2.0; +http://www.bing.com/bingbot.htm)"
157.55.39.117 - - [20/Mar/2016:11:44:49 +0800] "GET /category.php?id=1646&brand=118&price_min=0&price_max=14&filter_attr=0.0.0.1774.0 HTTP/1.1" 404 504 "-" "Mozilla/5.0 (compatible; bingbot/2.0; +http://www.bing.com/bingbot.htm)"
157.55.39.202 - - [20/Mar/2016:11:46:15 +0800] "GET /category.php?id=1611&brand=109&price_min=24&price_max=29&filter_attr=0.1371.0.0.0 HTTP/1.1" 404 505 "-" "Mozilla/5.0 (compatible; bingbot/2.0; +http://www.bing.com/bingbot.htm)"
157.55.39.202 - - [20/Mar/2016:11:46:47 +0800] "GET /category.php?id=1646&price_min=56&price_max=70&filter_attr=1495.0.1762.0.0 HTTP/1.1" 404 505 "-" "Mozilla/5.0 (compatible; bingbot/2.0; +http://www.bing.com/bingbot.htm)"
157.55.39.227 - - [20/Mar/2016:11:48:15 +0800] "GET /category.php?id=1633&price_min=6&price_max=11&filter_attr=0.0.2344.2339.0.1431 HTTP/1.1" 404 505 "-" "Mozilla/5.0 (compatible; bingbot/2.0; +http://www.bing.com/bingbot.htm)"
157.55.39.227 - - [20/Mar/2016:11:48:15 +0800] "GET /category.php?id=1633&brand=72&price_min=0&price_max=0&filter_attr=0.1428.1429.0.1436.0 HTTP/1.1" 404 504 "-" "Mozilla/5.0 (compatible; bingbot/2.0; +http://www.bing.com/bingbot.htm)"
157.55.39.227 - - [20/Mar/2016:11:48:15 +0800] "GET /category.php?id=926&price_min=20&price_max=30&filter_attr=2379.3027.0 HTTP/1.1" 404 504 "-" "Mozilla/5.0 (compatible; bingbot/2.0; +http://www.bing.com/bingbot.htm)"
157.55.39.227 - - [20/Mar/2016:11:48:16 +0800] "GET /brand.php?category=0&display=grid&brand=121&price_min=&price_max=&filter_attr=&page=1&sort=last_update&order=ASC HTTP/1.1" 404 501 "-" "Mozilla/5.0 (compatible; bingbot/2.0; +http://www.bing.com/bingbot.htm)"
157.55.39.227 - - [20/Mar/2016:11:48:16 +0800] "GET /category.php?id=920&brand=239&price_min=0&price_max=0 HTTP/1.1" 404 504 "-" "Mozilla/5.0 (compatible; bingbot/2.0; +http://www.bing.com/bingbot.htm)"
157.55.39.227 - - [20/Mar/2016:11:48:16 +0800] "GET /category.php?category=1611&display=grid&brand=0&price_min=4&price_max=9&filter_attr=1360.0.1362.0.0&page=1&sort=click_count&order=DESC HTTP/1.1" 404 504 "-" "Mozilla/5.0 (compatible; bingbot/2.0; +http://www.bing.com/bingbot.htm)"
157.55.39.227 - - [20/Mar/2016:11:48:16 +0800] "GET /category.php?id=926&price_min=0&price_max=10&filter_attr=1538.0.1589 HTTP/1.1" 404 504 "-" "Mozilla/5.0 (compatible; bingbot/2.0; +http://www.bing.com/bingbot.htm)"
157.55.39.227 - - [20/Mar/2016:11:48:17 +0800] "GET /category.php?category=2882&display=grid&brand=144&price_min=0&price_max=0&filter_attr=0&page=1&sort=click_count&order=DESC HTTP/1.1" 404 504 "-" "Mozilla/5.0 (compatible; bingbot/2.0; +http://www.bing.com/bingbot.htm)"
157.55.39.227 - - [20/Mar/2016:11:48:17 +0800] "GET /category.php?category=2638&display=grid&brand=0&price_min=0&price_max=0&filter_attr=0&page=1&sort=goods_id&order=ASC HTTP/1.1" 404 504 "-" "Mozilla/5.0 (compatible; bingbot/2.0; +http://www.bing.com/bingbot.htm)"
157.55.39.227 - - [20/Mar/2016:11:48:17 +0800] "GET /category.php?category=2575&display=grid&brand=0&price_min=0&price_max=0&filter_attr=0&page=1&sort=last_update&order=DESC HTTP/1.1" 404 504 "-" "Mozilla/5.0 (compatible; bingbot/2.0; +http://www.bing.com/bingbot.htm)"
157.55.39.227 - - [20/Mar/2016:11:48:17 +0800] "GET /category.php?id=1647&brand=123&price_min=0&price_max=0&filter_attr=0.1832.0.1829.0 HTTP/1.1" 404 504 "-" "Mozilla/5.0 (compatible; bingbot/2.0; +http://www.bing.com/bingbot.htm)"
157.55.39.227 - - [20/Mar/2016:11:48:18 +0800] "GET /category.php?id=1638&price_min=9&price_max=10 HTTP/1.1" 404 504 "-" "Mozilla/5.0 (compatible; bingbot/2.0; +http://www.bing.com/bingbot.htm)"
157.55.39.227 - - [20/Mar/2016:11:48:18 +0800] "GET /category.php?id=1633&brand=100&price_min=31&price_max=36&filter_attr=0.0.1429.0.0.0 HTTP/1.1" 404 504 "-" "Mozilla/5.0 (compatible; bingbot/2.0; +http://www.bing.com/bingbot.htm)"
157.55.39.227 - - [20/Mar/2016:11:48:18 +0800] "GET /category.php?category=2664&display=grid&brand=0&price_min=0&price_max=0&filter_attr=0.0.0.0.0&page=1&sort=last_update&order=DESC HTTP/1.1" 404 504 "-" "Mozilla/5.0 (compatible; bingbot/2.0; +http://www.bing.com/bingbot.htm)"
157.55.39.227 - - [20/Mar/2016:11:48:19 +0800] "GET /category.php?category=510&display=grid&brand=0&price_min=2800&price_max=3500&filter_attr=0&page=1&sort=shop_price&order=ASC HTTP/1.1" 404 504 "-" "Mozilla/5.0 (compatible; bingbot/2.0; +http://www.bing.com/bingbot.htm)"
157.55.39.227 - - [20/Mar/2016:11:48:20 +0800] "GET /category.php?category=697&display=grid&brand=0&price_min=0&price_max=0&filter_attr=0&page=1&sort=shop_price&order=DESC HTTP/1.1" 404 504 "-" "Mozilla/5.0 (compatible; bingbot/2.0; +http://www.bing.com/bingbot.htm)"
157.55.39.227 - - [20/Mar/2016:11:48:22 +0800] "GET /category.php?category=1011&display=grid&brand=0&price_min=0&price_max=0&filter_attr=0&page=1&sort=click_count&order=ASC HTTP/1.1" 404 504 "-" "Mozilla/5.0 (compatible; bingbot/2.0; +http://www.bing.com/bingbot.htm)"
157.55.39.227 - - [20/Mar/2016:11:48:22 +0800] "GET /category.php?id=1633&brand=100&price_min=31&price_max=36&filter_attr=1427.0.0.2339.0.0 HTTP/1.1" 404 504 "-" "Mozilla/5.0 (compatible; bingbot/2.0; +http://www.bing.com/bingbot.htm)"
157.55.39.227 - - [20/Mar/2016:11:48:22 +0800] "GET /brand.php?id=327&cat=2890 HTTP/1.1" 404 501 "-" "Mozilla/5.0 (compatible; bingbot/2.0; +http://www.bing.com/bingbot.htm)"
157.55.39.227 - - [20/Mar/2016:11:48:23 +0800] "GET /category.php?id=510&price_min=3500&price_max=4200&filter_attr=0.7813.0.0 HTTP/1.1" 404 504 "-" "Mozilla/5.0 (compatible; bingbot/2.0; +http://www.bing.com/bingbot.htm)"
157.55.39.227 - - [20/Mar/2016:11:48:23 +0800] "GET /category.php?category=2433&display=grid&brand=0&price_min=0&price_max=0&filter_attr=0&page=1&sort=last_update&order=DESC HTTP/1.1" 404 504 "-" "Mozilla/5.0 (compatible; bingbot/2.0; +http://www.bing.com/bingbot.htm)"
157.55.39.227 - - [20/Mar/2016:11:48:23 +0800] "GET /category.php?category=942&display=grid&brand=0&price_min=0&price_max=0&filter_attr=0&page=1&sort=last_update&order=DESC HTTP/1.1" 404 504 "-" "Mozilla/5.0 (compatible; bingbot/2.0; +http://www.bing.com/bingbot.htm)"
157.55.39.227 - - [20/Mar/2016:11:48:24 +0800] "GET /category.php?id=687&price_min=0&price_max=0 HTTP/1.1" 404 504 "-" "Mozilla/5.0 (compatible; bingbot/2.0; +http://www.bing.com/bingbot.htm)"
157.55.39.227 - - [20/Mar/2016:11:48:24 +0800] "GET /category.php?id=1647&brand=123&price_min=45&price_max=52&filter_attr=0.0.0.1829.0 HTTP/1.1" 404 504 "-" "Mozilla/5.0 (compatible; bingbot/2.0; +http://www.bing.com/bingbot.htm)"
157.55.39.227 - - [20/Mar/2016:11:48:24 +0800] "GET /category.php?id=1646&price_min=84&price_max=98&filter_attr=1997.1496.0.0.0 HTTP/1.1" 404 504 "-" "Mozilla/5.0 (compatible; bingbot/2.0; +http://www.bing.com/bingbot.htm)"
157.55.39.227 - - [20/Mar/2016:11:48:24 +0800] "GET /category.php?category=1611&display=grid&brand=0&price_min=24&price_max=29&filter_attr=0.0.1637.0.1364&page=1&sort=shop_price&order=ASC HTTP/1.1" 404 504 "-" "Mozilla/5.0 (compatible; bingbot/2.0; +http://www.bing.com/bingbot.htm)"
157.55.39.227 - - [20/Mar/2016:11:48:25 +0800] "GET /category.php?id=680&brand=238&price_min=0&price_max=0 HTTP/1.1" 404 504 "-" "Mozilla/5.0 (compatible; bingbot/2.0; +http://www.bing.com/bingbot.htm)"
157.55.39.227 - - [20/Mar/2016:11:48:25 +0800] "GET /category.php?id=1646&price_min=84&price_max=98&filter_attr=0.0.0.1518.0 HTTP/1.1" 404 504 "-" "Mozilla/5.0 (compatible; bingbot/2.0; +http://www.bing.com/bingbot.htm)"
157.55.39.227 - - [20/Mar/2016:11:48:25 +0800] "GET /category.php?id=510&price_min=0&price_max=0&filter_attr=6419.7813.0.0 HTTP/1.1" 404 504 "-" "Mozilla/5.0 (compatible; bingbot/2.0; +http://www.bing.com/bingbot.htm)"
157.55.39.227 - - [20/Mar/2016:11:48:26 +0800] "GET /category.php?id=1633&price_min=21&price_max=26&filter_attr=0.0.3492.2339.0.1431 HTTP/1.1" 404 504 "-" "Mozilla/5.0 (compatible; bingbot/2.0; +http://www.bing.com/bingbot.htm)"
157.55.39.202 - - [20/Mar/2016:11:48:38 +0800] "GET /category.php?category=1647&display=grid&brand=94&price_min=0&price_max=0&filter_attr=0.1830.0.0.0&page=1&sort=shop_price&order=ASC HTTP/1.1" 404 505 "-" "Mozilla/5.0 (compatible; bingbot/2.0; +http://www.bing.com/bingbot.htm)"
220.181.108.143 - - [20/Mar/2016:11:51:03 +0800] "GET /mobile/category.php?category=2883&display=grid&brand=0&price_min=0&price_max=0&filter_attr=0&page=26&sort=goods_id&order=DESC HTTP/1.1" 404 479 "-" "Mozilla/5.0 (compatible; Baiduspider/2.0; +http://www.baidu.com/search/spider.html)"
157.55.39.202 - - [20/Mar/2016:11:52:32 +0800] "GET /category.php?category=1633&display=grid&brand=70&price_min=31&price_max=36&filter_attr=0&page=1&sort=shop_price&order=ASC HTTP/1.1" 404 505 "-" "Mozilla/5.0 (compatible; bingbot/2.0; +http://www.bing.com/bingbot.htm)"
157.55.39.202 - - [20/Mar/2016:11:54:26 +0800] "GET /category.php?id=1611&brand=118&price_min=4&price_max=9&filter_attr=0.0.0.0.0 HTTP/1.1" 404 505 "-" "Mozilla/5.0 (compatible; bingbot/2.0; +http://www.bing.com/bingbot.htm)"
157.55.39.202 - - [20/Mar/2016:11:56:36 +0800] "GET /brand.php?category=0&display=grid&brand=25&price_min=&price_max=&filter_attr=&page=2&sort=click_count&order=DESC HTTP/1.1" 404 502 "-" "Mozilla/5.0 (compatible; bingbot/2.0; +http://www.bing.com/bingbot.htm)"
157.55.39.202 - - [20/Mar/2016:11:57:37 +0800] "GET /category.php?id=1611&brand=109&price_min=34&price_max=39&filter_attr=0.0.0.0.1634 HTTP/1.1" 404 505 "-" "Mozilla/5.0 (compatible; bingbot/2.0; +http://www.bing.com/bingbot.htm)"
207.46.13.183 - - [20/Mar/2016:11:57:53 +0800] "GET /category.php?category=1611&display=grid&brand=0&price_min=0&price_max=0&filter_attr=0.1371.1637.0.0&page=1&sort=last_update&order=DESC HTTP/1.1" 404 505 "-" "Mozilla/5.0 (compatible; bingbot/2.0; +http://www.bing.com/bingbot.htm)"
207.46.13.183 - - [20/Mar/2016:11:57:53 +0800] "GET /category.php?category=548&display=grid&brand=35&price_min=0&price_max=0&filter_attr=0&page=1&sort=last_update&order=DESC HTTP/1.1" 404 504 "-" "Mozilla/5.0 (compatible; bingbot/2.0; +http://www.bing.com/bingbot.htm)"
157.55.39.202 - - [20/Mar/2016:11:58:17 +0800] "GET /category.php?id=2664&brand=90&price_min=0&price_max=0&filter_attr=0.0.2427.0.0 HTTP/1.1" 404 505 "-" "Mozilla/5.0 (compatible; bingbot/2.0; +http://www.bing.com/bingbot.htm)"
207.46.13.183 - - [20/Mar/2016:11:59:00 +0800] "GET /category.php?category=1611&display=grid&brand=0&price_min=0&price_max=0&filter_attr=0.1361.1362.0.0&page=1&sort=last_update&order=DESC HTTP/1.1" 404 505 "-" "Mozilla/5.0 (compatible; bingbot/2.0; +http://www.bing.com/bingbot.htm)"
207.46.13.183 - - [20/Mar/2016:11:59:03 +0800] "GET /category.php?id=1611&brand=109&price_min=0&price_max=0&filter_attr=0.1631.0.0.0 HTTP/1.1" 404 505 "-" "Mozilla/5.0 (compatible; bingbot/2.0; +http://www.bing.com/bingbot.htm)"
123.125.71.46 - - [20/Mar/2016:11:59:43 +0800] "GET /data/brandlogo/1240803412367015368.gif HTTP/1.1" 404 494 "-" "Baiduspider-image+(+http://www.baidu.com/search/spider.htm)"
207.46.13.183 - - [20/Mar/2016:12:00:09 +0800] "GET /category.php?id=1004&brand=261&price_min=0&price_max=0 HTTP/1.1" 404 505 "-" "Mozilla/5.0 (compatible; bingbot/2.0; +http://www.bing.com/bingbot.htm)"
157.55.39.202 - - [20/Mar/2016:12:00:12 +0800] "GET /category.php?id=926&brand=81&price_min=0&price_max=0&filter_attr=2409.0.1589 HTTP/1.1" 404 505 "-" "Mozilla/5.0 (compatible; bingbot/2.0; +http://www.bing.com/bingbot.htm)"
207.46.13.183 - - [20/Mar/2016:12:00:30 +0800] "GET /category.php?category=510&display=grid&brand=0&price_min=0&price_max=0&filter_attr=0.0.0.5987&page=1&sort=goods_id&order=ASC HTTP/1.1" 404 505 "-" "Mozilla/5.0 (compatible; bingbot/2.0; +http://www.bing.com/bingbot.htm)"
220.181.108.92 - - [20/Mar/2016:12:01:26 +0800] "GET /mobile/feed.php?brand=70 HTTP/1.1" 404 475 "-" "Mozilla/5.0 (compatible; Baiduspider/2.0; +http://www.baidu.com/search/spider.html)"
157.55.39.202 - - [20/Mar/2016:12:01:34 +0800] "GET /category.php?id=1611&price_min=0&price_max=0&filter_attr=1360.1361.1362.0.1634 HTTP/1.1" 404 505 "-" "Mozilla/5.0 (compatible; bingbot/2.0; +http://www.bing.com/bingbot.htm)"
207.46.13.183 - - [20/Mar/2016:12:02:11 +0800] "GET /category.php?id=1647&brand=94&price_min=24&price_max=31&filter_attr=0.1837.1827.0.0 HTTP/1.1" 404 505 "-" "Mozilla/5.0 (compatible; bingbot/2.0; +http://www.bing.com/bingbot.htm)"
207.46.13.183 - - [20/Mar/2016:12:02:11 +0800] "GET /category.php?id=1647&brand=122&price_min=45&price_max=52&filter_attr=0.0.0.0.1880 HTTP/1.1" 404 504 "-" "Mozilla/5.0 (compatible; bingbot/2.0; +http://www.bing.com/bingbot.htm)"
207.46.13.183 - - [20/Mar/2016:12:02:14 +0800] "GET /category.php?category=1611&display=grid&brand=0&price_min=24&price_max=29&filter_attr=0.0.1687.0.0&page=1&sort=shop_price&order=DESC HTTP/1.1" 404 505 "-" "Mozilla/5.0 (compatible; bingbot/2.0; +http://www.bing.com/bingbot.htm)"
157.55.39.202 - - [20/Mar/2016:12:02:48 +0800] "GET /category.php?category=2884&display=grid&brand=0&price_min=0&price_max=0&filter_attr=0&page=1&sort=shop_price&order=DESC HTTP/1.1" 404 505 "-" "Mozilla/5.0 (compatible; bingbot/2.0; +http://www.bing.com/bingbot.htm)"
207.46.13.183 - - [20/Mar/2016:12:03:27 +0800] "GET /category.php?category=512&display=grid&brand=0&price_min=0&price_max=0&filter_attr=0.0.0.6316.0&page=1&sort=goods_id&order=ASC HTTP/1.1" 404 505 "-" "Mozilla/5.0 (compatible; bingbot/2.0; +http://www.bing.com/bingbot.htm)"
207.46.13.183 - - [20/Mar/2016:12:03:27 +0800] "GET /category.php?category=3199&display=grid&brand=0&price_min=0&price_max=0&filter_attr=0&page=1&sort=shop_price&order=DESC HTTP/1.1" 404 504 "-" "Mozilla/5.0 (compatible; bingbot/2.0; +http://www.bing.com/bingbot.htm)"
157.55.39.202 - - [20/Mar/2016:12:03:44 +0800] "GET /category.php?id=510&price_min=700&price_max=1400&filter_attr=0.0.0.7818 HTTP/1.1" 404 505 "-" "Mozilla/5.0 (compatible; bingbot/2.0; +http://www.bing.com/bingbot.htm)"
207.46.13.183 - - [20/Mar/2016:12:03:58 +0800] "GET /robots.txt HTTP/1.1" 404 503 "-" "Mozilla/5.0 (compatible; bingbot/2.0; +http://www.bing.com/bingbot.htm)"
207.46.13.183 - - [20/Mar/2016:12:04:46 +0800] "GET /category.php?id=1611&brand=109&price_min=4&price_max=9&filter_attr=0.0.0.0.1634 HTTP/1.1" 404 505 "-" "Mozilla/5.0 (compatible; bingbot/2.0; +http://www.bing.com/bingbot.htm)"
207.46.13.183 - - [20/Mar/2016:12:04:46 +0800] "GET /category.php?category=565&display=grid&brand=0&price_min=0&price_max=0&filter_attr=0.0&page=3&sort=shop_price&order=ASC HTTP/1.1" 404 504 "-" "Mozilla/5.0 (compatible; bingbot/2.0; +http://www.bing.com/bingbot.htm)"
157.55.39.202 - - [20/Mar/2016:12:06:19 +0800] "GET /category.php?category=926&display=grid&brand=39&price_min=0&price_max=0&filter_attr=1535.0.0&page=1&sort=last_update&order=DESC HTTP/1.1" 404 505 "-" "Mozilla/5.0 (compatible; bingbot/2.0; +http://www.bing.com/bingbot.htm)"
157.55.39.202 - - [20/Mar/2016:12:06:44 +0800] "GET /category.php?id=1633&price_min=16&price_max=21&filter_attr=0.1428.3492.0.1436.0 HTTP/1.1" 404 505 "-" "Mozilla/5.0 (compatible; bingbot/2.0; +http://www.bing.com/bingbot.htm)"
207.46.13.183 - - [20/Mar/2016:12:06:51 +0800] "GET /category.php?id=1646&brand=106&price_min=14&price_max=28&filter_attr=1495.0.0.1491.0 HTTP/1.1" 404 505 "-" "Mozilla/5.0 (compatible; bingbot/2.0; +http://www.bing.com/bingbot.htm)"
207.46.13.183 - - [20/Mar/2016:12:06:52 +0800] "GET /category.php?category=1611&display=grid&brand=109&price_min=24&price_max=29&filter_attr=2604.0.0.0.0&page=1&sort=last_update&order=DESC HTTP/1.1" 404 504 "-" "Mozilla/5.0 (compatible; bingbot/2.0; +http://www.bing.com/bingbot.htm)"
40.77.167.94 - - [20/Mar/2016:12:07:29 +0800] "GET /category.php?category=910&display=grid&brand=0&price_min=0&price_max=0&filter_attr=0&page=1&sort=shop_price&order=DESC HTTP/1.1" 404 505 "-" "Mozilla/5.0 (compatible; bingbot/2.0; +http://www.bing.com/bingbot.htm)"
40.77.167.94 - - [20/Mar/2016:12:07:29 +0800] "GET /category.php?id=1645&price_min=0&price_max=0&page=20&sort=click_count&order=DESC HTTP/1.1" 404 504 "-" "Mozilla/5.0 (compatible; bingbot/2.0; +http://www.bing.com/bingbot.htm)"
