123.125.71.32 - - [20/Mar/2016:06:25:08 +0800] "GET /mobile/feed.php?cat=2706 HTTP/1.1" 404 475 "-" "Mozilla/5.0 (compatible; Baiduspider/2.0; +http://www.baidu.com/search/spider.html)"
157.55.39.132 - - [20/Mar/2016:06:25:09 +0800] "GET /brand.php?id=193&page=3&sort=shop_price&order=ASC HTTP/1.1" 404 502 "-" "Mozilla/5.0 (compatible; bingbot/2.0; +http://www.bing.com/bingbot.htm)"
157.55.39.202 - - [20/Mar/2016:06:26:05 +0800] "GET /category.php?id=594&price_min=2700&price_max=3100&filter_attr=0.0 HTTP/1.1" 404 505 "-" "Mozilla/5.0 (compatible; bingbot/2.0; +http://www.bing.com/bingbot.htm)"
157.55.39.132 - - [20/Mar/2016:06:26:11 +0800] "GET /category.php?id=569&price_min=0&price_max=0&filter_attr=8649.6467.0 HTTP/1.1" 404 505 "-" "Mozilla/5.0 (compatible; bingbot/2.0; +http://www.bing.com/bingbot.htm)"
157.55.39.132 - - [20/Mar/2016:06:26:11 +0800] "GET /category.php?id=926&brand=87&price_min=40&price_max=50&filter_attr=1535.0.0 HTTP/1.1" 404 504 "-" "Mozilla/5.0 (compatible; bingbot/2.0; +http://www.bing.com/bingbot.htm)"
157.55.39.132 - - [20/Mar/2016:06:26:11 +0800] "GET /category.php?id=594&brand=138&price_min=1100&price_max=1500 HTTP/1.1" 404 504 "-" "Mozilla/5.0 (compatible; bingbot/2.0; +http://www.bing.com/bingbot.htm)"
207.46.13.105 - - [20/Mar/2016:06:26:15 +0800] "GET /category.php?id=1611&brand=76&price_min=24&price_max=29&filter_attr=0.1371.0.0.1364 HTTP/1.1" 404 505 "-" "Mozilla/5.0 (compatible; bingbot/2.0; +http://www.bing.com/bingbot.htm)"
157.55.39.202 - - [20/Mar/2016:06:26:25 +0800] "GET /category.php?category=2666&display=grid&brand=0&price_min=0&price_max=0&filter_attr=0&page=1&sort=click_count&order=DESC HTTP/1.1" 404 505 "-" "Mozilla/5.0 (compatible; bingbot/2.0; +http://www.bing.com/bingbot.htm)"
157.55.39.202 - - [20/Mar/2016:06:26:47 +0800] "GET /category.php?id=1654&brand=85&price_min=38&price_max=43&filter_attr=0.0.0.0.2785 HTTP/1.1" 404 505 "-" "Mozilla/5.0 (compatible; bingbot/2.0; +http://www.bing.com/bingbot.htm)"
157.55.39.202 - - [20/Mar/2016:06:27:47 +0800] "GET /category.php?id=1611&brand=88&price_min=40&price_max=46&filter_attr=1360.0.0.0.0 HTTP/1.1" 404 505 "-" "Mozilla/5.0 (compatible; bingbot/2.0; +http://www.bing.com/bingbot.htm)"
157.55.39.132 - - [20/Mar/2016:06:28:00 +0800] "GET /category.php?id=1633&brand=70&price_min=11&price_max=16&filter_attr=0.0.2344.2339.0.0 HTTP/1.1" 404 505 "-" "Mozilla/5.0 (compatible; bingbot/2.0; +http://www.bing.com/bingbot.htm)"
157.55.39.132 - - [20/Mar/2016:06:28:02 +0800] "GET /category.php?category=557&display=grid&brand=0&price_min=0&price_max=0&filter_attr=6854.0&page=1&sort=shop_price&order=ASC HTTP/1.1" 404 505 "-" "Mozilla/5.0 (compatible; bingbot/2.0; +http://www.bing.com/bingbot.htm)"
207.46.13.105 - - [20/Mar/2016:06:28:57 +0800] "GET /category.php?id=1611&price_min=4&price_max=9&filter_attr=1360.0.1687.0.0 HTTP/1.1" 404 505 "-" "Mozilla/5.0 (compatible; bingbot/2.0; +http://www.bing.com/bingbot.htm)"
40.77.167.72 - - [20/Mar/2016:06:29:10 +0800] "GET / HTTP/1.1" 200 3594 "-" "Mozilla/5.0 (compatible; bingbot/2.0; +http://www.bing.com/bingbot.htm)"
157.55.39.132 - - [20/Mar/2016:06:29:22 +0800] "GET /category.php?category=1611&display=grid&brand=0&price_min=24&price_max=29&filter_attr=1360.0.0.0.0&page=1&sort=shop_price&order=ASC HTTP/1.1" 404 505 "-" "Mozilla/5.0 (compatible; bingbot/2.0; +http://www.bing.com/bingbot.htm)"
157.55.39.132 - - [20/Mar/2016:06:29:25 +0800] "GET /category.php?id=1646&brand=106&price_min=0&price_max=0&filter_attr=0.1501.0.0.0 HTTP/1.1" 404 505 "-" "Mozilla/5.0 (compatible; bingbot/2.0; +http://www.bing.com/bingbot.htm)"
157.55.39.202 - - [20/Mar/2016:06:30:05 +0800] "GET /brand.php?category=2890&display=grid&brand=208&price_min=&price_max=&filter_attr=&page=1&sort=click_count&order=DESC HTTP/1.1" 404 502 "-" "Mozilla/5.0 (compatible; bingbot/2.0; +http://www.bing.com/bingbot.htm)"
157.55.39.202 - - [20/Mar/2016:06:30:30 +0800] "GET /category.php?id=926&price_min=20&price_max=30&filter_attr=0.3027.1589 HTTP/1.1" 404 505 "-" "Mozilla/5.0 (compatible; bingbot/2.0; +http://www.bing.com/bingbot.htm)"
207.46.13.105 - - [20/Mar/2016:06:31:29 +0800] "GET /category.php?category=2411&display=grid&brand=0&price_min=0&price_max=0&filter_attr=0&page=1&sort=goods_id&order=ASC HTTP/1.1" 404 505 "-" "Mozilla/5.0 (compatible; bingbot/2.0; +http://www.bing.com/bingbot.htm)"
207.46.13.105 - - [20/Mar/2016:06:31:30 +0800] "GET /category.php?category=2882&display=grid&brand=59&price_min=0&price_max=0&filter_attr=0&page=1&sort=click_count&order=DESC HTTP/1.1" 404 504 "-" "Mozilla/5.0 (compatible; bingbot/2.0; +http://www.bing.com/bingbot.htm)"
157.55.39.132 - - [20/Mar/2016:06:31:34 +0800] "GET /category.php?id=1611&brand=76&price_min=0&price_max=0&filter_attr=0.1361.1362.0.1634 HTTP/1.1" 404 505 "-" "Mozilla/5.0 (compatible; bingbot/2.0; +http://www.bing.com/bingbot.htm)"
157.55.39.132 - - [20/Mar/2016:06:31:34 +0800] "GET /category.php?category=926&display=grid&brand=74&price_min=0&price_max=0&filter_attr=1538.0.0&page=1&sort=goods_id&order=ASC HTTP/1.1" 404 504 "-" "Mozilla/5.0 (compatible; bingbot/2.0; +http://www.bing.com/bingbot.htm)"
157.55.39.202 - - [20/Mar/2016:06:31:46 +0800] "GET /category.php?id=1611&brand=88&price_min=34&price_max=39&filter_attr=0.2615.1687.0.0 HTTP/1.1" 404 505 "-" "Mozilla/5.0 (compatible; bingbot/2.0; +http://www.bing.com/bingbot.htm)"
123.125.71.18 - - [20/Mar/2016:06:31:50 +0800] "GET /category.php?id=1015&brand=326&price_min=0&price_max=0&page=2&sort=goods_id&order=DESC HTTP/1.1" 404 472 "-" "Mozilla/5.0 (compatible; Baiduspider/2.0; +http://www.baidu.com/search/spider.html)"
207.46.13.105 - - [20/Mar/2016:06:32:01 +0800] "GET /category.php?category=962&display=grid&brand=0&price_min=0&price_max=0&filter_attr=0&page=1&sort=click_count&order=ASC HTTP/1.1" 404 505 "-" "Mozilla/5.0 (compatible; bingbot/2.0; +http://www.bing.com/bingbot.htm)"
40.77.167.72 - - [20/Mar/2016:06:32:02 +0800] "GET /category.php?category=894&display=grid&brand=0&price_min=0&price_max=0&filter_attr=0&page=1&sort=goods_id&order=ASC HTTP/1.1" 404 505 "-" "Mozilla/5.0 (compatible; bingbot/2.0; +http://www.bing.com/bingbot.htm)"
40.77.167.72 - - [20/Mar/2016:06:32:03 +0800] "GET /category.php?category=2724&display=grid&brand=0&price_min=0&price_max=0&filter_attr=0&page=1&sort=click_count&order=DESC HTTP/1.1" 404 504 "-" "Mozilla/5.0 (compatible; bingbot/2.0; +http://www.bing.com/bingbot.htm)"
40.77.167.72 - - [20/Mar/2016:06:32:03 +0800] "GET /category.php?category=512&display=grid&brand=0&price_min=12000&price_max=15000&filter_attr=0&page=1&sort=last_update&order=DESC HTTP/1.1" 404 504 "-" "Mozilla/5.0 (compatible; bingbot/2.0; +http://www.bing.com/bingbot.htm)"
40.77.167.72 - - [20/Mar/2016:06:32:03 +0800] "GET /category.php?category=620&display=grid&brand=0&price_min=0&price_max=0&filter_attr=0&page=1&sort=goods_id&order=DESC HTTP/1.1" 404 504 "-" "Mozilla/5.0 (compatible; bingbot/2.0; +http://www.bing.com/bingbot.htm)"
40.77.167.72 - - [20/Mar/2016:06:32:04 +0800] "GET /category.php?category=2584&display=grid&brand=0&price_min=0&price_max=0&filter_attr=0&page=1&sort=goods_id&order=ASC HTTP/1.1" 404 504 "-" "Mozilla/5.0 (compatible; bingbot/2.0; +http://www.bing.com/bingbot.htm)"
40.77.167.72 - - [20/Mar/2016:06:32:04 +0800] "GET /category.php?id=1611&brand=77&price_min=0&price_max=0&filter_attr=0.1361.0.0.1364 HTTP/1.1" 404 504 "-" "Mozilla/5.0 (compatible; bingbot/2.0; +http://www.bing.com/bingbot.htm)"
40.77.167.72 - - [20/Mar/2016:06:32:05 +0800] "GET /category.php?category=2644&display=grid&brand=0&price_min=0&price_max=0&filter_attr=0&page=1&sort=shop_price&order=DESC HTTP/1.1" 404 504 "-" "Mozilla/5.0 (compatible; bingbot/2.0; +http://www.bing.com/bingbot.htm)"
40.77.167.72 - - [20/Mar/2016:06:32:05 +0800] "GET /category.php?id=1633&brand=93&price_min=0&price_max=0&filter_attr=1427.0.3492.2339.0.0 HTTP/1.1" 404 504 "-" "Mozilla/5.0 (compatible; bingbot/2.0; +http://www.bing.com/bingbot.htm)"
207.46.13.105 - - [20/Mar/2016:06:32:11 +0800] "GET /category.php?category=565&display=grid&brand=0&price_min=0&price_max=0&filter_attr=7420.7414&page=1&sort=goods_id&order=ASC HTTP/1.1" 404 505 "-" "Mozilla/5.0 (compatible; bingbot/2.0; +http://www.bing.com/bingbot.htm)"
157.55.39.132 - - [20/Mar/2016:06:32:18 +0800] "GET /category.php?id=578 HTTP/1.1" 404 505 "-" "Mozilla/5.0 (compatible; bingbot/2.0; +http://www.bing.com/bingbot.htm)"
157.55.39.202 - - [20/Mar/2016:06:32:20 +0800] "GET /brand.php?category=0&display=grid&brand=32&price_min=&price_max=&filter_attr=&page=3&sort=click_count&order=ASC HTTP/1.1" 404 502 "-" "Mozilla/5.0 (compatible; bingbot/2.0; +http://www.bing.com/bingbot.htm)"
157.55.39.202 - - [20/Mar/2016:06:33:43 +0800] "GET /category.php?id=1611&price_min=4&price_max=10&filter_attr=0.1371.0.1363.0 HTTP/1.1" 404 505 "-" "Mozilla/5.0 (compatible; bingbot/2.0; +http://www.bing.com/bingbot.htm)"
157.55.39.202 - - [20/Mar/2016:06:33:43 +0800] "GET /category.php?category=3102&display=grid&brand=0&price_min=0&price_max=0&filter_attr=0&page=1&sort=last_update&order=DESC HTTP/1.1" 404 504 "-" "Mozilla/5.0 (compatible; bingbot/2.0; +http://www.bing.com/bingbot.htm)"
157.55.39.202 - - [20/Mar/2016:06:33:53 +0800] "GET /category.php?category=2384&display=grid&brand=0&price_min=0&price_max=0&filter_attr=0&page=1&sort=click_count&order=DESC HTTP/1.1" 404 505 "-" "Mozilla/5.0 (compatible; bingbot/2.0; +http://www.bing.com/bingbot.htm)"
157.55.39.202 - - [20/Mar/2016:06:33:53 +0800] "GET /category.php?category=2485&display=grid&brand=0&price_min=0&price_max=0&filter_attr=0&page=1&sort=last_update&order=DESC HTTP/1.1" 404 504 "-" "Mozilla/5.0 (compatible; bingbot/2.0; +http://www.bing.com/bingbot.htm)"
157.55.39.132 - - [20/Mar/2016:06:34:40 +0800] "GET /category.php?category=2322&display=grid&brand=0&price_min=0&price_max=0&filter_attr=0&page=1&sort=goods_id&order=ASC HTTP/1.1" 404 505 "-" "Mozilla/5.0 (compatible; bingbot/2.0; +http://www.bing.com/bingbot.htm)"
157.55.39.132 - - [20/Mar/2016:06:34:40 +0800] "GET /category.php?id=1646&brand=122&price_min=84&price_max=98&filter_attr=0.0.0.1491.0 HTTP/1.1" 404 504 "-" "Mozilla/5.0 (compatible; bingbot/2.0; +http://www.bing.com/bingbot.htm)"
157.55.39.132 - - [20/Mar/2016:06:34:41 +0800] "GET /category.php?category=534&display=grid&brand=0&price_min=65&price_max=74&filter_attr=0&page=1&sort=click_count&order=DESC HTTP/1.1" 404 504 "-" "Mozilla/5.0 (compatible; bingbot/2.0; +http://www.bing.com/bingbot.htm)"
157.55.39.132 - - [20/Mar/2016:06:34:41 +0800] "GET /category.php?id=1647&brand=123&price_min=45&price_max=52&filter_attr=0.1837.0.0.0 HTTP/1.1" 404 504 "-" "Mozilla/5.0 (compatible; bingbot/2.0; +http://www.bing.com/bingbot.htm)"
157.55.39.202 - - [20/Mar/2016:06:34:59 +0800] "GET /category.php?id=510&price_min=2400&price_max=2900&filter_attr=0.0.5984.0 HTTP/1.1" 404 505 "-" "Mozilla/5.0 (compatible; bingbot/2.0; +http://www.bing.com/bingbot.htm)"
207.46.13.105 - - [20/Mar/2016:06:35:13 +0800] "GET /category.php?id=1611&brand=77&price_min=22&price_max=28&filter_attr=0.0.1687.0.1364 HTTP/1.1" 404 505 "-" "Mozilla/5.0 (compatible; bingbot/2.0; +http://www.bing.com/bingbot.htm)"
207.46.13.105 - - [20/Mar/2016:06:35:13 +0800] "GET /category.php?category=2354&display=grid&brand=0&price_min=0&price_max=0&filter_attr=0&page=1&sort=last_update&order=DESC HTTP/1.1" 404 504 "-" "Mozilla/5.0 (compatible; bingbot/2.0; +http://www.bing.com/bingbot.htm)"
157.55.39.202 - - [20/Mar/2016:06:35:24 +0800] "GET /category.php?id=1646&brand=96&price_min=0&price_max=0&filter_attr=0.1494.0.0.1709 HTTP/1.1" 404 505 "-" "Mozilla/5.0 (compatible; bingbot/2.0; +http://www.bing.com/bingbot.htm)"
123.125.71.29 - - [20/Mar/2016:06:35:32 +0800] "GET /images/201410/goods_img/891_P_1414611598583.jpg HTTP/1.1" 404 507 "http://image.baidu.com/i?ct=503316480&z=0&tn=baiduimagedetail" "Baiduspider-image+(+http://www.baidu.com/search/spider.htm)"
207.46.13.105 - - [20/Mar/2016:06:36:02 +0800] "GET /category.php?id=1611&price_min=9&price_max=14&filter_attr=0.1371.0.0.1364 HTTP/1.1" 404 505 "-" "Mozilla/5.0 (compatible; bingbot/2.0; +http://www.bing.com/bingbot.htm)"
207.46.13.105 - - [20/Mar/2016:06:36:02 +0800] "GET /category.php?id=926&brand=74&price_min=0&price_max=0&filter_attr=0.3027.1589 HTTP/1.1" 404 504 "-" "Mozilla/5.0 (compatible; bingbot/2.0; +http://www.bing.com/bingbot.htm)"
207.46.13.105 - - [20/Mar/2016:06:36:02 +0800] "GET /category.php?id=1611&brand=118&price_min=40&price_max=46&filter_attr=0.0.0.0.1634 HTTP/1.1" 404 504 "-" "Mozilla/5.0 (compatible; bingbot/2.0; +http://www.bing.com/bingbot.htm)"
157.7.154.203 - - [20/Mar/2016:06:36:08 +0800] "GET / HTTP/1.0" 200 11783 "-" "-"
157.7.154.203 - - [20/Mar/2016:06:36:14 +0800] "GET / HTTP/1.1" 200 3557 "-" "Mozilla/5.0 (Windows NT 10.0; WOW64) AppleWebKit/537.36 (KHTML, like Gecko) Chrome/47.0.2526.111 Safari/537.36"
61.135.190.200 - - [20/Mar/2016:06:36:20 +0800] "GET /goods.php?id=845 HTTP/1.1" 404 469 "-" "Mozilla/5.0 (Windows NT 5.1; rv:6.0.2) Gecko/20100101 Firefox/6.0.2"
157.7.154.203 - - [20/Mar/2016:06:36:22 +0800] "GET /CHANGELOG.txt HTTP/1.1" 404 468 "-" "Mozilla/5.0 (Windows NT 10.0; WOW64) AppleWebKit/537.36 (KHTML, like Gecko) Chrome/47.0.2526.111 Safari/537.36"
40.77.167.72 - - [20/Mar/2016:06:36:22 +0800] "GET /category.php?id=1009&brand=249&price_min=0&price_max=0 HTTP/1.1" 404 505 "-" "Mozilla/5.0 (compatible; bingbot/2.0; +http://www.bing.com/bingbot.htm)"
40.77.167.72 - - [20/Mar/2016:06:36:23 +0800] "GET /category.php?id=1611&brand=88&price_min=19&price_max=24&filter_attr=0.0.0.1363.0 HTTP/1.1" 404 504 "-" "Mozilla/5.0 (compatible; bingbot/2.0; +http://www.bing.com/bingbot.htm)"
40.77.167.72 - - [20/Mar/2016:06:36:25 +0800] "GET /category.php?category=1027&display=grid&brand=0&price_min=0&price_max=0&filter_attr=0&page=1&sort=last_update&order=ASC HTTP/1.1" 404 505 "-" "Mozilla/5.0 (compatible; bingbot/2.0; +http://www.bing.com/bingbot.htm)"
157.7.154.203 - - [20/Mar/2016:06:36:28 +0800] "GET / HTTP/1.1" 200 3557 "-" "Mozilla/5.0 (Macintosh; Intel Mac OS X 10_11_3) AppleWebKit/601.4.4 (KHTML, like Gecko) Version/9.0.3 Safari/601.4.4"
157.7.154.203 - - [20/Mar/2016:06:36:34 +0800] "GET /readme.html HTTP/1.1" 404 466 "-" "Mozilla/5.0 (Macintosh; Intel Mac OS X 10_11_3) AppleWebKit/601.4.4 (KHTML, like Gecko) Version/9.0.3 Safari/601.4.4"
157.55.39.132 - - [20/Mar/2016:06:37:06 +0800] "GET /category.php?category=1654&display=grid&brand=0&price_min=38&price_max=43&filter_attr=2751.0.0.0.0&page=1&sort=last_update&order=DESC HTTP/1.1" 404 505 "-" "Mozilla/5.0 (compatible; bingbot/2.0; +http://www.bing.com/bingbot.htm)"
157.55.39.202 - - [20/Mar/2016:06:37:26 +0800] "GET /category.php?id=1633&brand=101&price_min=26&price_max=31&filter_attr=0.0.3492.0.0.0 HTTP/1.1" 404 505 "-" "Mozilla/5.0 (compatible; bingbot/2.0; +http://www.bing.com/bingbot.htm)"
220.181.108.161 - - [20/Mar/2016:06:37:58 +0800] "GET /images/201410/goods_img/841_P_1414538273095.jpg HTTP/1.1" 404 507 "http://image.baidu.com/i?ct=503316480&z=0&tn=baiduimagedetail" "Baiduspider-image+(+http://www.baidu.com/search/spider.htm)"
207.46.13.105 - - [20/Mar/2016:06:38:01 +0800] "GET /category.php?id=510&brand=153&price_min=3400&price_max=3900 HTTP/1.1" 404 505 "-" "Mozilla/5.0 (compatible; bingbot/2.0; +http://www.bing.com/bingbot.htm)"
207.46.13.105 - - [20/Mar/2016:06:38:01 +0800] "GET /category.php?id=1646&price_min=56&price_max=70&filter_attr=1997.0.0.1518.0 HTTP/1.1" 404 504 "-" "Mozilla/5.0 (compatible; bingbot/2.0; +http://www.bing.com/bingbot.htm)"
157.55.39.202 - - [20/Mar/2016:06:38:11 +0800] "GET /category.php?category=2708&display=grid&brand=0&price_min=0&price_max=0&filter_attr=0&page=1&sort=goods_id&order=DESC HTTP/1.1" 404 505 "-" "Mozilla/5.0 (compatible; bingbot/2.0; +http://www.bing.com/bingbot.htm)"
157.55.39.132 - - [20/Mar/2016:06:38:26 +0800] "GET /category.php?id=929&brand=90&price_min=0&price_max=0&filter_attr=0.2445.0 HTTP/1.1" 404 505 "-" "Mozilla/5.0 (compatible; bingbot/2.0; +http://www.bing.com/bingbot.htm)"
40.77.167.72 - - [20/Mar/2016:06:38:35 +0800] "GET /category.php?id=929&price_min=0&price_max=0&filter_attr=0.2871.1423 HTTP/1.1" 404 505 "-" "Mozilla/5.0 (compatible; bingbot/2.0; +http://www.bing.com/bingbot.htm)"
40.77.167.72 - - [20/Mar/2016:06:38:35 +0800] "GET /category.php?category=1342&display=grid&brand=0&price_min=0&price_max=0&filter_attr=0&page=1&sort=goods_id&order=ASC HTTP/1.1" 404 504 "-" "Mozilla/5.0 (compatible; bingbot/2.0; +http://www.bing.com/bingbot.htm)"
40.77.167.72 - - [20/Mar/2016:06:38:36 +0800] "GET /category.php?id=1633&brand=101&price_min=6&price_max=11&filter_attr=0.0.1429.0.1436.0 HTTP/1.1" 404 504 "-" "Mozilla/5.0 (compatible; bingbot/2.0; +http://www.bing.com/bingbot.htm)"
207.46.13.105 - - [20/Mar/2016:06:38:36 +0800] "GET /category.php?id=569&price_min=90&price_max=120&filter_attr=0.6467.0 HTTP/1.1" 404 505 "-" "Mozilla/5.0 (compatible; bingbot/2.0; +http://www.bing.com/bingbot.htm)"
157.55.39.202 - - [20/Mar/2016:06:38:48 +0800] "GET /category.php?id=1611&price_min=40&price_max=46&filter_attr=0.0.0.1363.1634 HTTP/1.1" 404 505 "-" "Mozilla/5.0 (compatible; bingbot/2.0; +http://www.bing.com/bingbot.htm)"
207.46.13.105 - - [20/Mar/2016:06:39:02 +0800] "GET /category.php?id=512&price_min=0&price_max=0&filter_attr=0.0.6528.0.9995 HTTP/1.1" 404 505 "-" "Mozilla/5.0 (compatible; bingbot/2.0; +http://www.bing.com/bingbot.htm)"
123.125.71.27 - - [20/Mar/2016:06:39:11 +0800] "GET /images/201410/goods_img/980_G_1414696058777.jpg HTTP/1.1" 404 507 "http://image.baidu.com/i?ct=503316480&z=0&tn=baiduimagedetail" "Baiduspider-image+(+http://www.baidu.com/search/spider.htm)"
207.46.13.105 - - [20/Mar/2016:06:39:38 +0800] "GET /category.php?category=2852&display=grid&brand=0&price_min=0&price_max=0&filter_attr=0&page=1&sort=click_count&order=DESC HTTP/1.1" 404 505 "-" "Mozilla/5.0 (compatible; bingbot/2.0; +http://www.bing.com/bingbot.htm)"
157.55.39.202 - - [20/Mar/2016:06:39:49 +0800] "GET /brand.php?id=138&page=2&sort=click_count&order=ASC HTTP/1.1" 404 502 "-" "Mozilla/5.0 (compatible; bingbot/2.0; +http://www.bing.com/bingbot.htm)"
157.55.39.132 - - [20/Mar/2016:06:40:27 +0800] "GET /category.php?category=534&display=grid&brand=0&price_min=65&price_max=74&filter_attr=0&page=1&sort=click_count&order=DESC HTTP/1.1" 404 505 "-" "Mozilla/5.0 (compatible; bingbot/2.0; +http://www.bing.com/bingbot.htm)"
157.55.39.202 - - [20/Mar/2016:06:40:30 +0800] "GET /category.php?category=565&display=grid&brand=0&price_min=70&price_max=140&filter_attr=0&page=1&sort=click_count&order=DESC HTTP/1.1" 404 505 "-" "Mozilla/5.0 (compatible; bingbot/2.0; +http://www.bing.com/bingbot.htm)"
157.55.39.202 - - [20/Mar/2016:06:40:32 +0800] "GET /category.php?category=1633&display=grid&brand=72&price_min=0&price_max=0&filter_attr=0.1428.0.2339.0.0&page=1&sort=click_count&order=DESC HTTP/1.1" 404 505 "-" "Mozilla/5.0 (compatible; bingbot/2.0; +http://www.bing.com/bingbot.htm)"
157.55.39.132 - - [20/Mar/2016:06:41:43 +0800] "GET /category.php?id=1647&brand=123&price_min=45&price_max=52&filter_attr=0.1837.0.0.0 HTTP/1.1" 404 505 "-" "Mozilla/5.0 (compatible; bingbot/2.0; +http://www.bing.com/bingbot.htm)"
220.181.108.149 - - [20/Mar/2016:06:41:47 +0800] "GET /images/201410/source_img/872_G_1414610107627.jpg HTTP/1.1" 404 508 "http://image.baidu.com/i?ct=503316480&z=0&tn=baiduimagedetail" "Baiduspider-image+(+http://www.baidu.com/search/spider.htm)"
207.46.13.105 - - [20/Mar/2016:06:42:04 +0800] "GET /category.php?category=2786&display=grid&brand=0&price_min=0&price_max=0&filter_attr=0&page=1&sort=click_count&order=DESC HTTP/1.1" 404 505 "-" "Mozilla/5.0 (compatible; bingbot/2.0; +http://www.bing.com/bingbot.htm)"
207.46.13.105 - - [20/Mar/2016:06:42:04 +0800] "GET /category.php?category=2644&display=grid&brand=0&price_min=0&price_max=0&filter_attr=0&page=1&sort=goods_id&order=ASC HTTP/1.1" 404 504 "-" "Mozilla/5.0 (compatible; bingbot/2.0; +http://www.bing.com/bingbot.htm)"
207.46.13.105 - - [20/Mar/2016:06:42:09 +0800] "GET /category.php?category=1646&display=grid&brand=118&price_min=0&price_max=14&filter_attr=0.0.0.1491.0&page=1&sort=goods_id&order=ASC HTTP/1.1" 404 505 "-" "Mozilla/5.0 (compatible; bingbot/2.0; +http://www.bing.com/bingbot.htm)"
207.46.13.105 - - [20/Mar/2016:06:42:30 +0800] "GET /category.php?id=926&brand=90&price_min=10&price_max=19&filter_attr=1538.0.0 HTTP/1.1" 404 505 "-" "Mozilla/5.0 (compatible; bingbot/2.0; +http://www.bing.com/bingbot.htm)"
207.46.13.105 - - [20/Mar/2016:06:42:30 +0800] "GET /category.php?category=2732&display=grid&brand=0&price_min=0&price_max=0&filter_attr=0&page=1&sort=click_count&order=DESC HTTP/1.1" 404 504 "-" "Mozilla/5.0 (compatible; bingbot/2.0; +http://www.bing.com/bingbot.htm)"
157.55.39.202 - - [20/Mar/2016:06:42:33 +0800] "GET /category.php?id=576&brand=32&price_min=0&price_max=0&page=2&sort=goods_id&order=DESC HTTP/1.1" 404 505 "-" "Mozilla/5.0 (compatible; bingbot/2.0; +http://www.bing.com/bingbot.htm)"
157.55.39.132 - - [20/Mar/2016:06:42:48 +0800] "GET /category.php?id=1633&brand=93&price_min=11&price_max=16&filter_attr=0.0.1429.2339.0.0 HTTP/1.1" 404 505 "-" "Mozilla/5.0 (compatible; bingbot/2.0; +http://www.bing.com/bingbot.htm)"
207.46.13.105 - - [20/Mar/2016:06:44:19 +0800] "GET /category.php?category=929&display=grid&brand=0&price_min=27&price_max=31&filter_attr=0&page=1&sort=click_count&order=DESC HTTP/1.1" 404 505 "-" "Mozilla/5.0 (compatible; bingbot/2.0; +http://www.bing.com/bingbot.htm)"
207.46.13.105 - - [20/Mar/2016:06:45:02 +0800] "GET /category.php?id=1654&price_min=23&price_max=28&filter_attr=2751.0.0.0.2760 HTTP/1.1" 404 505 "-" "Mozilla/5.0 (compatible; bingbot/2.0; +http://www.bing.com/bingbot.htm)"
220.181.108.99 - - [20/Mar/2016:06:45:12 +0800] "GET /mobile/brand.php?id=151&page=17&sort=last_update&order=DESC HTTP/1.1" 404 476 "-" "Mozilla/5.0 (compatible; Baiduspider/2.0; +http://www.baidu.com/search/spider.html)"
40.77.167.72 - - [20/Mar/2016:06:45:23 +0800] "GET /category.php?category=2865&display=grid&brand=0&price_min=0&price_max=0&filter_attr=0&page=1&sort=goods_id&order=ASC HTTP/1.1" 404 505 "-" "Mozilla/5.0 (compatible; bingbot/2.0; +http://www.bing.com/bingbot.htm)"
40.77.167.72 - - [20/Mar/2016:06:45:25 +0800] "GET /category.php?id=561&price_min=0&price_max=0&page=23&sort=shop_price&order=ASC HTTP/1.1" 404 505 "-" "Mozilla/5.0 (compatible; bingbot/2.0; +http://www.bing.com/bingbot.htm)"
207.46.13.105 - - [20/Mar/2016:06:45:30 +0800] "GET /category.php?category=894&display=grid&brand=0&price_min=0&price_max=0&filter_attr=0&page=1&sort=shop_price&order=ASC HTTP/1.1" 404 505 "-" "Mozilla/5.0 (compatible; bingbot/2.0; +http://www.bing.com/bingbot.htm)"
157.55.39.202 - - [20/Mar/2016:06:45:49 +0800] "GET /category.php?category=2653&display=grid&brand=0&price_min=0&price_max=0&filter_attr=0&page=1&sort=last_update&order=DESC HTTP/1.1" 404 505 "-" "Mozilla/5.0 (compatible; bingbot/2.0; +http://www.bing.com/bingbot.htm)"
207.46.13.105 - - [20/Mar/2016:06:45:58 +0800] "GET /category.php?id=2885&brand=102&price_min=0&price_max=0 HTTP/1.1" 404 505 "-" "Mozilla/5.0 (compatible; bingbot/2.0; +http://www.bing.com/bingbot.htm)"
207.46.13.105 - - [20/Mar/2016:06:46:42 +0800] "GET /category.php?category=1611&display=grid&brand=77&price_min=0&price_max=0&filter_attr=0.0.1362.0.0&page=1&sort=last_update&order=DESC HTTP/1.1" 404 505 "-" "Mozilla/5.0 (compatible; bingbot/2.0; +http://www.bing.com/bingbot.htm)"
157.55.39.176 - - [20/Mar/2016:06:46:45 +0800] "GET /category.php?id=3187&price_min=6000&price_max=8000&filter_attr=8436.0.0.0 HTTP/1.1" 404 505 "-" "Mozilla/5.0 (compatible; bingbot/2.0; +http://www.bing.com/bingbot.htm)"
157.55.39.202 - - [20/Mar/2016:06:46:55 +0800] "GET /category.php?id=1611&brand=65&price_min=4&price_max=9&filter_attr=1360.0.1362.0.0 HTTP/1.1" 404 505 "-" "Mozilla/5.0 (compatible; bingbot/2.0; +http://www.bing.com/bingbot.htm)"
123.125.67.146 - - [20/Mar/2016:06:47:07 +0800] "GET /goods.php?id=4338 HTTP/1.1" 404 469 "-" "Mozilla/5.0 (compatible; Baiduspider/2.0; +http://www.baidu.com/search/spider.html)"
157.55.39.202 - - [20/Mar/2016:06:47:51 +0800] "GET /category.php?category=1633&display=grid&brand=72&price_min=21&price_max=26&filter_attr=0.0.0.0.1436.0&page=1&sort=goods_id&order=ASC HTTP/1.1" 404 505 "-" "Mozilla/5.0 (compatible; bingbot/2.0; +http://www.bing.com/bingbot.htm)"
157.55.39.176 - - [20/Mar/2016:06:48:09 +0800] "GET /category.php?category=1611&display=grid&brand=0&price_min=34&price_max=39&filter_attr=0.0.1687.0.0&page=1&sort=click_count&order=DESC HTTP/1.1" 404 505 "-" "Mozilla/5.0 (compatible; bingbot/2.0; +http://www.bing.com/bingbot.htm)"
157.55.39.132 - - [20/Mar/2016:06:48:14 +0800] "GET /category.php?id=1646&price_min=0&price_max=0 HTTP/1.1" 404 505 "-" "Mozilla/5.0 (compatible; bingbot/2.0; +http://www.bing.com/bingbot.htm)"
207.46.13.105 - - [20/Mar/2016:06:48:19 +0800] "GET /category.php?id=565&price_min=200&price_max=240 HTTP/1.1" 404 505 "-" "Mozilla/5.0 (compatible; bingbot/2.0; +http://www.bing.com/bingbot.htm)"
157.55.39.176 - - [20/Mar/2016:06:48:41 +0800] "GET /category.php?id=1284 HTTP/1.1" 404 505 "-" "Mozilla/5.0 (compatible; bingbot/2.0; +http://www.bing.com/bingbot.htm)"
157.55.39.132 - - [20/Mar/2016:06:48:45 +0800] "GET /category.php?id=1646&brand=99&price_min=0&price_max=0&filter_attr=0.1516.0.1774.0 HTTP/1.1" 404 505 "-" "Mozilla/5.0 (compatible; bingbot/2.0; +http://www.bing.com/bingbot.htm)"
157.55.39.132 - - [20/Mar/2016:06:48:46 +0800] "GET /category.php?category=2652&display=grid&brand=0&price_min=0&price_max=0&filter_attr=0&page=1&sort=goods_id&order=DESC HTTP/1.1" 404 504 "-" "Mozilla/5.0 (compatible; bingbot/2.0; +http://www.bing.com/bingbot.htm)"
157.55.39.176 - - [20/Mar/2016:06:49:39 +0800] "GET /category.php?category=3061&display=grid&brand=0&price_min=0&price_max=0&filter_attr=0&page=1&sort=click_count&order=ASC HTTP/1.1" 404 505 "-" "Mozilla/5.0 (compatible; bingbot/2.0; +http://www.bing.com/bingbot.htm)"
207.46.13.105 - - [20/Mar/2016:06:49:53 +0800] "GET /category.php?category=2615&display=grid&brand=0&price_min=0&price_max=0&filter_attr=0&page=1&sort=goods_id&order=ASC HTTP/1.1" 404 505 "-" "Mozilla/5.0 (compatible; bingbot/2.0; +http://www.bing.com/bingbot.htm)"
157.55.39.176 - - [20/Mar/2016:06:50:00 +0800] "GET /category.php?category=2883&display=grid&brand=68&price_min=0&price_max=0&filter_attr=0&page=1&sort=click_count&order=ASC HTTP/1.1" 404 505 "-" "Mozilla/5.0 (compatible; bingbot/2.0; +http://www.bing.com/bingbot.htm)"
207.46.13.105 - - [20/Mar/2016:06:50:31 +0800] "GET /category.php?id=1611&brand=65&price_min=4&price_max=10&filter_attr=0.2615.1362.0.0 HTTP/1.1" 404 505 "-" "Mozilla/5.0 (compatible; bingbot/2.0; +http://www.bing.com/bingbot.htm)"
207.46.13.105 - - [20/Mar/2016:06:50:32 +0800] "GET /category.php?category=618&display=grid&brand=0&price_min=0&price_max=0&filter_attr=0&page=1&sort=shop_price&order=DESC HTTP/1.1" 404 505 "-" "Mozilla/5.0 (compatible; bingbot/2.0; +http://www.bing.com/bingbot.htm)"
207.46.13.105 - - [20/Mar/2016:06:50:33 +0800] "GET /category.php?id=1611&brand=109&price_min=0&price_max=0&filter_attr=2604.1371.0.0.0 HTTP/1.1" 404 504 "-" "Mozilla/5.0 (compatible; bingbot/2.0; +http://www.bing.com/bingbot.htm)"
207.46.13.105 - - [20/Mar/2016:06:50:33 +0800] "GET /category.php?id=2664&price_min=28&price_max=29&filter_attr=0.0.0.0.2429 HTTP/1.1" 404 504 "-" "Mozilla/5.0 (compatible; bingbot/2.0; +http://www.bing.com/bingbot.htm)"
157.55.39.176 - - [20/Mar/2016:06:50:46 +0800] "GET /category.php?id=1611&brand=97&price_min=0&price_max=0&filter_attr=1360.0.1362.0.1364 HTTP/1.1" 404 505 "-" "Mozilla/5.0 (compatible; bingbot/2.0; +http://www.bing.com/bingbot.htm)"
157.55.39.176 - - [20/Mar/2016:06:50:46 +0800] "GET /category.php?category=569&display=grid&brand=148&price_min=0&price_max=0&filter_attr=0&page=1&sort=click_count&order=ASC HTTP/1.1" 404 504 "-" "Mozilla/5.0 (compatible; bingbot/2.0; +http://www.bing.com/bingbot.htm)"
157.55.39.202 - - [20/Mar/2016:06:51:34 +0800] "GET /category.php?category=548&display=grid&brand=143&price_min=0&price_max=0&filter_attr=0&page=1&sort=click_count&order=DESC HTTP/1.1" 404 505 "-" "Mozilla/5.0 (compatible; bingbot/2.0; +http://www.bing.com/bingbot.htm)"
207.46.13.105 - - [20/Mar/2016:06:51:42 +0800] "GET /category.php?category=1633&display=grid&brand=0&price_min=6&price_max=11&filter_attr=0.0.3492.0.1436.0&page=1&sort=last_update&order=DESC HTTP/1.1" 404 505 "-" "Mozilla/5.0 (compatible; bingbot/2.0; +http://www.bing.com/bingbot.htm)"
207.46.13.105 - - [20/Mar/2016:06:51:44 +0800] "GET /category.php?category=1647&display=grid&brand=76&price_min=0&price_max=0&filter_attr=0.0.0.0.1828&page=1&sort=last_update&order=DESC HTTP/1.1" 404 505 "-" "Mozilla/5.0 (compatible; bingbot/2.0; +http://www.bing.com/bingbot.htm)"
207.46.13.105 - - [20/Mar/2016:06:51:44 +0800] "GET /category.php?id=1633&brand=107&price_min=0&price_max=0&filter_attr=0.0.1429.1435.0.0 HTTP/1.1" 404 504 "-" "Mozilla/5.0 (compatible; bingbot/2.0; +http://www.bing.com/bingbot.htm)"
157.55.39.202 - - [20/Mar/2016:06:52:30 +0800] "GET /category.php?id=1647&brand=76&price_min=0&price_max=0&filter_attr=0.0.0.0.1865 HTTP/1.1" 404 505 "-" "Mozilla/5.0 (compatible; bingbot/2.0; +http://www.bing.com/bingbot.htm)"
157.55.39.202 - - [20/Mar/2016:06:52:31 +0800] "GET /category.php?id=1646&price_min=0&price_max=14&filter_attr=0.1494.1707.0.0 HTTP/1.1" 404 504 "-" "Mozilla/5.0 (compatible; bingbot/2.0; +http://www.bing.com/bingbot.htm)"
157.55.39.176 - - [20/Mar/2016:06:52:40 +0800] "GET /category.php?id=505&price_min=10000&price_max=12000&filter_attr=0.0.8212.0.0 HTTP/1.1" 404 505 "-" "Mozilla/5.0 (compatible; bingbot/2.0; +http://www.bing.com/bingbot.htm)"
157.55.39.176 - - [20/Mar/2016:06:52:40 +0800] "GET /category.php?category=1611&display=grid&brand=0&price_min=0&price_max=0&filter_attr=0.1361.1687.0.0&page=1&sort=last_update&order=DESC HTTP/1.1" 404 504 "-" "Mozilla/5.0 (compatible; bingbot/2.0; +http://www.bing.com/bingbot.htm)"
207.46.13.105 - - [20/Mar/2016:06:53:40 +0800] "GET /category.php?category=2621&display=grid&brand=0&price_min=0&price_max=0&filter_attr=0&page=1&sort=last_update&order=DESC HTTP/1.1" 404 505 "-" "Mozilla/5.0 (compatible; bingbot/2.0; +http://www.bing.com/bingbot.htm)"
157.55.39.132 - - [20/Mar/2016:06:53:48 +0800] "GET /category.php?id=1633&brand=72&price_min=1&price_max=6&filter_attr=0.0.1429.0.1436.0 HTTP/1.1" 404 505 "-" "Mozilla/5.0 (compatible; bingbot/2.0; +http://www.bing.com/bingbot.htm)"
157.55.39.132 - - [20/Mar/2016:06:53:48 +0800] "GET /category.php?category=2255&display=grid&brand=0&price_min=0&price_max=0&filter_attr=0&page=1&sort=shop_price&order=ASC HTTP/1.1" 404 504 "-" "Mozilla/5.0 (compatible; bingbot/2.0; +http://www.bing.com/bingbot.htm)"
157.55.39.132 - - [20/Mar/2016:06:53:48 +0800] "GET /category.php?id=1633&brand=72&price_min=0&price_max=0&filter_attr=0.0.3492.2339.0.1431 HTTP/1.1" 404 504 "-" "Mozilla/5.0 (compatible; bingbot/2.0; +http://www.bing.com/bingbot.htm)"
157.55.39.176 - - [20/Mar/2016:06:54:06 +0800] "GET /category.php?category=569&display=grid&brand=0&price_min=0&price_max=0&filter_attr=0&page=1&sort=click_count&order=DESC HTTP/1.1" 404 505 "-" "Mozilla/5.0 (compatible; bingbot/2.0; +http://www.bing.com/bingbot.htm)"
157.55.39.202 - - [20/Mar/2016:06:54:48 +0800] "GET /category.php?id=1026&price_min=190&price_max=220 HTTP/1.1" 404 505 "-" "Mozilla/5.0 (compatible; bingbot/2.0; +http://www.bing.com/bingbot.htm)"
207.46.13.105 - - [20/Mar/2016:06:55:14 +0800] "GET /category.php?category=2416&display=grid&brand=0&price_min=0&price_max=0&filter_attr=0&page=1&sort=click_count&order=DESC HTTP/1.1" 404 505 "-" "Mozilla/5.0 (compatible; bingbot/2.0; +http://www.bing.com/bingbot.htm)"
157.55.39.202 - - [20/Mar/2016:06:55:49 +0800] "GET /category.php?category=1633&display=grid&brand=107&price_min=0&price_max=0&filter_attr=0.0.0.2339.0.1431&page=1&sort=last_update&order=DESC HTTP/1.1" 404 505 "-" "Mozilla/5.0 (compatible; bingbot/2.0; +http://www.bing.com/bingbot.htm)"
157.55.39.132 - - [20/Mar/2016:06:56:15 +0800] "GET /brand.php?category=2890&display=grid&brand=218&price_min=&price_max=&filter_attr=&page=1&sort=click_count&order=DESC HTTP/1.1" 404 502 "-" "Mozilla/5.0 (compatible; bingbot/2.0; +http://www.bing.com/bingbot.htm)"
157.55.39.132 - - [20/Mar/2016:06:56:15 +0800] "GET /category.php?id=1611&brand=65&price_min=0&price_max=0&filter_attr=0.1631.1637.0.0 HTTP/1.1" 404 504 "-" "Mozilla/5.0 (compatible; bingbot/2.0; +http://www.bing.com/bingbot.htm)"
157.55.39.132 - - [20/Mar/2016:06:56:16 +0800] "GET /category.php?id=926&price_min=0&price_max=0&filter_attr=3045.0.2399 HTTP/1.1" 404 504 "-" "Mozilla/5.0 (compatible; bingbot/2.0; +http://www.bing.com/bingbot.htm)"
157.55.39.132 - - [20/Mar/2016:06:56:16 +0800] "GET /category.php?category=1725&display=grid&brand=0&price_min=0&price_max=0&filter_attr=0&page=1&sort=shop_price&order=DESC HTTP/1.1" 404 504 "-" "Mozilla/5.0 (compatible; bingbot/2.0; +http://www.bing.com/bingbot.htm)"
207.46.13.105 - - [20/Mar/2016:06:56:18 +0800] "GET /category.php?id=1646&brand=99&price_min=56&price_max=70&filter_attr=0.1516.0.0.0 HTTP/1.1" 404 505 "-" "Mozilla/5.0 (compatible; bingbot/2.0; +http://www.bing.com/bingbot.htm)"
157.55.39.176 - - [20/Mar/2016:06:56:26 +0800] "GET /category.php?id=1633&brand=87&price_min=1&price_max=6&filter_attr=0.0.0.2339.0.0 HTTP/1.1" 404 505 "-" "Mozilla/5.0 (compatible; bingbot/2.0; +http://www.bing.com/bingbot.htm)"
157.55.39.176 - - [20/Mar/2016:06:56:39 +0800] "GET /robots.txt HTTP/1.1" 404 503 "-" "Mozilla/5.0 (compatible; bingbot/2.0; +http://www.bing.com/bingbot.htm)"
157.55.39.176 - - [20/Mar/2016:06:56:52 +0800] "GET /category.php?id=926&brand=81&price_min=37&price_max=46&filter_attr=0.0.1589 HTTP/1.1" 404 505 "-" "Mozilla/5.0 (compatible; bingbot/2.0; +http://www.bing.com/bingbot.htm)"
157.55.39.132 - - [20/Mar/2016:06:58:09 +0800] "GET /category.php?id=3186&brand=69&price_min=0&price_max=0&filter_attr=0.0.2493.0 HTTP/1.1" 404 505 "-" "Mozilla/5.0 (compatible; bingbot/2.0; +http://www.bing.com/bingbot.htm)"
157.55.39.202 - - [20/Mar/2016:06:58:16 +0800] "GET /category.php?category=2356&display=grid&brand=0&price_min=0&price_max=0&filter_attr=0&page=1&sort=goods_id&order=ASC HTTP/1.1" 404 505 "-" "Mozilla/5.0 (compatible; bingbot/2.0; +http://www.bing.com/bingbot.htm)"
157.55.39.176 - - [20/Mar/2016:06:58:21 +0800] "GET /category.php?category=1633&display=grid&brand=79&price_min=26&price_max=31&filter_attr=0&page=1&sort=last_update&order=DESC HTTP/1.1" 404 505 "-" "Mozilla/5.0 (compatible; bingbot/2.0; +http://www.bing.com/bingbot.htm)"
157.55.39.202 - - [20/Mar/2016:06:58:31 +0800] "GET /category.php?category=1611&display=grid&brand=97&price_min=24&price_max=29&filter_attr=0.0.0.1363.0&page=1&sort=click_count&order=DESC HTTP/1.1" 404 505 "-" "Mozilla/5.0 (compatible; bingbot/2.0; +http://www.bing.com/bingbot.htm)"
123.125.71.18 - - [20/Mar/2016:06:58:36 +0800] "GET /mobile/brand.php?id=72&page=2&sort=goods_id&order=DESC HTTP/1.1" 404 476 "-" "Mozilla/5.0 (compatible; Baiduspider/2.0; +http://www.baidu.com/search/spider.html)"
207.46.13.105 - - [20/Mar/2016:06:58:44 +0800] "GET /category.php?category=1645&display=grid&brand=123&price_min=0&price_max=0&filter_attr=0&page=2&sort=last_update&order=DESC HTTP/1.1" 404 505 "-" "Mozilla/5.0 (compatible; bingbot/2.0; +http://www.bing.com/bingbot.htm)"
207.46.13.105 - - [20/Mar/2016:06:58:44 +0800] "GET /category.php?id=1633&brand=101&price_min=1&price_max=6&filter_attr=0.0.3492.0.1436.0 HTTP/1.1" 404 504 "-" "Mozilla/5.0 (compatible; bingbot/2.0; +http://www.bing.com/bingbot.htm)"
207.46.13.105 - - [20/Mar/2016:06:58:44 +0800] "GET /category.php?category=1633&display=grid&brand=70&price_min=26&price_max=31&filter_attr=0&page=1&sort=click_count&order=ASC HTTP/1.1" 404 504 "-" "Mozilla/5.0 (compatible; bingbot/2.0; +http://www.bing.com/bingbot.htm)"
207.46.13.105 - - [20/Mar/2016:06:58:45 +0800] "GET /category.php?id=565&brand=32&price_min=240&price_max=280 HTTP/1.1" 404 505 "-" "Mozilla/5.0 (compatible; bingbot/2.0; +http://www.bing.com/bingbot.htm)"
157.55.39.176 - - [20/Mar/2016:06:58:47 +0800] "GET /category.php?id=1611&brand=76&price_min=24&price_max=29&filter_attr=0.1631.0.0.1364 HTTP/1.1" 404 505 "-" "Mozilla/5.0 (compatible; bingbot/2.0; +http://www.bing.com/bingbot.htm)"
157.55.39.132 - - [20/Mar/2016:06:59:07 +0800] "GET /robots.txt HTTP/1.1" 404 503 "-" "Mozilla/5.0 (compatible; bingbot/2.0; +http://www.bing.com/bingbot.htm)"
157.55.39.132 - - [20/Mar/2016:07:00:07 +0800] "GET /category.php?category=626&display=grid&brand=0&price_min=0&price_max=0&filter_attr=0&page=1&sort=shop_price&order=DESC HTTP/1.1" 404 505 "-" "Mozilla/5.0 (compatible; bingbot/2.0; +http://www.bing.com/bingbot.htm)"
157.55.39.132 - - [20/Mar/2016:07:00:08 +0800] "GET /category.php?id=1000&price_min=3.7&price_max=3.7 HTTP/1.1" 404 504 "-" "Mozilla/5.0 (compatible; bingbot/2.0; +http://www.bing.com/bingbot.htm)"
157.55.39.132 - - [20/Mar/2016:07:00:08 +0800] "GET /category.php?id=1611&brand=65&price_min=22&price_max=28&filter_attr=0.2615.1362.0.0 HTTP/1.1" 404 504 "-" "Mozilla/5.0 (compatible; bingbot/2.0; +http://www.bing.com/bingbot.htm)"
157.55.39.176 - - [20/Mar/2016:07:00:29 +0800] "GET /category.php?id=1646&price_min=0&price_max=0&filter_attr=1525.1496.1762.0.0 HTTP/1.1" 404 505 "-" "Mozilla/5.0 (compatible; bingbot/2.0; +http://www.bing.com/bingbot.htm)"
157.55.39.176 - - [20/Mar/2016:07:00:29 +0800] "GET /category.php?id=928 HTTP/1.1" 404 504 "-" "Mozilla/5.0 (compatible; bingbot/2.0; +http://www.bing.com/bingbot.htm)"
157.55.39.132 - - [20/Mar/2016:07:01:33 +0800] "GET /brand.php?category=0&display=grid&brand=56&price_min=&price_max=&filter_attr=&page=1&sort=last_update&order=DESC HTTP/1.1" 404 502 "-" "Mozilla/5.0 (compatible; bingbot/2.0; +http://www.bing.com/bingbot.htm)"
157.55.39.202 - - [20/Mar/2016:07:01:54 +0800] "GET /category.php?category=572&display=grid&brand=129&price_min=0&price_max=0&filter_attr=0&page=1&sort=shop_price&order=ASC HTTP/1.1" 404 505 "-" "Mozilla/5.0 (compatible; bingbot/2.0; +http://www.bing.com/bingbot.htm)"
203.208.60.39 - - [20/Mar/2016:07:01:58 +0800] "GET /robots.txt HTTP/1.1" 404 507 "-" "Mozilla/5.0 (compatible; Googlebot/2.1; +http://www.google.com/bot.html)"
203.208.60.29 - - [20/Mar/2016:07:01:58 +0800] "GET / HTTP/1.1" 200 3594 "-" "Mozilla/5.0 (iPhone; CPU iPhone OS 8_3 like Mac OS X) AppleWebKit/600.1.4 (KHTML, like Gecko) Version/8.0 Mobile/12F70 Safari/600.1.4 (compatible; Googlebot/2.1; +http://www.google.com/bot.html)"
157.55.39.176 - - [20/Mar/2016:07:02:14 +0800] "GET /category.php?category=2646&display=grid&brand=0&price_min=0&price_max=0&filter_attr=0&page=1&sort=goods_id&order=DESC HTTP/1.1" 404 505 "-" "Mozilla/5.0 (compatible; bingbot/2.0; +http://www.bing.com/bingbot.htm)"
157.55.39.176 - - [20/Mar/2016:07:02:16 +0800] "GET /category.php?id=1611&price_min=34&price_max=40&filter_attr=2604.0.1687.0.0 HTTP/1.1" 404 505 "-" "Mozilla/5.0 (compatible; bingbot/2.0; +http://www.bing.com/bingbot.htm)"
157.55.39.202 - - [20/Mar/2016:07:02:45 +0800] "GET /category.php?category=2293&display=grid&brand=0&price_min=0&price_max=0&filter_attr=0&page=1&sort=shop_price&order=ASC HTTP/1.1" 404 505 "-" "Mozilla/5.0 (compatible; bingbot/2.0; +http://www.bing.com/bingbot.htm)"
157.55.39.176 - - [20/Mar/2016:07:02:52 +0800] "GET /category.php?id=1646&price_min=0&price_max=0&filter_attr=1495.1494.0.0.1493 HTTP/1.1" 404 505 "-" "Mozilla/5.0 (compatible; bingbot/2.0; +http://www.bing.com/bingbot.htm)"
157.55.39.176 - - [20/Mar/2016:07:02:53 +0800] "GET /category.php?id=1633&brand=101&price_min=1&price_max=6&filter_attr=0.0.1429.0.1436.0 HTTP/1.1" 404 504 "-" "Mozilla/5.0 (compatible; bingbot/2.0; +http://www.bing.com/bingbot.htm)"
157.55.39.176 - - [20/Mar/2016:07:02:53 +0800] "GET /brand.php?category=0&display=grid&brand=160&price_min=&price_max=&filter_attr=&page=1&sort=goods_id&order=DESC HTTP/1.1" 404 501 "-" "Mozilla/5.0 (compatible; bingbot/2.0; +http://www.bing.com/bingbot.htm)"
157.55.39.176 - - [20/Mar/2016:07:02:53 +0800] "GET /category.php?id=1633&brand=72&price_min=0&price_max=0&filter_attr=0.0.2344.2339.0.1431 HTTP/1.1" 404 504 "-" "Mozilla/5.0 (compatible; bingbot/2.0; +http://www.bing.com/bingbot.htm)"
157.55.39.176 - - [20/Mar/2016:07:02:55 +0800] "GET /category.php?category=510&display=grid&brand=0&price_min=1900&price_max=2500&filter_attr=0&page=1&sort=shop_price&order=ASC HTTP/1.1" 404 505 "-" "Mozilla/5.0 (compatible; bingbot/2.0; +http://www.bing.com/bingbot.htm)"
157.55.39.132 - - [20/Mar/2016:07:03:04 +0800] "GET /brand.php?category=2885&display=grid&brand=76&price_min=&price_max=&filter_attr=&page=2&sort=shop_price&order=ASC HTTP/1.1" 404 502 "-" "Mozilla/5.0 (compatible; bingbot/2.0; +http://www.bing.com/bingbot.htm)"
157.55.39.132 - - [20/Mar/2016:07:03:05 +0800] "GET /category.php?id=926&brand=87&price_min=28&price_max=37&filter_attr=1538.0.0 HTTP/1.1" 404 504 "-" "Mozilla/5.0 (compatible; bingbot/2.0; +http://www.bing.com/bingbot.htm)"
157.55.39.132 - - [20/Mar/2016:07:03:06 +0800] "GET /category.php?id=929&brand=119&price_min=0&price_max=0&filter_attr=1412.0.0 HTTP/1.1" 404 505 "-" "Mozilla/5.0 (compatible; bingbot/2.0; +http://www.bing.com/bingbot.htm)"
157.55.39.132 - - [20/Mar/2016:07:03:06 +0800] "GET /category.php?category=565&display=grid&brand=0&price_min=280&price_max=350&filter_attr=7246.0&page=1&sort=shop_price&order=ASC HTTP/1.1" 404 504 "-" "Mozilla/5.0 (compatible; bingbot/2.0; +http://www.bing.com/bingbot.htm)"
207.46.13.105 - - [20/Mar/2016:07:03:08 +0800] "GET /category.php?category=1633&display=grid&brand=102&price_min=16&price_max=21&filter_attr=0.0.1429.0.0.0&page=1&sort=goods_id&order=ASC HTTP/1.1" 404 505 "-" "Mozilla/5.0 (compatible; bingbot/2.0; +http://www.bing.com/bingbot.htm)"
207.46.13.105 - - [20/Mar/2016:07:03:49 +0800] "GET /category.php?category=3076&display=grid&brand=0&price_min=0&price_max=0&filter_attr=0&page=1&sort=last_update&order=DESC HTTP/1.1" 404 505 "-" "Mozilla/5.0 (compatible; bingbot/2.0; +http://www.bing.com/bingbot.htm)"
157.55.39.132 - - [20/Mar/2016:07:04:08 +0800] "GET /category.php?category=2883&display=grid&brand=33&price_min=0&price_max=0&filter_attr=0&page=1&sort=click_count&order=DESC HTTP/1.1" 404 505 "-" "Mozilla/5.0 (compatible; bingbot/2.0; +http://www.bing.com/bingbot.htm)"
157.55.39.176 - - [20/Mar/2016:07:04:14 +0800] "GET /category.php?id=565&price_min=210&price_max=280&filter_attr=8391.7423 HTTP/1.1" 404 505 "-" "Mozilla/5.0 (compatible; bingbot/2.0; +http://www.bing.com/bingbot.htm)"
141.8.142.92 - - [20/Mar/2016:07:04:25 +0800] "GET /robots.txt HTTP/1.1" 404 503 "-" "Mozilla/5.0 (compatible; YandexBot/3.0; +http://yandex.com/bots)"
157.55.39.202 - - [20/Mar/2016:07:04:36 +0800] "GET /category.php?category=623&display=grid&brand=0&price_min=0&price_max=0&filter_attr=0&page=1&sort=last_update&order=DESC HTTP/1.1" 404 505 "-" "Mozilla/5.0 (compatible; bingbot/2.0; +http://www.bing.com/bingbot.htm)"
157.55.39.132 - - [20/Mar/2016:07:04:51 +0800] "GET /category.php?id=926&price_min=0&price_max=0&filter_attr=3045.1536.1589 HTTP/1.1" 404 505 "-" "Mozilla/5.0 (compatible; bingbot/2.0; +http://www.bing.com/bingbot.htm)"
220.181.108.153 - - [20/Mar/2016:07:05:17 +0800] "GET /mobile/category.php?category=1004&display=grid&brand=0&price_min=0&price_max=0&filter_attr=0&page=1&sort=last_update&order=DESC HTTP/1.1" 404 479 "-" "Mozilla/5.0 (compatible; Baiduspider/2.0; +http://www.baidu.com/search/spider.html)"
207.46.13.105 - - [20/Mar/2016:07:05:47 +0800] "GET /category.php?id=1646&price_min=0&price_max=0&filter_attr=0.1494.0.1513.1493 HTTP/1.1" 404 505 "-" "Mozilla/5.0 (compatible; bingbot/2.0; +http://www.bing.com/bingbot.htm)"
157.55.39.202 - - [20/Mar/2016:07:06:28 +0800] "GET /category.php?id=1646&brand=96&price_min=0&price_max=0&filter_attr=0.1516.0.1774.0 HTTP/1.1" 404 505 "-" "Mozilla/5.0 (compatible; bingbot/2.0; +http://www.bing.com/bingbot.htm)"
157.55.39.176 - - [20/Mar/2016:07:06:38 +0800] "GET /category.php?category=2230&display=grid&brand=0&price_min=0&price_max=0&filter_attr=0&page=1&sort=shop_price&order=ASC HTTP/1.1" 404 505 "-" "Mozilla/5.0 (compatible; bingbot/2.0; +http://www.bing.com/bingbot.htm)"
157.55.39.176 - - [20/Mar/2016:07:06:39 +0800] "GET /category.php?id=505&brand=150&price_min=0&price_max=0&filter_attr=0.0.0.9589.0 HTTP/1.1" 404 505 "-" "Mozilla/5.0 (compatible; bingbot/2.0; +http://www.bing.com/bingbot.htm)"
207.46.13.105 - - [20/Mar/2016:07:07:07 +0800] "GET /category.php?id=1646&brand=96&price_min=0&price_max=0&filter_attr=0.1494.0.0.1493 HTTP/1.1" 404 505 "-" "Mozilla/5.0 (compatible; bingbot/2.0; +http://www.bing.com/bingbot.htm)"
157.55.39.202 - - [20/Mar/2016:07:07:34 +0800] "GET /category.php?id=926&brand=112&price_min=10&price_max=19&filter_attr=1538.0.0 HTTP/1.1" 404 505 "-" "Mozilla/5.0 (compatible; bingbot/2.0; +http://www.bing.com/bingbot.htm)"
157.55.39.202 - - [20/Mar/2016:07:07:54 +0800] "GET /category.php?category=2660&display=grid&brand=0&price_min=9&price_max=13&filter_attr=0&page=1&sort=click_count&order=DESC HTTP/1.1" 404 505 "-" "Mozilla/5.0 (compatible; bingbot/2.0; +http://www.bing.com/bingbot.htm)"
157.55.39.202 - - [20/Mar/2016:07:07:54 +0800] "GET /category.php?id=1633&price_min=26&price_max=31&filter_attr=0.0.3492.1435.1436.0 HTTP/1.1" 404 504 "-" "Mozilla/5.0 (compatible; bingbot/2.0; +http://www.bing.com/bingbot.htm)"
207.46.13.105 - - [20/Mar/2016:07:08:03 +0800] "GET /category.php?category=565&display=grid&brand=32&price_min=0&price_max=0&filter_attr=7421.0&page=1&sort=goods_id&order=ASC HTTP/1.1" 404 505 "-" "Mozilla/5.0 (compatible; bingbot/2.0; +http://www.bing.com/bingbot.htm)"
207.46.13.105 - - [20/Mar/2016:07:08:03 +0800] "GET /category.php?id=929&brand=66&price_min=27&price_max=31 HTTP/1.1" 404 504 "-" "Mozilla/5.0 (compatible; bingbot/2.0; +http://www.bing.com/bingbot.htm)"
157.55.39.176 - - [20/Mar/2016:07:08:16 +0800] "GET /category.php?category=979&display=grid&brand=0&price_min=0&price_max=0&filter_attr=0&page=1&sort=shop_price&order=DESC HTTP/1.1" 404 505 "-" "Mozilla/5.0 (compatible; bingbot/2.0; +http://www.bing.com/bingbot.htm)"
207.46.13.105 - - [20/Mar/2016:07:08:20 +0800] "GET /category.php?id=618&brand=188&price_min=0&price_max=0 HTTP/1.1" 404 505 "-" "Mozilla/5.0 (compatible; bingbot/2.0; +http://www.bing.com/bingbot.htm)"
157.55.39.132 - - [20/Mar/2016:07:08:38 +0800] "GET /category.php?id=1647&price_min=45&price_max=52&filter_attr=0.1837.1827.0.0 HTTP/1.1" 404 505 "-" "Mozilla/5.0 (compatible; bingbot/2.0; +http://www.bing.com/bingbot.htm)"
157.55.39.132 - - [20/Mar/2016:07:08:38 +0800] "GET /category.php?category=1657&display=grid&brand=0&price_min=0&price_max=0&filter_attr=0.0.0.0.0&page=1&sort=goods_id&order=ASC HTTP/1.1" 404 504 "-" "Mozilla/5.0 (compatible; bingbot/2.0; +http://www.bing.com/bingbot.htm)"
157.55.39.202 - - [20/Mar/2016:07:08:40 +0800] "GET /category.php?id=1633&price_min=21&price_max=26&filter_attr=0.1428.0.0.0.0 HTTP/1.1" 404 505 "-" "Mozilla/5.0 (compatible; bingbot/2.0; +http://www.bing.com/bingbot.htm)"
157.55.39.176 - - [20/Mar/2016:07:09:28 +0800] "GET /category.php?id=1646&brand=122&price_min=14&price_max=28&filter_attr=1495.0.0.1491.0 HTTP/1.1" 404 505 "-" "Mozilla/5.0 (compatible; bingbot/2.0; +http://www.bing.com/bingbot.htm)"
157.55.39.176 - - [20/Mar/2016:07:09:29 +0800] "GET /category.php?category=1647&display=grid&brand=0&price_min=0&price_max=0&filter_attr=0.1830.0.0.1880&page=1&sort=shop_price&order=ASC HTTP/1.1" 404 504 "-" "Mozilla/5.0 (compatible; bingbot/2.0; +http://www.bing.com/bingbot.htm)"
157.55.39.202 - - [20/Mar/2016:07:09:36 +0800] "GET /category.php?id=1611&brand=65&price_min=22&price_max=28&filter_attr=2604.0.0.0.0 HTTP/1.1" 404 505 "-" "Mozilla/5.0 (compatible; bingbot/2.0; +http://www.bing.com/bingbot.htm)"
157.55.39.202 - - [20/Mar/2016:07:09:37 +0800] "GET /category.php?category=784&display=grid&brand=0&price_min=0&price_max=0&filter_attr=0&page=1&sort=click_count&order=DESC HTTP/1.1" 404 504 "-" "Mozilla/5.0 (compatible; bingbot/2.0; +http://www.bing.com/bingbot.htm)"
157.55.39.132 - - [20/Mar/2016:07:09:45 +0800] "GET /category.php?id=1647&brand=123&price_min=31&price_max=38&filter_attr=0.1830.0.0.0 HTTP/1.1" 404 505 "-" "Mozilla/5.0 (compatible; bingbot/2.0; +http://www.bing.com/bingbot.htm)"
157.55.39.132 - - [20/Mar/2016:07:09:48 +0800] "GET /category.php?id=1611&price_min=24&price_max=29&filter_attr=0.2615.0.1363.0 HTTP/1.1" 404 505 "-" "Mozilla/5.0 (compatible; bingbot/2.0; +http://www.bing.com/bingbot.htm)"
157.55.39.176 - - [20/Mar/2016:07:10:48 +0800] "GET /category.php?category=527&display=grid&brand=0&price_min=300&price_max=350&filter_attr=0&page=1&sort=last_update&order=DESC HTTP/1.1" 404 505 "-" "Mozilla/5.0 (compatible; bingbot/2.0; +http://www.bing.com/bingbot.htm)"
157.55.39.176 - - [20/Mar/2016:07:10:48 +0800] "GET /category.php?category=1623&display=grid&brand=0&price_min=0&price_max=0&filter_attr=0&page=1&sort=click_count&order=ASC HTTP/1.1" 404 504 "-" "Mozilla/5.0 (compatible; bingbot/2.0; +http://www.bing.com/bingbot.htm)"
157.55.39.176 - - [20/Mar/2016:07:10:48 +0800] "GET /category.php?id=1611&brand=109&price_min=24&price_max=29&filter_attr=0.2615.0.0.1364 HTTP/1.1" 404 504 "-" "Mozilla/5.0 (compatible; bingbot/2.0; +http://www.bing.com/bingbot.htm)"
157.55.39.176 - - [20/Mar/2016:07:10:49 +0800] "GET /category.php?category=1611&display=grid&brand=118&price_min=0&price_max=0&filter_attr=0.1361.0.0.0&page=1&sort=last_update&order=DESC HTTP/1.1" 404 504 "-" "Mozilla/5.0 (compatible; bingbot/2.0; +http://www.bing.com/bingbot.htm)"
157.55.39.176 - - [20/Mar/2016:07:10:49 +0800] "GET /brand.php?category=66&display=grid&brand=32&price_min=&price_max=&filter_attr=&page=1&sort=shop_price&order=ASC HTTP/1.1" 404 501 "-" "Mozilla/5.0 (compatible; bingbot/2.0; +http://www.bing.com/bingbot.htm)"
203.208.60.29 - - [20/Mar/2016:07:11:33 +0800] "GET / HTTP/1.1" 200 3594 "-" "Mozilla/5.0 (compatible; Googlebot/2.1; +http://www.google.com/bot.html)"
