40.77.167.94 - - [20/Mar/2016:12:07:29 +0800] "GET /category.php?id=1646&price_min=84&price_max=98&filter_attr=0.1496.1490.0.0 HTTP/1.1" 404 504 "-" "Mozilla/5.0 (compatible; bingbot/2.0; +http://www.bing.com/bingbot.htm)"
40.77.167.94 - - [20/Mar/2016:12:07:30 +0800] "GET /category.php?id=565&price_min=0&price_max=40&filter_attr=7353.7414 HTTP/1.1" 404 504 "-" "Mozilla/5.0 (compatible; bingbot/2.0; +http://www.bing.com/bingbot.htm)"
40.77.167.94 - - [20/Mar/2016:12:07:30 +0800] "GET /category.php?category=1646&display=grid&brand=0&price_min=84&price_max=98&filter_attr=0.0.0.1774.0&page=1&sort=goods_id&order=ASC HTTP/1.1" 404 504 "-" "Mozilla/5.0 (compatible; bingbot/2.0; +http://www.bing.com/bingbot.htm)"
157.55.39.202 - - [20/Mar/2016:12:07:50 +0800] "GET /category.php?id=1611&brand=88&price_min=22&price_max=28&filter_attr=0.0.0.0.0 HTTP/1.1" 404 505 "-" "Mozilla/5.0 (compatible; bingbot/2.0; +http://www.bing.com/bingbot.htm)"
207.46.13.183 - - [20/Mar/2016:12:09:26 +0800] "GET /category.php?id=926&price_min=0&price_max=10&filter_attr=3045.0.0 HTTP/1.1" 404 505 "-" "Mozilla/5.0 (compatible; bingbot/2.0; +http://www.bing.com/bingbot.htm)"
207.46.13.183 - - [20/Mar/2016:12:09:27 +0800] "GET /category.php?id=1646&price_min=0&price_max=0&filter_attr=1525.1496.1490.0.0 HTTP/1.1" 404 504 "-" "Mozilla/5.0 (compatible; bingbot/2.0; +http://www.bing.com/bingbot.htm)"
157.55.39.202 - - [20/Mar/2016:12:11:18 +0800] "GET /category.php?category=3048&display=grid&brand=0&price_min=0&price_max=0&filter_attr=0&page=1&sort=click_count&order=ASC HTTP/1.1" 404 505 "-" "Mozilla/5.0 (compatible; bingbot/2.0; +http://www.bing.com/bingbot.htm)"
40.77.167.94 - - [20/Mar/2016:12:11:36 +0800] "GET /category.php?category=1498&display=grid&brand=0&price_min=0&price_max=0&filter_attr=0&page=1&sort=click_count&order=ASC HTTP/1.1" 404 505 "-" "Mozilla/5.0 (compatible; bingbot/2.0; +http://www.bing.com/bingbot.htm)"
40.77.167.94 - - [20/Mar/2016:12:11:36 +0800] "GET /robots.txt HTTP/1.1" 404 503 "-" "Mozilla/5.0 (compatible; bingbot/2.0; +http://www.bing.com/bingbot.htm)"
40.77.167.94 - - [20/Mar/2016:12:11:36 +0800] "GET /category.php?id=565&brand=32&price_min=0&price_max=0&filter_attr=7443.7414 HTTP/1.1" 404 504 "-" "Mozilla/5.0 (compatible; bingbot/2.0; +http://www.bing.com/bingbot.htm)"
123.125.71.32 - - [20/Mar/2016:12:11:50 +0800] "GET /mobile/category.php?id=765 HTTP/1.1" 404 479 "-" "Mozilla/5.0 (compatible; Baiduspider/2.0; +http://www.baidu.com/search/spider.html)"
157.55.39.202 - - [20/Mar/2016:12:12:06 +0800] "GET /category.php?category=526&display=grid&brand=153&price_min=0&price_max=0&filter_attr=0&page=1&sort=goods_id&order=ASC HTTP/1.1" 404 505 "-" "Mozilla/5.0 (compatible; bingbot/2.0; +http://www.bing.com/bingbot.htm)"
207.46.13.183 - - [20/Mar/2016:12:12:21 +0800] "GET /category.php?id=1575 HTTP/1.1" 404 505 "-" "Mozilla/5.0 (compatible; bingbot/2.0; +http://www.bing.com/bingbot.htm)"
207.46.13.183 - - [20/Mar/2016:12:12:21 +0800] "GET /category.php?id=1611&brand=109&price_min=34&price_max=39&filter_attr=1360.0.0.0.0 HTTP/1.1" 404 504 "-" "Mozilla/5.0 (compatible; bingbot/2.0; +http://www.bing.com/bingbot.htm)"
207.46.13.183 - - [20/Mar/2016:12:12:22 +0800] "GET /category.php?id=1633&brand=70&price_min=16&price_max=21&filter_attr=0.1428.0.0.0.0 HTTP/1.1" 404 505 "-" "Mozilla/5.0 (compatible; bingbot/2.0; +http://www.bing.com/bingbot.htm)"
157.55.39.202 - - [20/Mar/2016:12:12:23 +0800] "GET /category.php?id=1571 HTTP/1.1" 404 505 "-" "Mozilla/5.0 (compatible; bingbot/2.0; +http://www.bing.com/bingbot.htm)"
157.55.39.202 - - [20/Mar/2016:12:13:30 +0800] "GET /category.php?category=1646&display=grid&brand=99&price_min=0&price_max=0&filter_attr=0.1494.0.0.0&page=1&sort=shop_price&order=ASC HTTP/1.1" 404 505 "-" "Mozilla/5.0 (compatible; bingbot/2.0; +http://www.bing.com/bingbot.htm)"
157.55.39.202 - - [20/Mar/2016:12:13:45 +0800] "GET /robots.txt HTTP/1.1" 404 503 "-" "Mozilla/5.0 (compatible; bingbot/2.0; +http://www.bing.com/bingbot.htm)"
207.46.13.183 - - [20/Mar/2016:12:13:46 +0800] "GET /category.php?category=2622&display=grid&brand=0&price_min=440&price_max=580&filter_attr=0&page=1&sort=click_count&order=DESC HTTP/1.1" 404 505 "-" "Mozilla/5.0 (compatible; bingbot/2.0; +http://www.bing.com/bingbot.htm)"
207.46.13.183 - - [20/Mar/2016:12:13:47 +0800] "GET /category.php?category=557&display=grid&brand=0&price_min=69&price_max=80&filter_attr=0&page=1&sort=goods_id&order=ASC HTTP/1.1" 404 504 "-" "Mozilla/5.0 (compatible; bingbot/2.0; +http://www.bing.com/bingbot.htm)"
157.55.39.202 - - [20/Mar/2016:12:13:49 +0800] "GET /category.php?id=1611&brand=97&price_min=0&price_max=0&filter_attr=2604.0.0.1363.0 HTTP/1.1" 404 505 "-" "Mozilla/5.0 (compatible; bingbot/2.0; +http://www.bing.com/bingbot.htm)"
157.55.39.202 - - [20/Mar/2016:12:13:49 +0800] "GET /category.php?id=1646&brand=122&price_min=14&price_max=28&filter_attr=0.0.0.1774.0 HTTP/1.1" 404 504 "-" "Mozilla/5.0 (compatible; bingbot/2.0; +http://www.bing.com/bingbot.htm)"
157.55.39.202 - - [20/Mar/2016:12:13:50 +0800] "GET /category.php?id=565&brand=32&price_min=240&price_max=280&filter_attr=7546.0 HTTP/1.1" 404 505 "-" "Mozilla/5.0 (compatible; bingbot/2.0; +http://www.bing.com/bingbot.htm)"
207.46.13.183 - - [20/Mar/2016:12:14:04 +0800] "GET /category.php?category=3151&display=grid&brand=0&price_min=0&price_max=0&filter_attr=0&page=1&sort=goods_id&order=DESC HTTP/1.1" 404 505 "-" "Mozilla/5.0 (compatible; bingbot/2.0; +http://www.bing.com/bingbot.htm)"
40.77.167.94 - - [20/Mar/2016:12:14:16 +0800] "GET /category.php?category=1633&display=grid&brand=102&price_min=0&price_max=0&filter_attr=0.0.0.0.1436.0&page=1&sort=click_count&order=ASC HTTP/1.1" 404 505 "-" "Mozilla/5.0 (compatible; bingbot/2.0; +http://www.bing.com/bingbot.htm)"
207.46.13.183 - - [20/Mar/2016:12:14:25 +0800] "GET /category.php?category=1611&display=grid&brand=97&price_min=24&price_max=29&filter_attr=0.0.0.1363.0&page=1&sort=shop_price&order=ASC HTTP/1.1" 404 505 "-" "Mozilla/5.0 (compatible; bingbot/2.0; +http://www.bing.com/bingbot.htm)"
157.55.39.202 - - [20/Mar/2016:12:14:31 +0800] "GET /brand.php?category=2885&display=grid&brand=123&price_min=&price_max=&filter_attr=&page=1&sort=shop_price&order=ASC HTTP/1.1" 404 502 "-" "Mozilla/5.0 (compatible; bingbot/2.0; +http://www.bing.com/bingbot.htm)"
40.77.167.94 - - [20/Mar/2016:12:15:07 +0800] "GET /category.php?id=1633&brand=102&price_min=6&price_max=11&filter_attr=0.0.0.0.0.1431 HTTP/1.1" 404 505 "-" "Mozilla/5.0 (compatible; bingbot/2.0; +http://www.bing.com/bingbot.htm)"
207.46.13.183 - - [20/Mar/2016:12:15:14 +0800] "GET /category.php?id=534&price_min=490&price_max=500&filter_attr=0.6036.0.0 HTTP/1.1" 404 505 "-" "Mozilla/5.0 (compatible; bingbot/2.0; +http://www.bing.com/bingbot.htm)"
157.55.39.202 - - [20/Mar/2016:12:17:31 +0800] "GET /category.php?id=929&brand=119&price_min=0&price_max=0&filter_attr=0.0.1423 HTTP/1.1" 404 505 "-" "Mozilla/5.0 (compatible; bingbot/2.0; +http://www.bing.com/bingbot.htm)"
157.55.39.202 - - [20/Mar/2016:12:18:56 +0800] "GET /category.php?category=549&display=grid&brand=0&price_min=1500&price_max=2000&filter_attr=0&page=1&sort=shop_price&order=ASC HTTP/1.1" 404 505 "-" "Mozilla/5.0 (compatible; bingbot/2.0; +http://www.bing.com/bingbot.htm)"
157.55.39.227 - - [20/Mar/2016:12:19:07 +0800] "GET /category.php?category=941&display=grid&brand=0&price_min=0&price_max=0&filter_attr=0&page=1&sort=goods_id&order=DESC HTTP/1.1" 404 505 "-" "Mozilla/5.0 (compatible; bingbot/2.0; +http://www.bing.com/bingbot.htm)"
157.55.39.227 - - [20/Mar/2016:12:19:08 +0800] "GET /category.php?category=2513&display=grid&brand=0&price_min=0&price_max=0&filter_attr=0&page=1&sort=shop_price&order=ASC HTTP/1.1" 404 504 "-" "Mozilla/5.0 (compatible; bingbot/2.0; +http://www.bing.com/bingbot.htm)"
157.55.39.227 - - [20/Mar/2016:12:19:08 +0800] "GET /category.php?id=565&price_min=140&price_max=210&filter_attr=8459.0 HTTP/1.1" 404 504 "-" "Mozilla/5.0 (compatible; bingbot/2.0; +http://www.bing.com/bingbot.htm)"
157.55.39.227 - - [20/Mar/2016:12:19:08 +0800] "GET /category.php?id=1645&price_min=0&price_max=0&page=2&sort=goods_id&order=DESC HTTP/1.1" 404 504 "-" "Mozilla/5.0 (compatible; bingbot/2.0; +http://www.bing.com/bingbot.htm)"
157.55.39.227 - - [20/Mar/2016:12:19:08 +0800] "GET /category.php?id=1633&price_min=6&price_max=11&filter_attr=1427.0.1429.2339.0.0 HTTP/1.1" 404 504 "-" "Mozilla/5.0 (compatible; bingbot/2.0; +http://www.bing.com/bingbot.htm)"
157.55.39.227 - - [20/Mar/2016:12:19:09 +0800] "GET /category.php?id=1647&brand=95&price_min=24&price_max=29&filter_attr=0.1837.0.0.0 HTTP/1.1" 404 504 "-" "Mozilla/5.0 (compatible; bingbot/2.0; +http://www.bing.com/bingbot.htm)"
157.55.39.227 - - [20/Mar/2016:12:19:09 +0800] "GET /category.php?category=1646&display=grid&brand=0&price_min=0&price_max=0&filter_attr=0.1494.0.1774.0&page=1&sort=shop_price&order=ASC HTTP/1.1" 404 504 "-" "Mozilla/5.0 (compatible; bingbot/2.0; +http://www.bing.com/bingbot.htm)"
157.55.39.227 - - [20/Mar/2016:12:19:09 +0800] "GET /category.php?id=1024&price_min=1500&price_max=1800 HTTP/1.1" 404 504 "-" "Mozilla/5.0 (compatible; bingbot/2.0; +http://www.bing.com/bingbot.htm)"
157.55.39.227 - - [20/Mar/2016:12:19:09 +0800] "GET /category.php?category=565&display=grid&brand=33&price_min=0&price_max=0&filter_attr=7443.0&page=1&sort=goods_id&order=ASC HTTP/1.1" 404 504 "-" "Mozilla/5.0 (compatible; bingbot/2.0; +http://www.bing.com/bingbot.htm)"
157.55.39.227 - - [20/Mar/2016:12:19:10 +0800] "GET /category.php?category=561&display=grid&brand=0&price_min=0&price_max=0&filter_attr=0&page=36&sort=shop_price&order=DESC HTTP/1.1" 404 504 "-" "Mozilla/5.0 (compatible; bingbot/2.0; +http://www.bing.com/bingbot.htm)"
157.55.39.227 - - [20/Mar/2016:12:19:10 +0800] "GET /category.php?id=1937 HTTP/1.1" 404 504 "-" "Mozilla/5.0 (compatible; bingbot/2.0; +http://www.bing.com/bingbot.htm)"
157.55.39.227 - - [20/Mar/2016:12:19:10 +0800] "GET /category.php?category=1611&display=grid&brand=109&price_min=24&price_max=29&filter_attr=0.0.1687.0.0&page=1&sort=goods_id&order=ASC HTTP/1.1" 404 504 "-" "Mozilla/5.0 (compatible; bingbot/2.0; +http://www.bing.com/bingbot.htm)"
157.55.39.227 - - [20/Mar/2016:12:19:11 +0800] "GET /category.php?id=1646&brand=123&price_min=0&price_max=0&filter_attr=0.1516.0.1491.0 HTTP/1.1" 404 504 "-" "Mozilla/5.0 (compatible; bingbot/2.0; +http://www.bing.com/bingbot.htm)"
157.55.39.227 - - [20/Mar/2016:12:19:11 +0800] "GET /brand.php?category=0&display=grid&brand=9&price_min=&price_max=&filter_attr=&page=7&sort=goods_id&order=ASC HTTP/1.1" 404 501 "-" "Mozilla/5.0 (compatible; bingbot/2.0; +http://www.bing.com/bingbot.htm)"
157.55.39.227 - - [20/Mar/2016:12:19:11 +0800] "GET /category.php?category=2777&display=grid&brand=0&price_min=0&price_max=0&filter_attr=0&page=1&sort=goods_id&order=ASC HTTP/1.1" 404 504 "-" "Mozilla/5.0 (compatible; bingbot/2.0; +http://www.bing.com/bingbot.htm)"
157.55.39.227 - - [20/Mar/2016:12:19:11 +0800] "GET /brand.php?category=0&display=grid&brand=132&price_min=&price_max=&filter_attr=&page=3&sort=goods_id&order=DESC HTTP/1.1" 404 501 "-" "Mozilla/5.0 (compatible; bingbot/2.0; +http://www.bing.com/bingbot.htm)"
157.55.39.227 - - [20/Mar/2016:12:19:12 +0800] "GET /category.php?category=707&display=grid&brand=0&price_min=7200&price_max=8400&filter_attr=0&page=1&sort=shop_price&order=ASC HTTP/1.1" 404 504 "-" "Mozilla/5.0 (compatible; bingbot/2.0; +http://www.bing.com/bingbot.htm)"
157.55.39.227 - - [20/Mar/2016:12:19:12 +0800] "GET /category.php?category=565&display=grid&brand=0&price_min=140&price_max=210&filter_attr=7546.0&page=1&sort=last_update&order=DESC HTTP/1.1" 404 504 "-" "Mozilla/5.0 (compatible; bingbot/2.0; +http://www.bing.com/bingbot.htm)"
157.55.39.227 - - [20/Mar/2016:12:19:12 +0800] "GET /category.php?category=2792&display=grid&brand=0&price_min=0&price_max=0&filter_attr=0&page=1&sort=goods_id&order=DESC HTTP/1.1" 404 504 "-" "Mozilla/5.0 (compatible; bingbot/2.0; +http://www.bing.com/bingbot.htm)"
157.55.39.227 - - [20/Mar/2016:12:19:12 +0800] "GET /brand.php?id=132&page=2&sort=shop_price&order=ASC HTTP/1.1" 404 501 "-" "Mozilla/5.0 (compatible; bingbot/2.0; +http://www.bing.com/bingbot.htm)"
157.55.39.227 - - [20/Mar/2016:12:19:13 +0800] "GET /category.php?category=2856&display=grid&brand=0&price_min=0&price_max=0&filter_attr=0&page=1&sort=click_count&order=DESC HTTP/1.1" 404 504 "-" "Mozilla/5.0 (compatible; bingbot/2.0; +http://www.bing.com/bingbot.htm)"
157.55.39.227 - - [20/Mar/2016:12:19:13 +0800] "GET /category.php?id=1646&price_min=0&price_max=0&filter_attr=0.1516.3325.1774.0 HTTP/1.1" 404 504 "-" "Mozilla/5.0 (compatible; bingbot/2.0; +http://www.bing.com/bingbot.htm)"
157.55.39.227 - - [20/Mar/2016:12:19:13 +0800] "GET /category.php?id=3008 HTTP/1.1" 404 504 "-" "Mozilla/5.0 (compatible; bingbot/2.0; +http://www.bing.com/bingbot.htm)"
157.55.39.227 - - [20/Mar/2016:12:19:13 +0800] "GET /category.php?id=1647&brand=122&price_min=31&price_max=38&filter_attr=0.1832.0.0.0 HTTP/1.1" 404 504 "-" "Mozilla/5.0 (compatible; bingbot/2.0; +http://www.bing.com/bingbot.htm)"
157.55.39.227 - - [20/Mar/2016:12:19:14 +0800] "GET /brand.php?category=0&display=grid&brand=77&price_min=&price_max=&filter_attr=&page=1&sort=last_update&order=DESC HTTP/1.1" 404 501 "-" "Mozilla/5.0 (compatible; bingbot/2.0; +http://www.bing.com/bingbot.htm)"
157.55.39.227 - - [20/Mar/2016:12:19:14 +0800] "GET /category.php?id=1611&brand=88&price_min=24&price_max=29&filter_attr=0.1631.0.0.1364 HTTP/1.1" 404 504 "-" "Mozilla/5.0 (compatible; bingbot/2.0; +http://www.bing.com/bingbot.htm)"
157.55.39.227 - - [20/Mar/2016:12:19:14 +0800] "GET /category.php?category=912&display=grid&brand=0&price_min=0&price_max=0&filter_attr=0&page=1&sort=shop_price&order=ASC HTTP/1.1" 404 504 "-" "Mozilla/5.0 (compatible; bingbot/2.0; +http://www.bing.com/bingbot.htm)"
157.55.39.227 - - [20/Mar/2016:12:19:14 +0800] "GET /category.php?category=2814&display=grid&brand=0&price_min=0&price_max=0&filter_attr=0&page=1&sort=last_update&order=DESC HTTP/1.1" 404 504 "-" "Mozilla/5.0 (compatible; bingbot/2.0; +http://www.bing.com/bingbot.htm)"
157.55.39.227 - - [20/Mar/2016:12:19:14 +0800] "GET /category.php?category=1472&display=grid&brand=0&price_min=0&price_max=0&filter_attr=0&page=1&sort=click_count&order=ASC HTTP/1.1" 404 504 "-" "Mozilla/5.0 (compatible; bingbot/2.0; +http://www.bing.com/bingbot.htm)"
157.55.39.227 - - [20/Mar/2016:12:19:15 +0800] "GET /category.php?category=512&display=grid&brand=0&price_min=0&price_max=0&filter_attr=0.0.5993.0.0&page=1&sort=goods_id&order=ASC HTTP/1.1" 404 504 "-" "Mozilla/5.0 (compatible; bingbot/2.0; +http://www.bing.com/bingbot.htm)"
207.46.13.183 - - [20/Mar/2016:12:19:35 +0800] "GET /category.php?category=926&display=grid&brand=0&price_min=0&price_max=0&filter_attr=2376.3027.0&page=1&sort=click_count&order=DESC HTTP/1.1" 404 505 "-" "Mozilla/5.0 (compatible; bingbot/2.0; +http://www.bing.com/bingbot.htm)"
207.46.13.183 - - [20/Mar/2016:12:20:24 +0800] "GET /category.php?category=1611&display=grid&brand=109&price_min=24&price_max=29&filter_attr=2604.0.0.0.0&page=1&sort=goods_id&order=ASC HTTP/1.1" 404 505 "-" "Mozilla/5.0 (compatible; bingbot/2.0; +http://www.bing.com/bingbot.htm)"
157.55.39.202 - - [20/Mar/2016:12:20:58 +0800] "GET /category.php?id=1611&brand=118&price_min=34&price_max=39&filter_attr=0.0.1362.0.0 HTTP/1.1" 404 505 "-" "Mozilla/5.0 (compatible; bingbot/2.0; +http://www.bing.com/bingbot.htm)"
157.55.39.202 - - [20/Mar/2016:12:20:58 +0800] "GET /brand.php?id=30&page=2&sort=shop_price&order=ASC HTTP/1.1" 404 501 "-" "Mozilla/5.0 (compatible; bingbot/2.0; +http://www.bing.com/bingbot.htm)"
40.77.167.94 - - [20/Mar/2016:12:21:03 +0800] "GET /category.php?id=1646&brand=76&price_min=14&price_max=28&filter_attr=0.0.0.1513.0 HTTP/1.1" 404 505 "-" "Mozilla/5.0 (compatible; bingbot/2.0; +http://www.bing.com/bingbot.htm)"
157.55.39.202 - - [20/Mar/2016:12:21:39 +0800] "GET /category.php?id=1611&price_min=34&price_max=39&filter_attr=0.0.1687.0.1634 HTTP/1.1" 404 505 "-" "Mozilla/5.0 (compatible; bingbot/2.0; +http://www.bing.com/bingbot.htm)"
157.55.39.202 - - [20/Mar/2016:12:21:47 +0800] "GET /category.php?category=1633&display=grid&brand=0&price_min=26&price_max=31&filter_attr=0.0.2344.0.0.0&page=1&sort=last_update&order=DESC HTTP/1.1" 404 505 "-" "Mozilla/5.0 (compatible; bingbot/2.0; +http://www.bing.com/bingbot.htm)"
123.125.71.69 - - [20/Mar/2016:12:22:14 +0800] "GET /mobile/feed.php?brand=261 HTTP/1.1" 404 475 "-" "Mozilla/5.0 (compatible; Baiduspider/2.0; +http://www.baidu.com/search/spider.html)"
157.55.39.202 - - [20/Mar/2016:12:22:28 +0800] "GET /category.php?id=1633&brand=110&price_min=31&price_max=36&filter_attr=0.1428.0.2339.0.0 HTTP/1.1" 404 505 "-" "Mozilla/5.0 (compatible; bingbot/2.0; +http://www.bing.com/bingbot.htm)"
207.46.13.183 - - [20/Mar/2016:12:22:44 +0800] "GET /robots.txt HTTP/1.1" 404 503 "-" "Mozilla/5.0 (compatible; bingbot/2.0; +http://www.bing.com/bingbot.htm)"
40.77.167.94 - - [20/Mar/2016:12:22:51 +0800] "GET /category.php?id=1633&price_min=16&price_max=21&filter_attr=0.1428.2344.0.0.0 HTTP/1.1" 404 505 "-" "Mozilla/5.0 (compatible; bingbot/2.0; +http://www.bing.com/bingbot.htm)"
207.46.13.183 - - [20/Mar/2016:12:22:55 +0800] "GET /category.php?id=1646&brand=96&price_min=70&price_max=84&filter_attr=0.0.0.1491.0 HTTP/1.1" 404 505 "-" "Mozilla/5.0 (compatible; bingbot/2.0; +http://www.bing.com/bingbot.htm)"
207.46.13.183 - - [20/Mar/2016:12:22:56 +0800] "GET /category.php?id=1647&brand=95&price_min=52&price_max=59&filter_attr=0.1861.0.0.0 HTTP/1.1" 404 505 "-" "Mozilla/5.0 (compatible; bingbot/2.0; +http://www.bing.com/bingbot.htm)"
157.55.39.202 - - [20/Mar/2016:12:23:47 +0800] "GET /category.php?id=572&brand=129&price_min=27&price_max=30&filter_attr=0.0 HTTP/1.1" 404 505 "-" "Mozilla/5.0 (compatible; bingbot/2.0; +http://www.bing.com/bingbot.htm)"
207.46.13.183 - - [20/Mar/2016:12:23:53 +0800] "GET /category.php?id=1647&brand=80&price_min=0&price_max=0&filter_attr=1825.1830.0.0.0 HTTP/1.1" 404 505 "-" "Mozilla/5.0 (compatible; bingbot/2.0; +http://www.bing.com/bingbot.htm)"
207.46.13.183 - - [20/Mar/2016:12:23:54 +0800] "GET /category.php?category=1633&display=grid&brand=0&price_min=0&price_max=0&filter_attr=0&page=6&sort=shop_price&order=ASC HTTP/1.1" 404 504 "-" "Mozilla/5.0 (compatible; bingbot/2.0; +http://www.bing.com/bingbot.htm)"
207.46.13.183 - - [20/Mar/2016:12:23:55 +0800] "GET /category.php?id=1646&brand=76&price_min=0&price_max=14&filter_attr=0.1496.0.0.0 HTTP/1.1" 404 505 "-" "Mozilla/5.0 (compatible; bingbot/2.0; +http://www.bing.com/bingbot.htm)"
213.246.45.128 - - [20/Mar/2016:12:24:55 +0800] "GET http://www.baidu.com/cache/global/img/gs.gif HTTP/1.1" 404 459 "-" "Mozilla"
157.55.39.202 - - [20/Mar/2016:12:25:48 +0800] "GET /category.php?id=926&brand=87&price_min=46&price_max=55 HTTP/1.1" 404 505 "-" "Mozilla/5.0 (compatible; bingbot/2.0; +http://www.bing.com/bingbot.htm)"
157.55.39.202 - - [20/Mar/2016:12:25:50 +0800] "GET /category.php?id=1647&brand=94&price_min=38&price_max=45&filter_attr=0.0.1827.0.1880 HTTP/1.1" 404 505 "-" "Mozilla/5.0 (compatible; bingbot/2.0; +http://www.bing.com/bingbot.htm)"
40.77.167.94 - - [20/Mar/2016:12:25:50 +0800] "GET /robots.txt HTTP/1.1" 404 503 "-" "Mozilla/5.0 (compatible; bingbot/2.0; +http://www.bing.com/bingbot.htm)"
40.77.167.94 - - [20/Mar/2016:12:26:09 +0800] "GET /category.php?id=577&brand=32&price_min=0&price_max=0&filter_attr=0.8420.0 HTTP/1.1" 404 505 "-" "Mozilla/5.0 (compatible; bingbot/2.0; +http://www.bing.com/bingbot.htm)"
157.55.39.202 - - [20/Mar/2016:12:26:33 +0800] "GET /category.php?id=1611&brand=65&price_min=4&price_max=10&filter_attr=0.0.1362.0.1634 HTTP/1.1" 404 505 "-" "Mozilla/5.0 (compatible; bingbot/2.0; +http://www.bing.com/bingbot.htm)"
157.55.39.202 - - [20/Mar/2016:12:26:44 +0800] "GET /category.php?category=909&display=grid&brand=0&price_min=0&price_max=0&filter_attr=0&page=1&sort=goods_id&order=ASC HTTP/1.1" 404 505 "-" "Mozilla/5.0 (compatible; bingbot/2.0; +http://www.bing.com/bingbot.htm)"
40.77.167.55 - - [20/Mar/2016:12:27:43 +0800] "GET /category.php?id=1657&brand=99&price_min=0&price_max=0&filter_attr=0.0.0.0.0 HTTP/1.1" 404 505 "-" "Mozilla/5.0 (compatible; bingbot/2.0; +http://www.bing.com/bingbot.htm)"
207.46.13.183 - - [20/Mar/2016:12:28:29 +0800] "GET /category.php?id=926&brand=90&price_min=19&price_max=28 HTTP/1.1" 404 505 "-" "Mozilla/5.0 (compatible; bingbot/2.0; +http://www.bing.com/bingbot.htm)"
207.46.13.183 - - [20/Mar/2016:12:28:30 +0800] "GET /category.php?category=908&display=grid&brand=0&price_min=0&price_max=0&filter_attr=0&page=1&sort=shop_price&order=ASC HTTP/1.1" 404 504 "-" "Mozilla/5.0 (compatible; bingbot/2.0; +http://www.bing.com/bingbot.htm)"
207.46.13.183 - - [20/Mar/2016:12:28:31 +0800] "GET /category.php?category=928&display=grid&brand=0&price_min=8&price_max=9&filter_attr=0&page=1&sort=goods_id&order=ASC HTTP/1.1" 404 505 "-" "Mozilla/5.0 (compatible; bingbot/2.0; +http://www.bing.com/bingbot.htm)"
157.55.39.202 - - [20/Mar/2016:12:28:33 +0800] "GET /category.php?category=1647&display=grid&brand=0&price_min=52&price_max=59&filter_attr=0.0.1827.0.0&page=1&sort=last_update&order=DESC HTTP/1.1" 404 505 "-" "Mozilla/5.0 (compatible; bingbot/2.0; +http://www.bing.com/bingbot.htm)"
40.77.167.55 - - [20/Mar/2016:12:30:20 +0800] "GET /category.php?id=1633&brand=70&price_min=11&price_max=16&filter_attr=0.0.1429.0.0.0 HTTP/1.1" 404 505 "-" "Mozilla/5.0 (compatible; bingbot/2.0; +http://www.bing.com/bingbot.htm)"
40.77.167.55 - - [20/Mar/2016:12:30:22 +0800] "GET /category.php?category=565&display=grid&brand=0&price_min=280&price_max=350&filter_attr=0&page=1&sort=last_update&order=DESC HTTP/1.1" 404 505 "-" "Mozilla/5.0 (compatible; bingbot/2.0; +http://www.bing.com/bingbot.htm)"
40.77.167.55 - - [20/Mar/2016:12:30:23 +0800] "GET /category.php?category=1647&display=grid&brand=0&price_min=31&price_max=38&filter_attr=0.1830.0.0.0&page=1&sort=shop_price&order=ASC HTTP/1.1" 404 504 "-" "Mozilla/5.0 (compatible; bingbot/2.0; +http://www.bing.com/bingbot.htm)"
157.55.39.227 - - [20/Mar/2016:12:30:43 +0800] "GET /category.php?id=1646&brand=80&price_min=70&price_max=84&filter_attr=0.0.0.1491.0 HTTP/1.1" 404 505 "-" "Mozilla/5.0 (compatible; bingbot/2.0; +http://www.bing.com/bingbot.htm)"
157.55.39.227 - - [20/Mar/2016:12:30:43 +0800] "GET /category.php?id=1646&brand=118&price_min=0&price_max=0&filter_attr=0.0.0.1774.0 HTTP/1.1" 404 504 "-" "Mozilla/5.0 (compatible; bingbot/2.0; +http://www.bing.com/bingbot.htm)"
157.55.39.227 - - [20/Mar/2016:12:30:43 +0800] "GET /category.php?id=1004&brand=249&price_min=0&price_max=0 HTTP/1.1" 404 504 "-" "Mozilla/5.0 (compatible; bingbot/2.0; +http://www.bing.com/bingbot.htm)"
157.55.39.202 - - [20/Mar/2016:12:30:50 +0800] "GET /category.php?category=2664&display=grid&brand=90&price_min=0&price_max=0&filter_attr=0&page=1&sort=shop_price&order=ASC HTTP/1.1" 404 505 "-" "Mozilla/5.0 (compatible; bingbot/2.0; +http://www.bing.com/bingbot.htm)"
157.55.39.202 - - [20/Mar/2016:12:31:42 +0800] "GET /category.php?id=1646&price_min=0&price_max=0&filter_attr=1997.1501.0.1774.0 HTTP/1.1" 404 505 "-" "Mozilla/5.0 (compatible; bingbot/2.0; +http://www.bing.com/bingbot.htm)"
157.55.39.202 - - [20/Mar/2016:12:32:02 +0800] "GET /robots.txt HTTP/1.1" 404 503 "-" "Mozilla/5.0 (compatible; bingbot/2.0; +http://www.bing.com/bingbot.htm)"
157.55.39.202 - - [20/Mar/2016:12:32:05 +0800] "GET /category.php?id=1633&brand=101&price_min=21&price_max=26&filter_attr=0.0.3492.0.1436.0 HTTP/1.1" 404 505 "-" "Mozilla/5.0 (compatible; bingbot/2.0; +http://www.bing.com/bingbot.htm)"
207.46.13.183 - - [20/Mar/2016:12:32:10 +0800] "GET /category.php?category=2839&display=grid&brand=0&price_min=0&price_max=0&filter_attr=0&page=1&sort=goods_id&order=ASC HTTP/1.1" 404 505 "-" "Mozilla/5.0 (compatible; bingbot/2.0; +http://www.bing.com/bingbot.htm)"
40.77.167.94 - - [20/Mar/2016:12:32:32 +0800] "GET /category.php?id=926&brand=87&price_min=1&price_max=10&filter_attr=0.3027.0 HTTP/1.1" 404 505 "-" "Mozilla/5.0 (compatible; bingbot/2.0; +http://www.bing.com/bingbot.htm)"
123.125.71.82 - - [20/Mar/2016:12:32:37 +0800] "GET /mobile/captcha.php?946813661 HTTP/1.1" 404 478 "-" "Mozilla/5.0 (compatible; Baiduspider/2.0; +http://www.baidu.com/search/spider.html)"
123.125.71.86 - - [20/Mar/2016:12:33:03 +0800] "GET /mobile/category.php?id=1025 HTTP/1.1" 404 475 "-" "Mozilla/5.0 (compatible; Baiduspider/2.0; +http://www.baidu.com/search/spider.html)"
157.55.39.202 - - [20/Mar/2016:12:33:30 +0800] "GET /category.php?id=565&price_min=0&price_max=40&filter_attr=7546.7423 HTTP/1.1" 404 505 "-" "Mozilla/5.0 (compatible; bingbot/2.0; +http://www.bing.com/bingbot.htm)"
40.77.167.55 - - [20/Mar/2016:12:33:45 +0800] "GET /category.php?id=1611&brand=77&price_min=0&price_max=0&filter_attr=1360.1361.0.0.0 HTTP/1.1" 404 505 "-" "Mozilla/5.0 (compatible; bingbot/2.0; +http://www.bing.com/bingbot.htm)"
207.46.13.183 - - [20/Mar/2016:12:34:00 +0800] "GET /robots.txt HTTP/1.1" 404 503 "-" "Mozilla/5.0 (compatible; bingbot/2.0; +http://www.bing.com/bingbot.htm)"
203.208.60.123 - - [20/Mar/2016:12:34:20 +0800] "GET /robots.txt HTTP/1.1" 404 502 "-" "Mozilla/5.0 (compatible; Googlebot/2.1; +http://www.google.com/bot.html)"
203.208.60.118 - - [20/Mar/2016:12:34:20 +0800] "GET / HTTP/1.1" 200 3594 "-" "Mozilla/5.0 (iPhone; CPU iPhone OS 8_3 like Mac OS X) AppleWebKit/600.1.4 (KHTML, like Gecko) Version/8.0 Mobile/12F70 Safari/600.1.4 (compatible; Googlebot/2.1; +http://www.google.com/bot.html)"
207.46.13.183 - - [20/Mar/2016:12:34:59 +0800] "GET /category.php?category=2321&display=grid&brand=0&price_min=0&price_max=0&filter_attr=0&page=1&sort=goods_id&order=DESC HTTP/1.1" 404 505 "-" "Mozilla/5.0 (compatible; bingbot/2.0; +http://www.bing.com/bingbot.htm)"
40.77.167.55 - - [20/Mar/2016:12:35:02 +0800] "GET /robots.txt HTTP/1.1" 404 503 "-" "Mozilla/5.0 (compatible; bingbot/2.0; +http://www.bing.com/bingbot.htm)"
40.77.167.55 - - [20/Mar/2016:12:35:12 +0800] "GET /category.php?id=929&brand=119&price_min=0&price_max=0&filter_attr=0.0.2452 HTTP/1.1" 404 505 "-" "Mozilla/5.0 (compatible; bingbot/2.0; +http://www.bing.com/bingbot.htm)"
40.77.167.94 - - [20/Mar/2016:12:35:48 +0800] "GET /category.php?category=504&display=grid&brand=0&price_min=0&price_max=0&filter_attr=0&page=15&sort=click_count&order=DESC HTTP/1.1" 404 505 "-" "Mozilla/5.0 (compatible; bingbot/2.0; +http://www.bing.com/bingbot.htm)"
40.77.167.94 - - [20/Mar/2016:12:36:13 +0800] "GET /category.php?id=1647&brand=94&price_min=0&price_max=0&filter_attr=1825.1837.0.0.0 HTTP/1.1" 404 505 "-" "Mozilla/5.0 (compatible; bingbot/2.0; +http://www.bing.com/bingbot.htm)"
40.77.167.55 - - [20/Mar/2016:12:36:47 +0800] "GET /category.php?id=1646&price_min=0&price_max=14&filter_attr=1997.0.0.1491.1493 HTTP/1.1" 404 505 "-" "Mozilla/5.0 (compatible; bingbot/2.0; +http://www.bing.com/bingbot.htm)"
40.77.167.55 - - [20/Mar/2016:12:36:48 +0800] "GET /category.php?id=929&price_min=0&price_max=0&filter_attr=0.2445.2446 HTTP/1.1" 404 504 "-" "Mozilla/5.0 (compatible; bingbot/2.0; +http://www.bing.com/bingbot.htm)"
207.46.13.183 - - [20/Mar/2016:12:38:22 +0800] "GET /category.php?category=2325&display=grid&brand=0&price_min=0&price_max=0&filter_attr=0&page=1&sort=click_count&order=DESC HTTP/1.1" 404 505 "-" "Mozilla/5.0 (compatible; bingbot/2.0; +http://www.bing.com/bingbot.htm)"
207.46.13.183 - - [20/Mar/2016:12:38:23 +0800] "GET /category.php?id=1611&brand=97&price_min=0&price_max=0&filter_attr=2604.0.0.0.1364 HTTP/1.1" 404 504 "-" "Mozilla/5.0 (compatible; bingbot/2.0; +http://www.bing.com/bingbot.htm)"
207.46.13.183 - - [20/Mar/2016:12:38:23 +0800] "GET /category.php?id=1647&brand=123&price_min=0&price_max=0&filter_attr=0.1830.1827.0.0 HTTP/1.1" 404 504 "-" "Mozilla/5.0 (compatible; bingbot/2.0; +http://www.bing.com/bingbot.htm)"
207.46.13.183 - - [20/Mar/2016:12:38:23 +0800] "GET /category.php?category=1633&display=grid&brand=0&price_min=0&price_max=0&filter_attr=0.0.0.2339.0.1431&page=1&sort=click_count&order=DESC HTTP/1.1" 404 504 "-" "Mozilla/5.0 (compatible; bingbot/2.0; +http://www.bing.com/bingbot.htm)"
207.46.13.183 - - [20/Mar/2016:12:38:24 +0800] "GET /category.php?id=1633&brand=70&price_min=21&price_max=26&filter_attr=0.0.1429.2339.0.0 HTTP/1.1" 404 504 "-" "Mozilla/5.0 (compatible; bingbot/2.0; +http://www.bing.com/bingbot.htm)"
40.77.167.94 - - [20/Mar/2016:12:38:37 +0800] "GET /category.php?id=1647&brand=94&price_min=45&price_max=52&filter_attr=0.1830.0.0.0 HTTP/1.1" 404 505 "-" "Mozilla/5.0 (compatible; bingbot/2.0; +http://www.bing.com/bingbot.htm)"
40.77.167.94 - - [20/Mar/2016:12:38:38 +0800] "GET /category.php?id=2664&brand=90&price_min=35&price_max=37 HTTP/1.1" 404 504 "-" "Mozilla/5.0 (compatible; bingbot/2.0; +http://www.bing.com/bingbot.htm)"
157.55.39.202 - - [20/Mar/2016:12:38:42 +0800] "GET /category.php?category=1654&display=grid&brand=0&price_min=13&price_max=18&filter_attr=0&page=1&sort=last_update&order=ASC HTTP/1.1" 404 505 "-" "Mozilla/5.0 (compatible; bingbot/2.0; +http://www.bing.com/bingbot.htm)"
157.55.39.202 - - [20/Mar/2016:12:39:42 +0800] "GET /category.php?category=565&display=grid&brand=0&price_min=0&price_max=0&filter_attr=7546.0&page=1&sort=last_update&order=DESC HTTP/1.1" 404 505 "-" "Mozilla/5.0 (compatible; bingbot/2.0; +http://www.bing.com/bingbot.htm)"
40.77.167.94 - - [20/Mar/2016:12:39:57 +0800] "GET /category.php?id=929&price_min=0&price_max=0&filter_attr=2460.0.2892 HTTP/1.1" 404 505 "-" "Mozilla/5.0 (compatible; bingbot/2.0; +http://www.bing.com/bingbot.htm)"
40.77.167.55 - - [20/Mar/2016:12:40:37 +0800] "GET /category.php?id=1647&brand=94&price_min=31&price_max=38&filter_attr=0.1830.0.0.0 HTTP/1.1" 404 505 "-" "Mozilla/5.0 (compatible; bingbot/2.0; +http://www.bing.com/bingbot.htm)"
207.46.13.183 - - [20/Mar/2016:12:40:41 +0800] "GET /category.php?category=1633&display=grid&brand=0&price_min=11&price_max=16&filter_attr=0.0.3492.0.1436.0&page=1&sort=last_update&order=DESC HTTP/1.1" 404 505 "-" "Mozilla/5.0 (compatible; bingbot/2.0; +http://www.bing.com/bingbot.htm)"
207.46.13.183 - - [20/Mar/2016:12:40:41 +0800] "GET /category.php?id=928&brand=82&price_min=0&price_max=0&filter_attr=0.2935.0 HTTP/1.1" 404 504 "-" "Mozilla/5.0 (compatible; bingbot/2.0; +http://www.bing.com/bingbot.htm)"
40.77.167.94 - - [20/Mar/2016:12:42:02 +0800] "GET /category.php?id=1646&price_min=0&price_max=0&filter_attr=0.1501.0.1774.2006 HTTP/1.1" 404 505 "-" "Mozilla/5.0 (compatible; bingbot/2.0; +http://www.bing.com/bingbot.htm)"
157.55.39.202 - - [20/Mar/2016:12:42:17 +0800] "GET /category.php?id=928&price_min=9&price_max=10&filter_attr=0.2923.0 HTTP/1.1" 404 505 "-" "Mozilla/5.0 (compatible; bingbot/2.0; +http://www.bing.com/bingbot.htm)"
40.77.167.94 - - [20/Mar/2016:12:42:28 +0800] "GET /category.php?id=926&brand=73&price_min=0&price_max=0&filter_attr=3045.0.0 HTTP/1.1" 404 505 "-" "Mozilla/5.0 (compatible; bingbot/2.0; +http://www.bing.com/bingbot.htm)"
40.77.167.55 - - [20/Mar/2016:12:42:37 +0800] "GET /category.php?id=1611&brand=65&price_min=40&price_max=46 HTTP/1.1" 404 505 "-" "Mozilla/5.0 (compatible; bingbot/2.0; +http://www.bing.com/bingbot.htm)"
123.125.71.20 - - [20/Mar/2016:12:43:01 +0800] "GET /category.php?id=558&brand=151&price_min=100&price_max=190&page=4&sort=goods_id&order=DESC HTTP/1.1" 404 472 "-" "Mozilla/5.0 (compatible; Baiduspider/2.0; +http://www.baidu.com/search/spider.html)"
40.77.167.94 - - [20/Mar/2016:12:43:43 +0800] "GET /robots.txt HTTP/1.1" 404 503 "-" "Mozilla/5.0 (compatible; bingbot/2.0; +http://www.bing.com/bingbot.htm)"
40.77.167.94 - - [20/Mar/2016:12:43:46 +0800] "GET /category.php?id=1646&price_min=42&price_max=56&filter_attr=1495.0.0.1491.0 HTTP/1.1" 404 505 "-" "Mozilla/5.0 (compatible; bingbot/2.0; +http://www.bing.com/bingbot.htm)"
40.77.167.55 - - [20/Mar/2016:12:44:38 +0800] "GET /category.php?category=1703&display=grid&brand=0&price_min=360&price_max=480&filter_attr=0.0.0.0&page=1&sort=shop_price&order=ASC HTTP/1.1" 404 505 "-" "Mozilla/5.0 (compatible; bingbot/2.0; +http://www.bing.com/bingbot.htm)"
40.77.167.55 - - [20/Mar/2016:12:44:53 +0800] "GET /category.php?id=1633&brand=110&price_min=0&price_max=0&filter_attr=0.1428.0.1435.0.0 HTTP/1.1" 404 505 "-" "Mozilla/5.0 (compatible; bingbot/2.0; +http://www.bing.com/bingbot.htm)"
207.46.13.183 - - [20/Mar/2016:12:45:12 +0800] "GET /category.php?id=1611&brand=109&price_min=34&price_max=40&filter_attr=0.1366.1687.0.0 HTTP/1.1" 404 505 "-" "Mozilla/5.0 (compatible; bingbot/2.0; +http://www.bing.com/bingbot.htm)"
40.77.167.55 - - [20/Mar/2016:12:45:24 +0800] "GET /category.php?id=1633&price_min=6&price_max=11&filter_attr=1427.0.3492.0.1436.0 HTTP/1.1" 404 505 "-" "Mozilla/5.0 (compatible; bingbot/2.0; +http://www.bing.com/bingbot.htm)"
40.77.167.55 - - [20/Mar/2016:12:46:03 +0800] "GET /category.php?id=512&price_min=0&price_max=0&filter_attr=8233.0.6506.0.0 HTTP/1.1" 404 505 "-" "Mozilla/5.0 (compatible; bingbot/2.0; +http://www.bing.com/bingbot.htm)"
40.77.167.55 - - [20/Mar/2016:12:46:23 +0800] "GET /category.php?id=1633&brand=93&price_min=0&price_max=0&filter_attr=0.0.2344.1435.1436.0 HTTP/1.1" 404 505 "-" "Mozilla/5.0 (compatible; bingbot/2.0; +http://www.bing.com/bingbot.htm)"
40.77.167.55 - - [20/Mar/2016:12:46:33 +0800] "GET /robots.txt HTTP/1.1" 404 503 "-" "Mozilla/5.0 (compatible; bingbot/2.0; +http://www.bing.com/bingbot.htm)"
40.77.167.55 - - [20/Mar/2016:12:46:33 +0800] "GET /category.php?category=2272&display=grid&brand=0&price_min=0&price_max=0&filter_attr=0&page=1&sort=last_update&order=DESC HTTP/1.1" 404 505 "-" "Mozilla/5.0 (compatible; bingbot/2.0; +http://www.bing.com/bingbot.htm)"
40.77.167.94 - - [20/Mar/2016:12:46:53 +0800] "GET /category.php?id=929&price_min=0&price_max=0&filter_attr=2447.0.2452 HTTP/1.1" 404 505 "-" "Mozilla/5.0 (compatible; bingbot/2.0; +http://www.bing.com/bingbot.htm)"
207.46.13.183 - - [20/Mar/2016:12:47:24 +0800] "GET /category.php?id=928&brand=82&price_min=12&price_max=13 HTTP/1.1" 404 505 "-" "Mozilla/5.0 (compatible; bingbot/2.0; +http://www.bing.com/bingbot.htm)"
40.77.167.94 - - [20/Mar/2016:12:47:28 +0800] "GET /brand.php?id=31&cat=2882&page=1&sort=goods_id&order=DESC HTTP/1.1" 404 502 "-" "Mozilla/5.0 (compatible; bingbot/2.0; +http://www.bing.com/bingbot.htm)"
40.77.167.55 - - [20/Mar/2016:12:48:38 +0800] "GET /category.php?category=2837&display=grid&brand=0&price_min=0&price_max=0&filter_attr=0&page=1&sort=goods_id&order=DESC HTTP/1.1" 404 505 "-" "Mozilla/5.0 (compatible; bingbot/2.0; +http://www.bing.com/bingbot.htm)"
203.208.60.40 - - [20/Mar/2016:12:48:38 +0800] "GET /comment_add.php?id=4946 HTTP/1.1" 404 512 "-" "Mozilla/5.0 (compatible; Googlebot/2.1; +http://www.google.com/bot.html)"
207.46.13.183 - - [20/Mar/2016:12:48:51 +0800] "GET /category.php?category=1647&display=grid&brand=95&price_min=52&price_max=59&filter_attr=0&page=1&sort=last_update&order=DESC HTTP/1.1" 404 505 "-" "Mozilla/5.0 (compatible; bingbot/2.0; +http://www.bing.com/bingbot.htm)"
157.55.39.202 - - [20/Mar/2016:12:49:03 +0800] "GET /category.php?id=510&price_min=3900&price_max=4400&filter_attr=6412.0.0.0 HTTP/1.1" 404 505 "-" "Mozilla/5.0 (compatible; bingbot/2.0; +http://www.bing.com/bingbot.htm)"
40.77.167.94 - - [20/Mar/2016:12:49:24 +0800] "GET /category.php?category=565&display=grid&brand=32&price_min=0&price_max=0&filter_attr=0.7423&page=1&sort=goods_id&order=ASC HTTP/1.1" 404 505 "-" "Mozilla/5.0 (compatible; bingbot/2.0; +http://www.bing.com/bingbot.htm)"
157.55.39.202 - - [20/Mar/2016:12:49:44 +0800] "GET /category.php?id=512&price_min=3000&price_max=6000&filter_attr=0.0.0.0.10064 HTTP/1.1" 404 505 "-" "Mozilla/5.0 (compatible; bingbot/2.0; +http://www.bing.com/bingbot.htm)"
40.77.167.55 - - [20/Mar/2016:12:50:03 +0800] "GET /category.php?category=3078&display=grid&brand=0&price_min=0&price_max=0&filter_attr=0&page=1&sort=shop_price&order=ASC HTTP/1.1" 404 505 "-" "Mozilla/5.0 (compatible; bingbot/2.0; +http://www.bing.com/bingbot.htm)"
207.46.13.183 - - [20/Mar/2016:12:50:12 +0800] "GET /category.php?id=1031&price_min=500&price_max=510 HTTP/1.1" 404 505 "-" "Mozilla/5.0 (compatible; bingbot/2.0; +http://www.bing.com/bingbot.htm)"
40.77.167.55 - - [20/Mar/2016:12:50:18 +0800] "GET /category.php?category=2256&display=grid&brand=0&price_min=0&price_max=0&filter_attr=0&page=1&sort=shop_price&order=ASC HTTP/1.1" 404 505 "-" "Mozilla/5.0 (compatible; bingbot/2.0; +http://www.bing.com/bingbot.htm)"
207.46.13.183 - - [20/Mar/2016:12:50:33 +0800] "GET /category.php?category=1633&display=grid&brand=107&price_min=26&price_max=31&filter_attr=0.1428.0.0.0.0&page=1&sort=shop_price&order=ASC HTTP/1.1" 404 505 "-" "Mozilla/5.0 (compatible; bingbot/2.0; +http://www.bing.com/bingbot.htm)"
40.77.167.55 - - [20/Mar/2016:12:50:44 +0800] "GET /category.php?category=2322&display=grid&brand=0&price_min=0&price_max=0&filter_attr=0&page=1&sort=shop_price&order=ASC HTTP/1.1" 404 505 "-" "Mozilla/5.0 (compatible; bingbot/2.0; +http://www.bing.com/bingbot.htm)"
157.55.39.202 - - [20/Mar/2016:12:51:39 +0800] "GET /category.php?category=707&display=grid&brand=0&price_min=0&price_max=0&filter_attr=0.0.7500.0.0&page=1&sort=last_update&order=DESC HTTP/1.1" 404 505 "-" "Mozilla/5.0 (compatible; bingbot/2.0; +http://www.bing.com/bingbot.htm)"
40.77.167.55 - - [20/Mar/2016:12:52:13 +0800] "GET /category.php?category=565&display=grid&brand=0&price_min=0&price_max=0&filter_attr=0.7423&page=1&sort=click_count&order=DESC HTTP/1.1" 404 505 "-" "Mozilla/5.0 (compatible; bingbot/2.0; +http://www.bing.com/bingbot.htm)"
207.46.13.183 - - [20/Mar/2016:12:52:19 +0800] "GET /category.php?category=548&display=grid&brand=159&price_min=0&price_max=0&filter_attr=0&page=1&sort=click_count&order=DESC HTTP/1.1" 404 505 "-" "Mozilla/5.0 (compatible; bingbot/2.0; +http://www.bing.com/bingbot.htm)"
220.181.108.160 - - [20/Mar/2016:12:52:39 +0800] "GET /mobile/brand.php?id=22 HTTP/1.1" 404 476 "-" "Mozilla/5.0 (compatible; Baiduspider/2.0; +http://www.baidu.com/search/spider.html)"
40.77.167.94 - - [20/Mar/2016:12:52:39 +0800] "GET /category.php?id=928&brand=83&price_min=9&price_max=10&filter_attr=2922.0.0 HTTP/1.1" 404 505 "-" "Mozilla/5.0 (compatible; bingbot/2.0; +http://www.bing.com/bingbot.htm)"
207.46.13.183 - - [20/Mar/2016:12:52:47 +0800] "GET /category.php?category=2282&display=grid&brand=0&price_min=0&price_max=0&filter_attr=0&page=1&sort=goods_id&order=DESC HTTP/1.1" 404 505 "-" "Mozilla/5.0 (compatible; bingbot/2.0; +http://www.bing.com/bingbot.htm)"
40.77.167.94 - - [20/Mar/2016:12:52:55 +0800] "GET /category.php?id=1202 HTTP/1.1" 404 505 "-" "Mozilla/5.0 (compatible; bingbot/2.0; +http://www.bing.com/bingbot.htm)"
157.55.39.202 - - [20/Mar/2016:12:52:59 +0800] "GET /category.php?category=1489&display=grid&brand=0&price_min=0&price_max=0&filter_attr=0&page=1&sort=goods_id&order=ASC HTTP/1.1" 404 505 "-" "Mozilla/5.0 (compatible; bingbot/2.0; +http://www.bing.com/bingbot.htm)"
40.77.167.55 - - [20/Mar/2016:12:53:14 +0800] "GET /brand.php?category=0&display=grid&brand=129&price_min=&price_max=&filter_attr=&page=2&sort=click_count&order=DESC HTTP/1.1" 404 502 "-" "Mozilla/5.0 (compatible; bingbot/2.0; +http://www.bing.com/bingbot.htm)"
40.77.167.55 - - [20/Mar/2016:12:53:35 +0800] "GET /category.php?id=1803 HTTP/1.1" 404 505 "-" "Mozilla/5.0 (compatible; bingbot/2.0; +http://www.bing.com/bingbot.htm)"
40.77.167.94 - - [20/Mar/2016:12:53:39 +0800] "GET /category.php?id=3186&price_min=0&price_max=0&filter_attr=2540.0.2552.0 HTTP/1.1" 404 505 "-" "Mozilla/5.0 (compatible; bingbot/2.0; +http://www.bing.com/bingbot.htm)"
40.77.167.94 - - [20/Mar/2016:12:53:39 +0800] "GET /category.php?category=1703&display=grid&brand=153&price_min=0&price_max=0&filter_attr=0&page=1&sort=goods_id&order=DESC HTTP/1.1" 404 504 "-" "Mozilla/5.0 (compatible; bingbot/2.0; +http://www.bing.com/bingbot.htm)"
157.55.39.202 - - [20/Mar/2016:12:53:44 +0800] "GET /category.php?category=995&display=grid&brand=0&price_min=0&price_max=0&filter_attr=0&page=1&sort=shop_price&order=ASC HTTP/1.1" 404 505 "-" "Mozilla/5.0 (compatible; bingbot/2.0; +http://www.bing.com/bingbot.htm)"
157.55.39.202 - - [20/Mar/2016:12:53:45 +0800] "GET /category.php?id=1646&brand=99&price_min=56&price_max=70&filter_attr=1495.0.0.0.0 HTTP/1.1" 404 505 "-" "Mozilla/5.0 (compatible; bingbot/2.0; +http://www.bing.com/bingbot.htm)"
157.55.39.202 - - [20/Mar/2016:12:53:56 +0800] "GET /robots.txt HTTP/1.1" 404 503 "-" "Mozilla/5.0 (compatible; bingbot/2.0; +http://www.bing.com/bingbot.htm)"
157.55.39.202 - - [20/Mar/2016:12:54:00 +0800] "GET /category.php?category=789&display=grid&brand=0&price_min=0&price_max=0&filter_attr=0&page=1&sort=shop_price&order=DESC HTTP/1.1" 404 505 "-" "Mozilla/5.0 (compatible; bingbot/2.0; +http://www.bing.com/bingbot.htm)"
40.77.167.55 - - [20/Mar/2016:12:54:04 +0800] "GET /category.php?id=1611&brand=77&price_min=19&price_max=24&filter_attr=0.1366.1687.0.0 HTTP/1.1" 404 505 "-" "Mozilla/5.0 (compatible; bingbot/2.0; +http://www.bing.com/bingbot.htm)"
207.46.13.183 - - [20/Mar/2016:12:54:14 +0800] "GET /category.php?id=505&brand=236&price_min=12000&price_max=14000 HTTP/1.1" 404 505 "-" "Mozilla/5.0 (compatible; bingbot/2.0; +http://www.bing.com/bingbot.htm)"
157.55.39.202 - - [20/Mar/2016:12:54:40 +0800] "GET /category.php?category=882&display=grid&brand=0&price_min=0&price_max=0&filter_attr=0&page=1&sort=last_update&order=ASC HTTP/1.1" 404 505 "-" "Mozilla/5.0 (compatible; bingbot/2.0; +http://www.bing.com/bingbot.htm)"
157.55.39.202 - - [20/Mar/2016:12:54:44 +0800] "GET /category.php?id=1611&brand=118&price_min=4&price_max=10&filter_attr=0.0.1637.0.0 HTTP/1.1" 404 505 "-" "Mozilla/5.0 (compatible; bingbot/2.0; +http://www.bing.com/bingbot.htm)"
207.46.13.183 - - [20/Mar/2016:12:55:02 +0800] "GET /category.php?category=959&display=grid&brand=0&price_min=0&price_max=0&filter_attr=0&page=1&sort=last_update&order=ASC HTTP/1.1" 404 505 "-" "Mozilla/5.0 (compatible; bingbot/2.0; +http://www.bing.com/bingbot.htm)"
207.46.13.183 - - [20/Mar/2016:12:55:03 +0800] "GET /category.php?id=1611&brand=77&price_min=40&price_max=46&filter_attr=0.0.1687.0.0 HTTP/1.1" 404 504 "-" "Mozilla/5.0 (compatible; bingbot/2.0; +http://www.bing.com/bingbot.htm)"
157.55.39.202 - - [20/Mar/2016:12:56:00 +0800] "GET /category.php?id=1633&price_min=0&price_max=0&filter_attr=1427.0.2344.1435.1436.0 HTTP/1.1" 404 505 "-" "Mozilla/5.0 (compatible; bingbot/2.0; +http://www.bing.com/bingbot.htm)"
207.46.13.183 - - [20/Mar/2016:12:56:53 +0800] "GET /category.php?category=2734&display=grid&brand=0&price_min=0&price_max=0&filter_attr=0&page=1&sort=shop_price&order=ASC HTTP/1.1" 404 505 "-" "Mozilla/5.0 (compatible; bingbot/2.0; +http://www.bing.com/bingbot.htm)"
157.55.39.202 - - [20/Mar/2016:12:57:05 +0800] "GET /category.php?category=2311&display=grid&brand=0&price_min=0&price_max=0&filter_attr=0&page=1&sort=last_update&order=DESC HTTP/1.1" 404 505 "-" "Mozilla/5.0 (compatible; bingbot/2.0; +http://www.bing.com/bingbot.htm)"
157.55.39.202 - - [20/Mar/2016:12:57:46 +0800] "GET /category.php?category=1646&display=grid&brand=0&price_min=56&price_max=70&filter_attr=1495.0.0.0.0&page=1&sort=last_update&order=DESC HTTP/1.1" 404 505 "-" "Mozilla/5.0 (compatible; bingbot/2.0; +http://www.bing.com/bingbot.htm)"
40.77.167.94 - - [20/Mar/2016:12:58:15 +0800] "GET /category.php?category=591&display=grid&brand=0&price_min=0&price_max=0&filter_attr=0&page=1&sort=shop_price&order=DESC HTTP/1.1" 404 505 "-" "Mozilla/5.0 (compatible; bingbot/2.0; +http://www.bing.com/bingbot.htm)"
207.46.13.183 - - [20/Mar/2016:12:58:21 +0800] "GET /category.php?category=1044&display=grid&brand=0&price_min=0&price_max=0&filter_attr=0&page=1&sort=last_update&order=DESC HTTP/1.1" 404 505 "-" "Mozilla/5.0 (compatible; bingbot/2.0; +http://www.bing.com/bingbot.htm)"
207.46.13.183 - - [20/Mar/2016:12:58:23 +0800] "GET /category.php?id=926&price_min=28&price_max=37&filter_attr=2376.0.0 HTTP/1.1" 404 505 "-" "Mozilla/5.0 (compatible; bingbot/2.0; +http://www.bing.com/bingbot.htm)"
40.77.167.55 - - [20/Mar/2016:12:58:24 +0800] "GET /category.php?id=1633&price_min=1&price_max=6&filter_attr=0.0.2344.2339.0.1431 HTTP/1.1" 404 505 "-" "Mozilla/5.0 (compatible; bingbot/2.0; +http://www.bing.com/bingbot.htm)"
40.77.167.55 - - [20/Mar/2016:12:58:59 +0800] "GET /category.php?category=575&display=grid&brand=0&price_min=0&price_max=0&filter_attr=0&page=1&sort=last_update&order=DESC HTTP/1.1" 404 505 "-" "Mozilla/5.0 (compatible; bingbot/2.0; +http://www.bing.com/bingbot.htm)"
40.77.167.55 - - [20/Mar/2016:12:58:59 +0800] "GET /brand.php?category=0&display=grid&brand=32&price_min=&price_max=&filter_attr=&page=3&sort=shop_price&order=ASC HTTP/1.1" 404 501 "-" "Mozilla/5.0 (compatible; bingbot/2.0; +http://www.bing.com/bingbot.htm)"
40.77.167.94 - - [20/Mar/2016:12:59:05 +0800] "GET /category.php?category=873&display=grid&brand=0&price_min=0&price_max=0&filter_attr=0&page=1&sort=goods_id&order=DESC HTTP/1.1" 404 505 "-" "Mozilla/5.0 (compatible; bingbot/2.0; +http://www.bing.com/bingbot.htm)"
207.46.13.183 - - [20/Mar/2016:12:59:30 +0800] "GET /category.php?category=2672&display=grid&brand=0&price_min=0&price_max=0&filter_attr=0&page=1&sort=last_update&order=ASC HTTP/1.1" 404 505 "-" "Mozilla/5.0 (compatible; bingbot/2.0; +http://www.bing.com/bingbot.htm)"
157.55.39.202 - - [20/Mar/2016:12:59:46 +0800] "GET /category.php?id=565&price_min=200&price_max=240&filter_attr=7353.7465 HTTP/1.1" 404 505 "-" "Mozilla/5.0 (compatible; bingbot/2.0; +http://www.bing.com/bingbot.htm)"
40.77.167.94 - - [20/Mar/2016:12:59:50 +0800] "GET /category.php?id=578&price_min=1.5&price_max=1.5 HTTP/1.1" 404 505 "-" "Mozilla/5.0 (compatible; bingbot/2.0; +http://www.bing.com/bingbot.htm)"
40.77.167.55 - - [20/Mar/2016:13:00:24 +0800] "GET /category.php?id=1633&price_min=0&price_max=0&filter_attr=0.0.2344.0.1436.0 HTTP/1.1" 404 505 "-" "Mozilla/5.0 (compatible; bingbot/2.0; +http://www.bing.com/bingbot.htm)"
157.55.39.202 - - [20/Mar/2016:13:00:28 +0800] "GET /category.php?category=2283&display=grid&brand=0&price_min=0&price_max=0&filter_attr=0&page=1&sort=shop_price&order=ASC HTTP/1.1" 404 505 "-" "Mozilla/5.0 (compatible; bingbot/2.0; +http://www.bing.com/bingbot.htm)"
40.77.167.94 - - [20/Mar/2016:13:00:33 +0800] "GET /category.php?id=1611&brand=88&price_min=24&price_max=29&filter_attr=0.1631.0.0.0 HTTP/1.1" 404 505 "-" "Mozilla/5.0 (compatible; bingbot/2.0; +http://www.bing.com/bingbot.htm)"
207.46.13.183 - - [20/Mar/2016:13:01:12 +0800] "GET /category.php?id=1023&price_min=110&price_max=220 HTTP/1.1" 404 505 "-" "Mozilla/5.0 (compatible; bingbot/2.0; +http://www.bing.com/bingbot.htm)"
207.46.13.183 - - [20/Mar/2016:13:01:13 +0800] "GET /category.php?category=2250&display=grid&brand=0&price_min=0&price_max=0&filter_attr=0&page=1&sort=click_count&order=ASC HTTP/1.1" 404 504 "-" "Mozilla/5.0 (compatible; bingbot/2.0; +http://www.bing.com/bingbot.htm)"
157.55.39.202 - - [20/Mar/2016:13:02:01 +0800] "GET /category.php?id=1633&brand=102&price_min=16&price_max=21&filter_attr=1427.0.0.0.0.1431 HTTP/1.1" 404 505 "-" "Mozilla/5.0 (compatible; bingbot/2.0; +http://www.bing.com/bingbot.htm)"
220.181.108.93 - - [20/Mar/2016:13:02:18 +0800] "GET /mobile/category.php?category=2883&display=grid&brand=0&price_min=0&price_max=0&filter_attr=0&page=8&sort=goods_id&order=DESC HTTP/1.1" 404 479 "-" "Mozilla/5.0 (compatible; Baiduspider/2.0; +http://www.baidu.com/search/spider.html)"
207.46.13.183 - - [20/Mar/2016:13:02:25 +0800] "GET /category.php?id=1633&price_min=1&price_max=6&filter_attr=0.0.1429.2339.0.0 HTTP/1.1" 404 505 "-" "Mozilla/5.0 (compatible; bingbot/2.0; +http://www.bing.com/bingbot.htm)"
157.55.39.202 - - [20/Mar/2016:13:02:29 +0800] "GET /category.php?id=1611&price_min=14&price_max=19&filter_attr=2604.1361.0.0.0 HTTP/1.1" 404 505 "-" "Mozilla/5.0 (compatible; bingbot/2.0; +http://www.bing.com/bingbot.htm)"
157.55.39.202 - - [20/Mar/2016:13:02:31 +0800] "GET /category.php?category=978&display=grid&brand=0&price_min=0&price_max=0&filter_attr=0&page=1&sort=last_update&order=ASC HTTP/1.1" 404 505 "-" "Mozilla/5.0 (compatible; bingbot/2.0; +http://www.bing.com/bingbot.htm)"
40.77.167.94 - - [20/Mar/2016:13:03:05 +0800] "GET /category.php?id=3186&brand=69&price_min=0&price_max=0&filter_attr=0.2545.0.0 HTTP/1.1" 404 505 "-" "Mozilla/5.0 (compatible; bingbot/2.0; +http://www.bing.com/bingbot.htm)"
40.77.167.55 - - [20/Mar/2016:13:03:25 +0800] "GET /brand.php?id=126&page=1&sort=click_count&order=ASC HTTP/1.1" 404 502 "-" "Mozilla/5.0 (compatible; bingbot/2.0; +http://www.bing.com/bingbot.htm)"
207.46.13.183 - - [20/Mar/2016:13:04:06 +0800] "GET /category.php?id=1647&brand=94&price_min=0&price_max=0&filter_attr=0.1861.0.1866.0 HTTP/1.1" 404 505 "-" "Mozilla/5.0 (compatible; bingbot/2.0; +http://www.bing.com/bingbot.htm)"
40.77.167.55 - - [20/Mar/2016:13:04:09 +0800] "GET /category.php?id=1647&brand=94&price_min=17&price_max=24&filter_attr=0.1830.1827.0.0 HTTP/1.1" 404 505 "-" "Mozilla/5.0 (compatible; bingbot/2.0; +http://www.bing.com/bingbot.htm)"
40.77.167.94 - - [20/Mar/2016:13:04:42 +0800] "GET /category.php?id=1611&price_min=24&price_max=29&filter_attr=0.1631.1637.0.0 HTTP/1.1" 404 505 "-" "Mozilla/5.0 (compatible; bingbot/2.0; +http://www.bing.com/bingbot.htm)"
157.55.39.202 - - [20/Mar/2016:13:04:47 +0800] "GET /category.php?category=1898&display=grid&brand=0&price_min=0&price_max=0&filter_attr=0&page=1&sort=click_count&order=DESC HTTP/1.1" 404 505 "-" "Mozilla/5.0 (compatible; bingbot/2.0; +http://www.bing.com/bingbot.htm)"
207.46.13.183 - - [20/Mar/2016:13:05:17 +0800] "GET /category.php?category=3081&display=grid&brand=0&price_min=0&price_max=0&filter_attr=0&page=1&sort=shop_price&order=DESC HTTP/1.1" 404 505 "-" "Mozilla/5.0 (compatible; bingbot/2.0; +http://www.bing.com/bingbot.htm)"
