wx.chaopengz.com:80 121.42.0.72 - - [21/Mar/2016:01:14:03 +0000] "GET /Admin/Images/bg_admin.jpg HTTP/1.1" 404 2552 "-" "Mozilla/4.0 (compatible; MSIE 6.0; Windows NT 5.1;Alibaba.Security.Heimdall.950384.p)"
wx.chaopengz.com:80 121.42.0.72 - - [21/Mar/2016:01:14:03 +0000] "GET /images/act_1.gif HTTP/1.1" 404 2525 "-" "Mozilla/4.0 (compatible; MSIE 6.0; Windows NT 5.1;Alibaba.Security.Heimdall.950384.p)"
wx.chaopengz.com:80 121.42.0.72 - - [21/Mar/2016:01:14:04 +0000] "GET /images/reg.gif HTTP/1.1" 404 2519 "-" "Mozilla/4.0 (compatible; MSIE 6.0; Windows NT 5.1;Alibaba.Security.Heimdall.950384.p)"
wx.chaopengz.com:80 183.60.225.40 - - [21/Mar/2016:05:03:41 +0000] "POST /towechat/ HTTP/1.1" 500 61018 "-" "Mozilla/5.0 (compatible; MSIE 9.0; Windows NT 6.1; WOW64; Trident/5.0)"
wx.chaopengz.com:80 183.60.225.40 - - [21/Mar/2016:05:03:41 +0000] "POST /towechat/ HTTP/1.1" 500 61018 "-" "Mozilla/5.0 (compatible; MSIE 9.0; Windows NT 6.1; WOW64; Trident/5.0)"
wx.chaopengz.com:80 183.60.225.40 - - [21/Mar/2016:05:03:41 +0000] "POST /towechat/ HTTP/1.1" 500 61018 "-" "Mozilla/5.0 (compatible; MSIE 9.0; Windows NT 6.1; WOW64; Trident/5.0)"
wx.chaopengz.com:80 183.60.225.40 - - [21/Mar/2016:05:03:41 +0000] "POST /towechat/ HTTP/1.1" 500 61018 "-" "Mozilla/5.0 (compatible; MSIE 9.0; Windows NT 6.1; WOW64; Trident/5.0)"
wx.chaopengz.com:80 103.243.25.218 - - [21/Mar/2016:05:03:53 +0000] "POST /towechat/ HTTP/1.1" 200 302 "-" "Go-http-client/1.1"
wx.chaopengz.com:80 58.135.252.7 - - [21/Mar/2016:05:04:31 +0000] "POST /towechat/ HTTP/1.1" 200 299 "-" "Apache-HttpClient/4.5.1 (Java/1.8.0_60)"
wx.chaopengz.com:80 58.135.252.7 - - [21/Mar/2016:05:06:18 +0000] "POST /towechat/ HTTP/1.1" 500 60345 "-" "Apache-HttpClient/4.5.1 (Java/1.8.0_60)"
wx.chaopengz.com:80 111.198.124.7 - - [21/Mar/2016:05:06:48 +0000] "POST /towechat/ HTTP/1.1" 500 60347 "-" "Apache-HttpClient/4.5.1 (Java/1.8.0_60)"
wx.chaopengz.com:80 111.198.124.7 - - [21/Mar/2016:05:09:11 +0000] "POST /towechat/ HTTP/1.1" 500 60347 "-" "Apache-HttpClient/4.5.1 (Java/1.8.0_60)"
wx.chaopengz.com:80 111.198.124.7 - - [21/Mar/2016:05:10:52 +0000] "POST /towechat/ HTTP/1.1" 500 60346 "-" "Apache-HttpClient/4.5.1 (Java/1.8.0_60)"
wx.chaopengz.com:80 111.198.124.7 - - [21/Mar/2016:05:13:44 +0000] "POST /towechat/ HTTP/1.1" 500 60347 "-" "Apache-HttpClient/4.5.1 (Java/1.8.0_60)"
wx.chaopengz.com:80 58.135.252.7 - - [21/Mar/2016:05:13:58 +0000] "POST /towechat/ HTTP/1.1" 500 60345 "-" "Apache-HttpClient/4.5.1 (Java/1.8.0_60)"
wx.chaopengz.com:80 58.135.252.7 - - [21/Mar/2016:05:14:16 +0000] "POST /towechat/ HTTP/1.1" 500 60346 "-" "Apache-HttpClient/4.5.1 (Java/1.8.0_60)"
wx.chaopengz.com:80 58.135.252.7 - - [21/Mar/2016:05:14:25 +0000] "POST /towechat/ HTTP/1.1" 500 60346 "-" "Apache-HttpClient/4.5.1 (Java/1.8.0_60)"
wx.chaopengz.com:80 58.135.252.7 - - [21/Mar/2016:05:15:01 +0000] "POST /towechat/ HTTP/1.1" 500 60346 "-" "Apache-HttpClient/4.5.1 (Java/1.8.0_60)"
wx.chaopengz.com:80 103.243.25.218 - - [21/Mar/2016:05:15:54 +0000] "POST /towechat/ HTTP/1.1" 200 300 "-" "Go-http-client/1.1"
wx.chaopengz.com:80 113.107.161.56 - - [21/Mar/2016:05:16:29 +0000] "POST /towechat/ HTTP/1.1" 500 61019 "-" "Mozilla/5.0 (compatible; MSIE 9.0; Windows NT 6.1; WOW64; Trident/5.0)"
wx.chaopengz.com:80 113.107.161.56 - - [21/Mar/2016:05:16:29 +0000] "POST /towechat/ HTTP/1.1" 500 61019 "-" "Mozilla/5.0 (compatible; MSIE 9.0; Windows NT 6.1; WOW64; Trident/5.0)"
wx.chaopengz.com:80 113.107.161.56 - - [21/Mar/2016:05:16:30 +0000] "POST /towechat/ HTTP/1.1" 500 61019 "-" "Mozilla/5.0 (compatible; MSIE 9.0; Windows NT 6.1; WOW64; Trident/5.0)"
wx.chaopengz.com:80 113.107.161.56 - - [21/Mar/2016:05:16:30 +0000] "POST /towechat/ HTTP/1.1" 500 61019 "-" "Mozilla/5.0 (compatible; MSIE 9.0; Windows NT 6.1; WOW64; Trident/5.0)"
wx.chaopengz.com:80 113.107.161.56 - - [21/Mar/2016:05:17:02 +0000] "POST /towechat/ HTTP/1.1" 500 61019 "-" "Mozilla/5.0 (compatible; MSIE 9.0; Windows NT 6.1; WOW64; Trident/5.0)"
wx.chaopengz.com:80 113.107.161.56 - - [21/Mar/2016:05:17:03 +0000] "POST /towechat/ HTTP/1.1" 500 61019 "-" "Mozilla/5.0 (compatible; MSIE 9.0; Windows NT 6.1; WOW64; Trident/5.0)"
wx.chaopengz.com:80 113.107.161.56 - - [21/Mar/2016:05:17:03 +0000] "POST /towechat/ HTTP/1.1" 500 61019 "-" "Mozilla/5.0 (compatible; MSIE 9.0; Windows NT 6.1; WOW64; Trident/5.0)"
wx.chaopengz.com:80 113.107.161.56 - - [21/Mar/2016:05:17:03 +0000] "POST /towechat/ HTTP/1.1" 500 61019 "-" "Mozilla/5.0 (compatible; MSIE 9.0; Windows NT 6.1; WOW64; Trident/5.0)"
wx.chaopengz.com:80 113.107.161.56 - - [21/Mar/2016:05:17:37 +0000] "POST /towechat/&quot; HTTP/1.1" 404 2500 "-" "Mozilla/5.0 (compatible; MSIE 9.0; Windows NT 6.1; WOW64; Trident/5.0)"
wx.chaopengz.com:80 113.107.161.56 - - [21/Mar/2016:05:17:37 +0000] "POST /towechat/&quot; HTTP/1.1" 404 2500 "-" "Mozilla/5.0 (compatible; MSIE 9.0; Windows NT 6.1; WOW64; Trident/5.0)"
wx.chaopengz.com:80 113.107.161.56 - - [21/Mar/2016:05:17:37 +0000] "POST /towechat/&quot; HTTP/1.1" 404 2500 "-" "Mozilla/5.0 (compatible; MSIE 9.0; Windows NT 6.1; WOW64; Trident/5.0)"
wx.chaopengz.com:80 113.107.161.56 - - [21/Mar/2016:05:17:37 +0000] "POST /towechat/&quot; HTTP/1.1" 404 2500 "-" "Mozilla/5.0 (compatible; MSIE 9.0; Windows NT 6.1; WOW64; Trident/5.0)"
wx.chaopengz.com:80 113.107.161.56 - - [21/Mar/2016:05:17:51 +0000] "POST /towechat/ HTTP/1.1" 500 61019 "-" "Mozilla/5.0 (compatible; MSIE 9.0; Windows NT 6.1; WOW64; Trident/5.0)"
wx.chaopengz.com:80 113.107.161.56 - - [21/Mar/2016:05:17:51 +0000] "POST /towechat/ HTTP/1.1" 500 61019 "-" "Mozilla/5.0 (compatible; MSIE 9.0; Windows NT 6.1; WOW64; Trident/5.0)"
wx.chaopengz.com:80 113.107.161.56 - - [21/Mar/2016:05:17:52 +0000] "POST /towechat/ HTTP/1.1" 500 61019 "-" "Mozilla/5.0 (compatible; MSIE 9.0; Windows NT 6.1; WOW64; Trident/5.0)"
wx.chaopengz.com:80 113.107.161.56 - - [21/Mar/2016:05:17:52 +0000] "POST /towechat/ HTTP/1.1" 500 61019 "-" "Mozilla/5.0 (compatible; MSIE 9.0; Windows NT 6.1; WOW64; Trident/5.0)"
wx.chaopengz.com:80 103.243.25.218 - - [21/Mar/2016:05:20:37 +0000] "POST /towechat/ HTTP/1.1" 500 60814 "-" "Go-http-client/1.1"
wx.chaopengz.com:80 103.243.25.218 - - [21/Mar/2016:05:20:42 +0000] "POST /towechat/ HTTP/1.1" 500 60814 "-" "Go-http-client/1.1"
wx.chaopengz.com:80 103.243.25.218 - - [21/Mar/2016:05:20:56 +0000] "POST /towechat/ HTTP/1.1" 500 60824 "-" "Go-http-client/1.1"
wx.chaopengz.com:80 103.243.25.218 - - [21/Mar/2016:05:21:01 +0000] "POST /towechat/ HTTP/1.1" 500 60833 "-" "Go-http-client/1.1"
wx.chaopengz.com:80 103.243.25.218 - - [21/Mar/2016:05:21:04 +0000] "POST /towechat/ HTTP/1.1" 500 60833 "-" "Go-http-client/1.1"
wx.chaopengz.com:80 103.243.25.218 - - [21/Mar/2016:05:21:06 +0000] "POST /towechat/ HTTP/1.1" 500 60833 "-" "Go-http-client/1.1"
wx.chaopengz.com:80 103.243.25.218 - - [21/Mar/2016:05:21:07 +0000] "POST /towechat/ HTTP/1.1" 500 60833 "-" "Go-http-client/1.1"
wx.chaopengz.com:80 103.243.25.218 - - [21/Mar/2016:05:21:41 +0000] "POST /towechat/ HTTP/1.1" 500 60857 "-" "Go-http-client/1.1"
wx.chaopengz.com:80 111.198.124.7 - - [21/Mar/2016:05:57:02 +0000] "POST /towechat/ HTTP/1.1" 500 60347 "-" "Apache-HttpClient/4.5.1 (Java/1.8.0_60)"
wx.chaopengz.com:80 60.207.237.2 - - [21/Mar/2016:06:39:45 +0000] "GET / HTTP/1.1" 200 341 "-" "Mozilla/5.0 (Windows NT 10.0; WOW64) AppleWebKit/537.36 (KHTML, like Gecko) Chrome/49.0.2623.87 Safari/537.36"
wx.chaopengz.com:80 60.207.237.2 - - [21/Mar/2016:06:39:45 +0000] "GET /favicon.ico HTTP/1.1" 404 2509 "http://wx.chaopengz.com/" "Mozilla/5.0 (Windows NT 10.0; WOW64) AppleWebKit/537.36 (KHTML, like Gecko) Chrome/49.0.2623.87 Safari/537.36"
wx.chaopengz.com:80 60.207.237.2 - - [21/Mar/2016:06:41:40 +0000] "GET / HTTP/1.1" 200 341 "-" "Mozilla/5.0 (Windows NT 10.0; WOW64) AppleWebKit/537.36 (KHTML, like Gecko) Chrome/49.0.2623.87 Safari/537.36"
wx.chaopengz.com:80 60.207.237.2 - - [21/Mar/2016:06:45:59 +0000] "GET /towechat/ HTTP/1.1" 200 352 "-" "Mozilla/5.0 (Windows NT 10.0; WOW64) AppleWebKit/537.36 (KHTML, like Gecko) Chrome/49.0.2623.87 Safari/537.36"
wx.chaopengz.com:80 60.207.237.2 - - [21/Mar/2016:06:46:00 +0000] "GET /favicon.ico HTTP/1.1" 404 2509 "http://wx.chaopengz.com/towechat/" "Mozilla/5.0 (Windows NT 10.0; WOW64) AppleWebKit/537.36 (KHTML, like Gecko) Chrome/49.0.2623.87 Safari/537.36"
wx.chaopengz.com:80 60.207.237.2 - - [21/Mar/2016:06:46:41 +0000] "POST /towechat/ HTTP/1.1" 200 265 "-" "Python-urllib/2.7"
wx.chaopengz.com:80 58.135.252.7 - - [21/Mar/2016:06:47:54 +0000] "POST /towechat/ HTTP/1.1" 500 60345 "-" "Apache-HttpClient/4.5.1 (Java/1.8.0_60)"
wx.chaopengz.com:80 103.243.25.218 - - [21/Mar/2016:06:48:25 +0000] "POST /towechat/ HTTP/1.1" 500 60821 "-" "Go-http-client/1.1"
wx.chaopengz.com:80 103.243.25.218 - - [21/Mar/2016:06:49:40 +0000] "POST /towechat/ HTTP/1.1" 500 60821 "-" "Go-http-client/1.1"
wx.chaopengz.com:80 60.207.237.2 - - [21/Mar/2016:06:49:59 +0000] "POST /towechat/ HTTP/1.1" 200 265 "-" "Python-urllib/2.7"
wx.chaopengz.com:80 103.243.25.218 - - [21/Mar/2016:06:50:28 +0000] "POST /towechat/ HTTP/1.1" 500 60845 "-" "Go-http-client/1.1"
wx.chaopengz.com:80 103.243.25.218 - - [21/Mar/2016:06:50:43 +0000] "POST /towechat/ HTTP/1.1" 200 302 "-" "Go-http-client/1.1"
wx.chaopengz.com:80 42.96.133.35 - - [21/Mar/2016:06:50:59 +0000] "POST /towechat/?atool_timestamp=1458543059 HTTP/1.1" 200 243 "-" "Mozilla/5.0 (compatible; MSIE 5.01; Windows NT 5.1)"
wx.chaopengz.com:80 103.243.25.218 - - [21/Mar/2016:06:51:50 +0000] "POST /towechat/ HTTP/1.1" 500 60821 "-" "Go-http-client/1.1"
wx.chaopengz.com:80 103.243.25.218 - - [21/Mar/2016:06:52:12 +0000] "POST /towechat/ HTTP/1.1" 200 302 "-" "Go-http-client/1.1"
wx.chaopengz.com:80 218.246.76.4 - - [21/Mar/2016:06:52:26 +0000] "POST /towechat/ HTTP/1.1" 500 60346 "-" "Apache-HttpClient/4.5.1 (Java/1.8.0_60)"
wx.chaopengz.com:80 58.135.252.7 - - [21/Mar/2016:06:53:11 +0000] "POST /towechat/ HTTP/1.1" 500 60345 "-" "Apache-HttpClient/4.5.1 (Java/1.8.0_60)"
wx.chaopengz.com:80 58.135.252.7 - - [21/Mar/2016:06:53:54 +0000] "POST /towechat/ HTTP/1.1" 500 60346 "-" "Apache-HttpClient/4.5.1 (Java/1.8.0_60)"
wx.chaopengz.com:80 111.198.124.7 - - [21/Mar/2016:06:54:06 +0000] "POST /towechat/ HTTP/1.1" 500 60347 "-" "Apache-HttpClient/4.5.1 (Java/1.8.0_60)"
wx.chaopengz.com:80 58.135.252.7 - - [21/Mar/2016:06:55:06 +0000] "POST /towechat/ HTTP/1.1" 500 60345 "-" "Apache-HttpClient/4.5.1 (Java/1.8.0_60)"
wx.chaopengz.com:80 58.247.206.148 - - [21/Mar/2016:07:02:29 +0000] "POST /wechat/?signature=9ac66f4316b73aad88fdd1b7c16e79237ab5e641&timestamp=1458543749&nonce=323193194 HTTP/1.0" 200 773 "-" "Mozilla/4.0"
wx.chaopengz.com:80 111.198.124.7 - - [21/Mar/2016:07:02:34 +0000] "POST /towechat/ HTTP/1.1" 500 60347 "-" "Apache-HttpClient/4.5.1 (Java/1.8.0_60)"
wx.chaopengz.com:80 58.135.252.7 - - [21/Mar/2016:07:02:56 +0000] "POST /towechat/ HTTP/1.1" 500 60346 "-" "Apache-HttpClient/4.5.1 (Java/1.8.0_60)"
wx.chaopengz.com:80 58.135.252.7 - - [21/Mar/2016:07:02:57 +0000] "GET /towechat/name=zhang HTTP/1.1" 404 2536 "-" "Apache-HttpClient/4.5.1 (Java/1.8.0_60)"
wx.chaopengz.com:80 103.243.25.218 - - [21/Mar/2016:07:03:20 +0000] "GET /towechat/ HTTP/1.1" 200 296 "-" "Go-http-client/1.1"
wx.chaopengz.com:80 111.198.124.7 - - [21/Mar/2016:07:04:18 +0000] "POST /towechat/ HTTP/1.1" 500 60347 "-" "Apache-HttpClient/4.5.1 (Java/1.8.0_60)"
wx.chaopengz.com:80 111.198.124.7 - - [21/Mar/2016:07:04:18 +0000] "GET /towechat/name=zhang HTTP/1.1" 404 2536 "-" "Apache-HttpClient/4.5.1 (Java/1.8.0_60)"
wx.chaopengz.com:80 58.135.252.7 - - [21/Mar/2016:07:04:29 +0000] "POST /towechat/ HTTP/1.1" 500 60346 "-" "Apache-HttpClient/4.5.1 (Java/1.8.0_60)"
wx.chaopengz.com:80 58.135.252.7 - - [21/Mar/2016:07:04:29 +0000] "GET /towechat/name=zhang HTTP/1.1" 404 2536 "-" "Apache-HttpClient/4.5.1 (Java/1.8.0_60)"
wx.chaopengz.com:80 58.135.252.7 - - [21/Mar/2016:07:07:05 +0000] "POST /towechat/ HTTP/1.1" 500 61210 "-" "Apache-HttpClient/4.5.1 (Java/1.8.0_60)"
wx.chaopengz.com:80 58.135.252.7 - - [21/Mar/2016:07:07:06 +0000] "GET /towechat/name=zhang HTTP/1.1" 404 2536 "-" "Apache-HttpClient/4.5.1 (Java/1.8.0_60)"
wx.chaopengz.com:80 103.243.25.218 - - [21/Mar/2016:07:07:22 +0000] "POST /towechat/ HTTP/1.1" 200 302 "-" "Go-http-client/1.1"
wx.chaopengz.com:80 103.243.25.218 - - [21/Mar/2016:07:07:40 +0000] "POST /towechat/ HTTP/1.1" 200 299 "-" "Go-http-client/1.1"
wx.chaopengz.com:80 111.198.124.7 - - [21/Mar/2016:07:10:23 +0000] "POST /towechat/ HTTP/1.1" 200 305 "-" "Java/1.8.0_60"
wx.chaopengz.com:80 140.207.54.73 - - [21/Mar/2016:07:12:37 +0000] "POST /wechat/?signature=2fc16b5526b2ee1f0b7c18bf0f39f95f1d29f5d5&timestamp=1458544357&nonce=1510039943 HTTP/1.0" 500 49001 "-" "Mozilla/4.0"
wx.chaopengz.com:80 140.207.54.73 - - [21/Mar/2016:07:12:50 +0000] "POST /wechat/?signature=5853e41648d83c1453b99d0b47b7428221f515a6&timestamp=1458544370&nonce=244627590 HTTP/1.0" 200 773 "-" "Mozilla/4.0"
wx.chaopengz.com:80 58.135.252.7 - - [21/Mar/2016:07:13:23 +0000] "POST /towechat/ HTTP/1.1" 500 61048 "-" "Apache-HttpClient/4.5.1 (Java/1.8.0_60)"
wx.chaopengz.com:80 58.135.252.7 - - [21/Mar/2016:07:13:23 +0000] "GET /towechat/name=zhang HTTP/1.1" 404 2536 "-" "Apache-HttpClient/4.5.1 (Java/1.8.0_60)"
wx.chaopengz.com:80 111.198.124.7 - - [21/Mar/2016:07:14:32 +0000] "POST /towechat/ HTTP/1.1" 200 305 "-" "Java/1.8.0_60"
wx.chaopengz.com:80 111.198.124.7 - - [21/Mar/2016:07:14:55 +0000] "POST /towechat/ HTTP/1.1" 500 61049 "-" "Apache-HttpClient/4.5.1 (Java/1.8.0_60)"
wx.chaopengz.com:80 111.198.124.7 - - [21/Mar/2016:07:14:55 +0000] "GET /towechat/name=zhang HTTP/1.1" 404 2536 "-" "Apache-HttpClient/4.5.1 (Java/1.8.0_60)"
wx.chaopengz.com:80 60.207.237.2 - - [21/Mar/2016:07:15:56 +0000] "POST /towechat/ HTTP/1.1" 200 271 "-" "Python-urllib/2.7"
wx.chaopengz.com:80 111.198.124.7 - - [21/Mar/2016:07:27:40 +0000] "POST /towechat/ HTTP/1.1" 500 61049 "-" "Apache-HttpClient/4.5.1 (Java/1.8.0_60)"
wx.chaopengz.com:80 111.198.124.7 - - [21/Mar/2016:07:27:40 +0000] "GET /towechat/name=zhang HTTP/1.1" 404 2536 "-" "Apache-HttpClient/4.5.1 (Java/1.8.0_60)"
wx.chaopengz.com:80 111.198.124.7 - - [21/Mar/2016:07:28:26 +0000] "POST /towechat/ HTTP/1.1" 500 61049 "-" "Apache-HttpClient/4.5.1 (Java/1.8.0_60)"
wx.chaopengz.com:80 111.198.124.7 - - [21/Mar/2016:07:28:26 +0000] "GET /towechat/name=zhang HTTP/1.1" 404 2536 "-" "Apache-HttpClient/4.5.1 (Java/1.8.0_60)"
wx.chaopengz.com:80 218.246.76.4 - - [21/Mar/2016:07:30:10 +0000] "POST /towechat/ HTTP/1.1" 200 296 "-" "Apache-HttpClient/4.5.1 (Java/1.8.0_60)"
wx.chaopengz.com:80 218.246.76.4 - - [21/Mar/2016:07:30:11 +0000] "GET /towechat/name=zhang HTTP/1.1" 404 2536 "-" "Apache-HttpClient/4.5.1 (Java/1.8.0_60)"
wx.chaopengz.com:80 111.198.124.7 - - [21/Mar/2016:07:30:35 +0000] "POST /towechat/ HTTP/1.1" 200 302 "-" "Apache-HttpClient/4.5.1 (Java/1.8.0_60)"
wx.chaopengz.com:80 111.198.124.7 - - [21/Mar/2016:07:30:36 +0000] "GET /towechat/name=zhang HTTP/1.1" 404 2536 "-" "Apache-HttpClient/4.5.1 (Java/1.8.0_60)"
wx.chaopengz.com:80 60.207.237.2 - - [21/Mar/2016:07:47:57 +0000] "GET /phpmyadmin HTTP/1.1" 404 2507 "-" "Mozilla/5.0 (Windows NT 10.0; WOW64) AppleWebKit/537.36 (KHTML, like Gecko) Chrome/49.0.2623.87 Safari/537.36"
wx.chaopengz.com:80 60.207.237.2 - - [21/Mar/2016:07:47:58 +0000] "GET /favicon.ico HTTP/1.1" 404 2509 "http://wx.chaopengz.com/phpmyadmin" "Mozilla/5.0 (Windows NT 10.0; WOW64) AppleWebKit/537.36 (KHTML, like Gecko) Chrome/49.0.2623.87 Safari/537.36"
wx.chaopengz.com:80 60.207.237.2 - - [21/Mar/2016:07:48:02 +0000] "GET /phpmyadmin/ HTTP/1.1" 404 2509 "-" "Mozilla/5.0 (Windows NT 10.0; WOW64) AppleWebKit/537.36 (KHTML, like Gecko) Chrome/49.0.2623.87 Safari/537.36"
wx.chaopengz.com:80 60.207.237.2 - - [21/Mar/2016:07:55:39 +0000] "GET /wechat/ HTTP/1.1" 500 68504 "-" "Mozilla/5.0 (Windows NT 10.0; WOW64) AppleWebKit/537.36 (KHTML, like Gecko) Chrome/49.0.2623.87 Safari/537.36"
wx.chaopengz.com:80 60.207.237.2 - - [21/Mar/2016:07:56:10 +0000] "GET / HTTP/1.1" 200 341 "-" "Mozilla/5.0 (Windows NT 10.0; WOW64) AppleWebKit/537.36 (KHTML, like Gecko) Chrome/49.0.2623.87 Safari/537.36"
wx.chaopengz.com:80 58.247.206.148 - - [21/Mar/2016:07:56:27 +0000] "POST /wechat/?signature=4651de796327049afdd71e28f0e06e9a2fd0020e&timestamp=1458546987&nonce=421913971 HTTP/1.0" 200 773 "-" "Mozilla/4.0"
wx.chaopengz.com:80 60.207.237.2 - - [21/Mar/2016:07:56:58 +0000] "GET /wechat/ HTTP/1.1" 500 68504 "-" "Mozilla/5.0 (Windows NT 10.0; WOW64) AppleWebKit/537.36 (KHTML, like Gecko) Chrome/49.0.2623.87 Safari/537.36"
wx.chaopengz.com:80 60.207.237.2 - - [21/Mar/2016:07:57:19 +0000] "GET /wechat/ HTTP/1.1" 500 68504 "-" "Mozilla/5.0 (Windows NT 10.0; WOW64) AppleWebKit/537.36 (KHTML, like Gecko) Chrome/49.0.2623.87 Safari/537.36"
wx.chaopengz.com:80 103.243.25.218 - - [21/Mar/2016:07:58:15 +0000] "POST /wechat/ HTTP/1.1" 500 68371 "-" "Go-http-client/1.1"
wx.chaopengz.com:80 60.207.237.2 - - [21/Mar/2016:08:05:22 +0000] "POST /towechat/ HTTP/1.1" 200 271 "-" "Python-urllib/2.7"
wx.chaopengz.com:80 58.247.206.153 - - [21/Mar/2016:08:13:19 +0000] "POST /wechat/?signature=91e2fcca7422f062225fdcd7495218dd4c700832&timestamp=1458547998&nonce=259497563 HTTP/1.0" 200 773 "-" "Mozilla/4.0"
wx.chaopengz.com:80 58.247.206.158 - - [21/Mar/2016:08:18:18 +0000] "POST /wechat/?signature=58c0a7f8a41a13e2af08a7e135ccbb7174add327&timestamp=1458548298&nonce=1022836055 HTTP/1.0" 200 489 "-" "Mozilla/4.0"
wx.chaopengz.com:80 58.247.206.148 - - [21/Mar/2016:08:18:23 +0000] "POST /wechat/?signature=d15b3fe6a5c7adad6dd5904fad4a39890bb0f654&timestamp=1458548303&nonce=360669315 HTTP/1.0" 200 489 "-" "Mozilla/4.0"
wx.chaopengz.com:80 58.247.206.154 - - [21/Mar/2016:08:18:28 +0000] "POST /wechat/?signature=52e058df837b949246f23dfac698940dfd52cf49&timestamp=1458548308&nonce=1098264195 HTTP/1.0" 200 489 "-" "Mozilla/4.0"
wx.chaopengz.com:80 58.247.206.143 - - [21/Mar/2016:08:19:00 +0000] "POST /wechat/?signature=22a81aeb14eb395ffb9ff3bcf6adbbef2f49192a&timestamp=1458548340&nonce=1777770173 HTTP/1.0" 200 489 "-" "Mozilla/4.0"
wx.chaopengz.com:80 58.247.206.153 - - [21/Mar/2016:08:19:06 +0000] "POST /wechat/?signature=610be7f65b70d03e20d41f8de613b3c500e354cd&timestamp=1458548346&nonce=697358321 HTTP/1.0" 200 489 "-" "Mozilla/4.0"
wx.chaopengz.com:80 58.247.206.143 - - [21/Mar/2016:08:21:23 +0000] "POST /wechat/?signature=8cf1bc3d8ebc43da0849a650973907c81f66f888&timestamp=1458548483&nonce=1420075696 HTTP/1.0" 200 773 "-" "Mozilla/4.0"
wx.chaopengz.com:80 103.243.25.218 - - [21/Mar/2016:08:30:11 +0000] "POST /towechat/ HTTP/1.1" 200 299 "-" "Go-http-client/1.1"
wx.chaopengz.com:80 103.243.25.218 - - [21/Mar/2016:08:32:45 +0000] "POST /towechat/ HTTP/1.1" 200 299 "-" "Go-http-client/1.1"
wx.chaopengz.com:80 103.243.25.218 - - [21/Mar/2016:08:33:37 +0000] "POST /towechat/ HTTP/1.1" 200 299 "-" "Go-http-client/1.1"
wx.chaopengz.com:80 103.243.25.218 - - [21/Mar/2016:08:35:00 +0000] "POST /towechat/ HTTP/1.1" 200 299 "-" "Go-http-client/1.1"
wx.chaopengz.com:80 103.243.25.218 - - [21/Mar/2016:08:41:12 +0000] "POST /towechat/ HTTP/1.1" 200 299 "-" "Go-http-client/1.1"
wx.chaopengz.com:80 58.247.206.143 - - [21/Mar/2016:08:41:25 +0000] "POST /wechat/?signature=400b0d85f6ab822d9352b18d0fb6ab556f3a76c8&timestamp=1458549685&nonce=1036997927 HTTP/1.0" 200 489 "-" "Mozilla/4.0"
wx.chaopengz.com:80 103.243.25.218 - - [21/Mar/2016:08:44:14 +0000] "POST /towechat/ HTTP/1.1" 200 299 "-" "Go-http-client/1.1"
wx.chaopengz.com:80 103.243.25.218 - - [21/Mar/2016:08:44:48 +0000] "POST /towechat/ HTTP/1.1" 200 299 "-" "Go-http-client/1.1"
wx.chaopengz.com:80 58.247.206.143 - - [21/Mar/2016:08:45:10 +0000] "POST /wechat/?signature=93f5b81cb822a624ae0ee3a72f448eca0c74c5fb&timestamp=1458549910&nonce=1476411803 HTTP/1.0" 200 489 "-" "Mozilla/4.0"
wx.chaopengz.com:80 58.247.206.158 - - [21/Mar/2016:08:45:13 +0000] "POST /wechat/?signature=6bb15729558cd0beec2f6b6781303f04bea7717c&timestamp=1458549913&nonce=2007357598 HTTP/1.0" 200 489 "-" "Mozilla/4.0"
wx.chaopengz.com:80 140.207.54.73 - - [22/Mar/2016:06:32:35 +0000] "POST /wechat/?signature=e45e22bcae236ad683af352c1d299efbcea75efb&timestamp=1458628355&nonce=401304941 HTTP/1.0" 200 773 "-" "Mozilla/4.0"
wx.chaopengz.com:80 103.243.25.218 - - [22/Mar/2016:14:33:44 +0800] "POST /towechat/ HTTP/1.1" 404 448 "-" "Go-http-client/1.1"
wx.chaopengz.com:80 60.207.237.2 - - [22/Mar/2016:14:34:11 +0800] "GET / HTTP/1.1" 404 495 "-" "Mozilla/5.0 (Windows NT 10.0; WOW64) AppleWebKit/537.36 (KHTML, like Gecko) Chrome/49.0.2623.87 Safari/537.36"
wx.chaopengz.com:80 60.207.237.2 - - [22/Mar/2016:14:34:11 +0800] "GET /favicon.ico HTTP/1.1" 404 505 "http://wx.chaopengz.com/" "Mozilla/5.0 (Windows NT 10.0; WOW64) AppleWebKit/537.36 (KHTML, like Gecko) Chrome/49.0.2623.87 Safari/537.36"
wx.chaopengz.com:80 60.207.237.2 - - [22/Mar/2016:14:34:12 +0800] "GET /wechat/ HTTP/1.1" 404 501 "-" "Mozilla/5.0 (Windows NT 10.0; WOW64) AppleWebKit/537.36 (KHTML, like Gecko) Chrome/49.0.2623.87 Safari/537.36"
wx.chaopengz.com:80 60.207.237.2 - - [22/Mar/2016:06:34:18 +0000] "GET /towechat/ HTTP/1.1" 200 352 "-" "Mozilla/5.0 (Windows NT 10.0; WOW64) AppleWebKit/537.36 (KHTML, like Gecko) Chrome/49.0.2623.87 Safari/537.36"
wx.chaopengz.com:80 60.207.237.2 - - [22/Mar/2016:06:35:28 +0000] "GET /towechat/ HTTP/1.1" 200 352 "-" "Mozilla/5.0 (Windows NT 10.0; WOW64) AppleWebKit/537.36 (KHTML, like Gecko) Chrome/49.0.2623.87 Safari/537.36"
wx.chaopengz.com:80 140.207.54.73 - - [22/Mar/2016:06:36:12 +0000] "POST /wechat/?signature=b4e140773ac5cd80a21313823e8411df2b390ee1&timestamp=1458628571&nonce=859992854 HTTP/1.0" 200 489 "-" "Mozilla/4.0"
wx.chaopengz.com:80 140.207.54.73 - - [22/Mar/2016:06:36:20 +0000] "POST /wechat/?signature=2c4bd23978c5e83a051f6317e10f324334d75126&timestamp=1458628580&nonce=92651572 HTTP/1.0" 200 489 "-" "Mozilla/4.0"
wx.chaopengz.com:80 58.247.206.148 - - [23/Mar/2016:02:45:17 +0000] "POST /wechat/?signature=552af322e60df9696d342cd2806fc1606ec34066&timestamp=1458701117&nonce=623920472 HTTP/1.0" 404 465 "-" "Mozilla/4.0"
wx.chaopengz.com:80 58.247.206.153 - - [23/Mar/2016:02:45:26 +0000] "POST /wechat/?signature=5c2e20697147aea7d3f4c8e0ec06c438442ecd15&timestamp=1458701125&nonce=1522626218 HTTP/1.0" 404 465 "-" "Mozilla/4.0"
wx.chaopengz.com:80 58.247.206.143 - - [23/Mar/2016:02:45:35 +0000] "POST /wechat/?signature=7066a6bb0ea87abc7002193a4bd32a9e74b21b17&timestamp=1458701135&nonce=843518853 HTTP/1.0" 200 489 "-" "Mozilla/4.0"
wx.chaopengz.com:80 58.247.206.158 - - [23/Mar/2016:10:45:42 +0800] "POST /wechat/?signature=9afa75e3d6252f4772b263407c595022e712d898&timestamp=1458701142&nonce=1192176288 HTTP/1.0" 404 465 "-" "Mozilla/4.0"
wx.chaopengz.com:80 58.247.206.153 - - [23/Mar/2016:02:46:16 +0000] "POST /wechat/?signature=efc9eb680c2e9d32f105e22072bdf99d00e105ae&timestamp=1458701176&nonce=1253367405 HTTP/1.0" 404 465 "-" "Mozilla/4.0"
wx.chaopengz.com:80 58.247.206.158 - - [23/Mar/2016:10:46:24 +0800] "POST /wechat/?signature=25025fb15e45b3d31cc1fc28b634c89cb2fbbd45&timestamp=1458701184&nonce=437247904 HTTP/1.0" 404 465 "-" "Mozilla/4.0"
wx.chaopengz.com:80 58.247.206.143 - - [23/Mar/2016:02:46:29 +0000] "POST /wechat/?signature=6a5d5268f562fa937f16c5ea89ae8e471a812a36&timestamp=1458701189&nonce=139806283 HTTP/1.0" 404 465 "-" "Mozilla/4.0"
wx.chaopengz.com:80 58.247.206.143 - - [23/Mar/2016:10:46:32 +0800] "POST /wechat/?signature=c14c789ef2babe3040d5bc0fc3ee925303b7317e&timestamp=1458701192&nonce=132881082 HTTP/1.0" 404 465 "-" "Mozilla/4.0"
